   1              	# 1 "vector123.S"
   1              	.syntax unified
   0              	
   0              	
   2              	.thumb
   3              	.macro redq a, tmp, q
   4              	    add     \tmp, \a,  #4194304
   5              	    asrs    \tmp, \tmp, #23
   6              	    mls     \a, \tmp, \q, \a
   7              	.endm
   8              	
   9              	// void asm_reduce32(int32_t a[N]);
  10              	.global pqcrystals_dilithium_asm_reduce32
  12              	.align 2
  13              	pqcrystals_dilithium_asm_reduce32:
  14:vector123.S   ****     push {r4-r10}
  15              	
  16:vector123.S   ****     movw r12,#:lower16:8380417
  17:vector123.S   ****     movt r12,#:upper16:8380417
  18:vector123.S   ****     movw r10, #32
  19              	    1:
  20:vector123.S   ****         ldr.w r1, [r0]
  21:vector123.S   ****         ldr.w r2, [r0, #1*4]
  22:vector123.S   ****         ldr.w r3, [r0, #2*4]
  23:vector123.S   ****         ldr.w r4, [r0, #3*4]
  24:vector123.S   ****         ldr.w r5, [r0, #4*4]
  25:vector123.S   ****         ldr.w r6, [r0, #5*4]
  26:vector123.S   ****         ldr.w r7, [r0, #6*4]
  27:vector123.S   ****         ldr.w r8, [r0, #7*4]
  28              	
  29:vector123.S   ****         redq r1, r9, r12
  30:vector123.S   ****         redq r2, r9, r12
  31:vector123.S   ****         redq r3, r9, r12
  32:vector123.S   ****         redq r4, r9, r12
  33:vector123.S   ****         redq r5, r9, r12
  34:vector123.S   ****         redq r6, r9, r12
  35:vector123.S   ****         redq r7, r9, r12
  36:vector123.S   ****         redq r8, r9, r12
  37              	
  38:vector123.S   ****         str.w r2, [r0, #1*4]
  39:vector123.S   ****         str.w r3, [r0, #2*4]
  40:vector123.S   ****         str.w r4, [r0, #3*4]
  41:vector123.S   ****         str.w r5, [r0, #4*4]
  42:vector123.S   ****         str.w r6, [r0, #5*4]
  43:vector123.S   ****         str.w r7, [r0, #6*4]
  44:vector123.S   ****         str.w r8, [r0, #7*4]
  45:vector123.S   ****         str r1, [r0], #8*4
  46:vector123.S   ****         subs r10, #1
  47:vector123.S   ****         bne.w 1b
  48              	
  49:vector123.S   ****     pop {r4-r10}
  50:vector123.S   ****     bx lr
  52              	
  53              	.macro barrett_32 a, Qbar, Q, tmp
  54              	    smmulr.w \tmp, \a, \Qbar
  55              	    mls.w \a, \tmp, \Q, \a
  56              	.endm
  57              	
  58              	// INPUT: target (signed), KYBER_Q (signed)
  59              	// OUTPUT: target adjusted to be between -KYBER_Q/2 and KYBER_Q/2
  60              	.macro central_reduce target, Q
  61              	  cmp \target, \Q, lsr #1
  62              	  it hi
  63              	  subhi \target, \Q
  64              	  cmn \target, \Q, lsr #1
  65              	  it lt
  66              	  addlt \target, \Q
  67              	.endm
  68              	
  69              	// void asm_reduce32(int32_t a[N]);
  70              	.global pqcrystals_dilithium_small_asm_reduce32_central
  72 00be 00BF     	.align 2
  73              	pqcrystals_dilithium_small_asm_reduce32_central:
  74:vector123.S   ****     push {r4-r12, lr}
  75              	
  76              	
  77:vector123.S   ****     movw r9, #:lower16:5585133
  78:vector123.S   ****     movt r9, #:upper16:5585133
  79:vector123.S   ****     mov.w r10,#769
  80              	
  81:vector123.S   ****     movw r12, #32
  82              	    1:
  83:vector123.S   ****         ldr.w r1, [r0]
  84:vector123.S   ****         ldr.w r2, [r0, #1*4]
  85:vector123.S   ****         ldr.w r3, [r0, #2*4]
  86:vector123.S   ****         ldr.w r4, [r0, #3*4]
  87:vector123.S   ****         ldr.w r5, [r0, #4*4]
  88:vector123.S   ****         ldr.w r6, [r0, #5*4]
  89:vector123.S   ****         ldr.w r7, [r0, #6*4]
  90:vector123.S   ****         ldr.w r8, [r0, #7*4]
  91              	
  92:vector123.S   ****         barrett_32 r1, r9, r10, r11
  93:vector123.S   ****         barrett_32 r2, r9, r10, r11
  94:vector123.S   ****         barrett_32 r3, r9, r10, r11
  95:vector123.S   ****         barrett_32 r4, r9, r10, r11
  96:vector123.S   ****         barrett_32 r5, r9, r10, r11
  97:vector123.S   ****         barrett_32 r6, r9, r10, r11
  98:vector123.S   ****         barrett_32 r7, r9, r10, r11
  99:vector123.S   ****         barrett_32 r8, r9, r10, r11
 100              	
 101              	
 102:vector123.S   ****         str.w r2, [r0, #1*4]
 103:vector123.S   ****         str.w r3, [r0, #2*4]
 104:vector123.S   ****         str.w r4, [r0, #3*4]
 105:vector123.S   ****         str.w r5, [r0, #4*4]
 106:vector123.S   ****         str.w r6, [r0, #5*4]
 107:vector123.S   ****         str.w r7, [r0, #6*4]
 108:vector123.S   ****         str.w r8, [r0, #7*4]
 109:vector123.S   ****         str r1, [r0], #8*4
 110:vector123.S   ****         subs r12, #1
 111:vector123.S   ****         bne.w 1b
 112              	
 113:vector123.S   ****     pop {r4-r12, pc}
 114              	
 116              	
 117              	.macro caddq a, tmp, q
 118              	    and     \tmp, \q, \a, asr #31
 119              	    add     \a, \a, \tmp
 120              	.endm
 121              	
 122              	.macro freezeq a, tmp, q
 123              	    redq \a, \tmp, \q
 124              	    caddq \a, \tmp, \q
 125              	.endm
 126              	
 127              	// void asm_caddq(int32_t a[N]);
 128              	.global pqcrystals_dilithium_asm_caddq
 130              	.align 2
 131              	pqcrystals_dilithium_asm_caddq:
 132:vector123.S   ****     push {r4-r10}
 133              	
 134:vector123.S   ****     movw r12,#:lower16:8380417
 135:vector123.S   ****     movt r12,#:upper16:8380417
 136              	
 137:vector123.S   ****     movw r10, #32
 138              	    1:
 139:vector123.S   ****         ldr.w r1, [r0]
 140:vector123.S   ****         ldr.w r2, [r0, #1*4]
 141:vector123.S   ****         ldr.w r3, [r0, #2*4]
 142:vector123.S   ****         ldr.w r4, [r0, #3*4]
 143:vector123.S   ****         ldr.w r5, [r0, #4*4]
 144:vector123.S   ****         ldr.w r6, [r0, #5*4]
 145:vector123.S   ****         ldr.w r7, [r0, #6*4]
 146:vector123.S   ****         ldr.w r8, [r0, #7*4]
 147              	
 148:vector123.S   ****         caddq r1, r9, r12
 149:vector123.S   ****         caddq r2, r9, r12
 150:vector123.S   ****         caddq r3, r9, r12
 151:vector123.S   ****         caddq r4, r9, r12
 152:vector123.S   ****         caddq r5, r9, r12
 153:vector123.S   ****         caddq r6, r9, r12
 154:vector123.S   ****         caddq r7, r9, r12
 155:vector123.S   ****         caddq r8, r9, r12
 156              	
 157:vector123.S   ****         str.w r2, [r0, #1*4]
 158:vector123.S   ****         str.w r3, [r0, #2*4]
 159:vector123.S   ****         str.w r4, [r0, #3*4]
 160:vector123.S   ****         str.w r5, [r0, #4*4]
 161:vector123.S   ****         str.w r6, [r0, #5*4]
 162:vector123.S   ****         str.w r7, [r0, #6*4]
 163:vector123.S   ****         str.w r8, [r0, #7*4]
 164:vector123.S   ****         str r1, [r0], #8*4
 165:vector123.S   ****         subs r10, #1
 166:vector123.S   ****         bne.w 1b
 167              	
 168:vector123.S   ****     pop {r4-r10}
 169:vector123.S   ****     bx lr
 171              	
 172              	
 173              	// asm_rej_uniform(int32_t *a,unsigned int len,const unsigned char *buf, unsigned int buflen);
 174              	.global pqcrystals_dilithium_asm_rej_uniform
 176 01ee 00BF     	.align 2
 177              	pqcrystals_dilithium_asm_rej_uniform:
 178:vector123.S   ****     push.w {r4-r6}
 179:vector123.S   ****     push.w {r1}
 180              	    // Store Q-1 in r12.
 181:vector123.S   ****     movw r12,#:lower16:8380416
 182:vector123.S   ****     movt r12,#:upper16:8380416
 183              	
 184:vector123.S   ****     add.w r6, r0, r1, lsl #2
 185:vector123.S   ****     add.w r3, r2, r3
 186:vector123.S   ****     sub.w r3, r3, #2
 187              	
 188              	1:
 189              	    // If there are less than 3 bytes available, return.
 190:vector123.S   ****     cmp.w r3, r2
 191:vector123.S   ****     ble.w end
 192              	
 193:vector123.S   ****     ldr r5, [r2], #3
 194:vector123.S   ****     ubfx r5, r5, #0, #23
 195              	
 196:vector123.S   ****     cmp.n r5, r12
 197:vector123.S   ****     it le
 198:vector123.S   ****     strle r5, [r0], #4
 199              	
 200:vector123.S   ****     cmp.n r0, r6
 201:vector123.S   ****     bne.n 1b
 202              	
 203              	end:
 204:vector123.S   ****     pop.w {r5}
 205              	
 206:vector123.S   ****     sub.w r0, r6, r0
 207:vector123.S   ****     sub.w r0, r5, r0, lsr #2
 208:vector123.S   ****     pop.w {r4-r6}
 209:vector123.S   ****     bx lr
DEFINED SYMBOLS
         vector123.S:13     .text:00000000 pqcrystals_dilithium_asm_reduce32
         vector123.S:12     .text:00000000 $t
         vector123.S:73     .text:000000c0 pqcrystals_dilithium_small_asm_reduce32_central
         vector123.S:131    .text:00000160 pqcrystals_dilithium_asm_caddq
         vector123.S:177    .text:000001f0 pqcrystals_dilithium_asm_rej_uniform
         vector123.S:203    .text:00000228 end

NO UNDEFINED SYMBOLS
