Archive member included to satisfy reference by file (symbol)

d:/cw_software/chipwhisperer5_64/cw/home/portable/armgcc/bin/../lib/gcc/arm-none-eabi/10.2.1/../../../../arm-none-eabi/lib/thumb/v7e-m/nofp\libg.a(lib_a-calloc.o)
                              objdir-CW308_STM32F4/PQCgenKAT_sign.o (calloc)
d:/cw_software/chipwhisperer5_64/cw/home/portable/armgcc/bin/../lib/gcc/arm-none-eabi/10.2.1/../../../../arm-none-eabi/lib/thumb/v7e-m/nofp\libg.a(lib_a-callocr.o)
                              d:/cw_software/chipwhisperer5_64/cw/home/portable/armgcc/bin/../lib/gcc/arm-none-eabi/10.2.1/../../../../arm-none-eabi/lib/thumb/v7e-m/nofp\libg.a(lib_a-calloc.o) (_calloc_r)
d:/cw_software/chipwhisperer5_64/cw/home/portable/armgcc/bin/../lib/gcc/arm-none-eabi/10.2.1/../../../../arm-none-eabi/lib/thumb/v7e-m/nofp\libg.a(lib_a-ctype_.o)
                              objdir-CW308_STM32F4/PQCgenKAT_sign.o (_ctype_)
d:/cw_software/chipwhisperer5_64/cw/home/portable/armgcc/bin/../lib/gcc/arm-none-eabi/10.2.1/../../../../arm-none-eabi/lib/thumb/v7e-m/nofp\libg.a(lib_a-errno.o)
                              objdir-CW308_STM32F4/stm32f4_sysmem.o (__errno)
d:/cw_software/chipwhisperer5_64/cw/home/portable/armgcc/bin/../lib/gcc/arm-none-eabi/10.2.1/../../../../arm-none-eabi/lib/thumb/v7e-m/nofp\libg.a(lib_a-exit.o)
                              d:/cw_software/chipwhisperer5_64/cw/home/portable/armgcc/bin/../lib/gcc/arm-none-eabi/10.2.1/../../../../arm-none-eabi/lib/thumb/v7e-m/nofp/crt0.o (exit)
d:/cw_software/chipwhisperer5_64/cw/home/portable/armgcc/bin/../lib/gcc/arm-none-eabi/10.2.1/../../../../arm-none-eabi/lib/thumb/v7e-m/nofp\libg.a(lib_a-fgetc.o)
                              objdir-CW308_STM32F4/PQCgenKAT_sign.o (fgetc)
d:/cw_software/chipwhisperer5_64/cw/home/portable/armgcc/bin/../lib/gcc/arm-none-eabi/10.2.1/../../../../arm-none-eabi/lib/thumb/v7e-m/nofp\libg.a(lib_a-findfp.o)
                              d:/cw_software/chipwhisperer5_64/cw/home/portable/armgcc/bin/../lib/gcc/arm-none-eabi/10.2.1/../../../../arm-none-eabi/lib/thumb/v7e-m/nofp\libg.a(lib_a-fgetc.o) (__sinit)
d:/cw_software/chipwhisperer5_64/cw/home/portable/armgcc/bin/../lib/gcc/arm-none-eabi/10.2.1/../../../../arm-none-eabi/lib/thumb/v7e-m/nofp\libg.a(lib_a-fwalk.o)
                              d:/cw_software/chipwhisperer5_64/cw/home/portable/armgcc/bin/../lib/gcc/arm-none-eabi/10.2.1/../../../../arm-none-eabi/lib/thumb/v7e-m/nofp\libg.a(lib_a-findfp.o) (_fwalk)
d:/cw_software/chipwhisperer5_64/cw/home/portable/armgcc/bin/../lib/gcc/arm-none-eabi/10.2.1/../../../../arm-none-eabi/lib/thumb/v7e-m/nofp\libg.a(lib_a-impure.o)
                              d:/cw_software/chipwhisperer5_64/cw/home/portable/armgcc/bin/../lib/gcc/arm-none-eabi/10.2.1/../../../../arm-none-eabi/lib/thumb/v7e-m/nofp\libg.a(lib_a-exit.o) (_global_impure_ptr)
d:/cw_software/chipwhisperer5_64/cw/home/portable/armgcc/bin/../lib/gcc/arm-none-eabi/10.2.1/../../../../arm-none-eabi/lib/thumb/v7e-m/nofp\libg.a(lib_a-init.o)
                              d:/cw_software/chipwhisperer5_64/cw/home/portable/armgcc/bin/../lib/gcc/arm-none-eabi/10.2.1/../../../../arm-none-eabi/lib/thumb/v7e-m/nofp/crt0.o (__libc_init_array)
d:/cw_software/chipwhisperer5_64/cw/home/portable/armgcc/bin/../lib/gcc/arm-none-eabi/10.2.1/../../../../arm-none-eabi/lib/thumb/v7e-m/nofp\libg.a(lib_a-lock.o)
                              d:/cw_software/chipwhisperer5_64/cw/home/portable/armgcc/bin/../lib/gcc/arm-none-eabi/10.2.1/../../../../arm-none-eabi/lib/thumb/v7e-m/nofp\libg.a(lib_a-findfp.o) (__retarget_lock_init_recursive)
d:/cw_software/chipwhisperer5_64/cw/home/portable/armgcc/bin/../lib/gcc/arm-none-eabi/10.2.1/../../../../arm-none-eabi/lib/thumb/v7e-m/nofp\libg.a(lib_a-malloc.o)
                              objdir-CW308_STM32F4/aes.o (malloc)
d:/cw_software/chipwhisperer5_64/cw/home/portable/armgcc/bin/../lib/gcc/arm-none-eabi/10.2.1/../../../../arm-none-eabi/lib/thumb/v7e-m/nofp\libg.a(lib_a-mallocr.o)
                              d:/cw_software/chipwhisperer5_64/cw/home/portable/armgcc/bin/../lib/gcc/arm-none-eabi/10.2.1/../../../../arm-none-eabi/lib/thumb/v7e-m/nofp\libg.a(lib_a-callocr.o) (_malloc_r)
d:/cw_software/chipwhisperer5_64/cw/home/portable/armgcc/bin/../lib/gcc/arm-none-eabi/10.2.1/../../../../arm-none-eabi/lib/thumb/v7e-m/nofp\libg.a(lib_a-memcmp.o)
                              objdir-CW308_STM32F4/PQCgenKAT_sign.o (memcmp)
d:/cw_software/chipwhisperer5_64/cw/home/portable/armgcc/bin/../lib/gcc/arm-none-eabi/10.2.1/../../../../arm-none-eabi/lib/thumb/v7e-m/nofp\libg.a(lib_a-memcpy.o)
                              objdir-CW308_STM32F4/PQCgenKAT_sign.o (memcpy)
d:/cw_software/chipwhisperer5_64/cw/home/portable/armgcc/bin/../lib/gcc/arm-none-eabi/10.2.1/../../../../arm-none-eabi/lib/thumb/v7e-m/nofp\libg.a(lib_a-memmove.o)
                              objdir-CW308_STM32F4/PQCgenKAT_sign.o (memmove)
[...]
Memory Configuration

Name             Origin             Length             Attributes
RAM              0x10000000         0x00030000         xrw
ROM              0x08000000         0x00100000         xr
*default*        0x00000000         0xffffffff

Linker script and memory map

LOAD d:/cw_software/chipwhisperer5_64/cw/home/portable/armgcc/bin/../lib/gcc/arm-none-eabi/10.2.1/thumb/v7e-m/nofp/crti.o
LOAD d:/cw_software/chipwhisperer5_64/cw/home/portable/armgcc/bin/../lib/gcc/arm-none-eabi/10.2.1/thumb/v7e-m/nofp/crtbegin.o
LOAD d:/cw_software/chipwhisperer5_64/cw/home/portable/armgcc/bin/../lib/gcc/arm-none-eabi/10.2.1/../../../../arm-none-eabi/lib/thumb/v7e-m/nofp/crt0.o
LOAD objdir-CW308_STM32F4/PQCgenKAT_sign.o
LOAD objdir-CW308_STM32F4/sign.o
LOAD objdir-CW308_STM32F4/packing.o
LOAD objdir-CW308_STM32F4/poly.o
LOAD objdir-CW308_STM32F4/polyvec.o
LOAD objdir-CW308_STM32F4/rounding.o
LOAD objdir-CW308_STM32F4/symmetric-shake.o
LOAD objdir-CW308_STM32F4/aes.o
LOAD objdir-CW308_STM32F4/fips202.o
LOAD objdir-CW308_STM32F4/nistseedexpander.o
LOAD objdir-CW308_STM32F4/sha2.o
LOAD objdir-CW308_STM32F4/sp800-185.o
LOAD objdir-CW308_STM32F4/reduce.o
LOAD objdir-CW308_STM32F4/ntt.o
LOAD objdir-CW308_STM32F4/simpleserial.o
LOAD objdir-CW308_STM32F4/stm32f4_hal.o
LOAD objdir-CW308_STM32F4/stm32f4_hal_lowlevel.o
LOAD objdir-CW308_STM32F4/stm32f4_sysmem.o
LOAD objdir-CW308_STM32F4/stm32f4xx_hal_rng.o
LOAD objdir-CW308_STM32F4/aes-independant.o
LOAD objdir-CW308_STM32F4/stm32f4_startup.o
LOAD d:/cw_software/chipwhisperer5_64/cw/home/portable/armgcc/bin/../lib/gcc/arm-none-eabi/10.2.1/../../../../arm-none-eabi/lib/thumb/v7e-m/nofp\libm.a
LOAD d:/cw_software/chipwhisperer5_64/cw/home/portable/armgcc/bin/../lib/gcc/arm-none-eabi/10.2.1/../../../../arm-none-eabi/lib/thumb/v7e-m/nofp\libm.a
START GROUP
LOAD d:/cw_software/chipwhisperer5_64/cw/home/portable/armgcc/bin/../lib/gcc/arm-none-eabi/10.2.1/thumb/v7e-m/nofp\libgcc.a
LOAD d:/cw_software/chipwhisperer5_64/cw/home/portable/armgcc/bin/../lib/gcc/arm-none-eabi/10.2.1/../../../../arm-none-eabi/lib/thumb/v7e-m/nofp\libg.a
LOAD d:/cw_software/chipwhisperer5_64/cw/home/portable/armgcc/bin/../lib/gcc/arm-none-eabi/10.2.1/../../../../arm-none-eabi/lib/thumb/v7e-m/nofp\libc.a
END GROUP
START GROUP
LOAD d:/cw_software/chipwhisperer5_64/cw/home/portable/armgcc/bin/../lib/gcc/arm-none-eabi/10.2.1/thumb/v7e-m/nofp\libgcc.a
LOAD d:/cw_software/chipwhisperer5_64/cw/home/portable/armgcc/bin/../lib/gcc/arm-none-eabi/10.2.1/../../../../arm-none-eabi/lib/thumb/v7e-m/nofp\libc.a
LOAD d:/cw_software/chipwhisperer5_64/cw/home/portable/armgcc/bin/../lib/gcc/arm-none-eabi/10.2.1/../../../../arm-none-eabi/lib/thumb/v7e-m/nofp\libnosys.a
END GROUP
LOAD d:/cw_software/chipwhisperer5_64/cw/home/portable/armgcc/bin/../lib/gcc/arm-none-eabi/10.2.1/thumb/v7e-m/nofp/crtend.o
LOAD d:/cw_software/chipwhisperer5_64/cw/home/portable/armgcc/bin/../lib/gcc/arm-none-eabi/10.2.1/thumb/v7e-m/nofp/crtn.o
                0x20020000                _estack = 0x20020000
                0x00000000                _Min_Heap_Size = 0x0
                0x00000400                _Min_Stack_Size = 0x400

.isr_vector     0x08000000      0x188
                0x08000000                . = ALIGN (0x4)
 *(.isr_vector)
 .isr_vector    0x08000000      0x188 objdir-CW308_STM32F4/stm32f4_startup.o
                0x08000000                g_pfnVectors
                0x08000188                . = ALIGN (0x4)

.text           0x080001c0     0xab48
                0x080001c0                . = ALIGN (0x4)
 *(.text)
 .text          0x080001c0       0x40 d:/cw_software/chipwhisperer5_64/cw/home/portable/armgcc/bin/../lib/gcc/arm-none-eabi/10.2.1/thumb/v7e-m/nofp/crtbegin.o
 .text          0x08000200      0x134 d:/cw_software/chipwhisperer5_64/cw/home/portable/armgcc/bin/../lib/gcc/arm-none-eabi/10.2.1/../../../../arm-none-eabi/lib/thumb/v7e-m/nofp\libg.a(lib_a-memcpy.o)
                0x08000200                memcpy
 *fill*         0x08000334        0xc 
 .text          0x08000340       0xdc d:/cw_software/chipwhisperer5_64/cw/home/portable/armgcc/bin/../lib/gcc/arm-none-eabi/10.2.1/../../../../arm-none-eabi/lib/thumb/v7e-m/nofp\libg.a(lib_a-strlen.o)
                0x08000340                strlen
 *fill*         0x0800041c        0x4 
 .text          0x08000420       0xa0 d:/cw_software/chipwhisperer5_64/cw/home/portable/armgcc/bin/../lib/gcc/arm-none-eabi/10.2.1/../../../../arm-none-eabi/lib/thumb/v7e-m/nofp\libg.a(lib_a-memchr.o)
                0x08000420                memchr
 .text          0x080004c0      0x378 d:/cw_software/chipwhisperer5_64/cw/home/portable/armgcc/bin/../lib/gcc/arm-none-eabi/10.2.1/thumb/v7e-m/nofp\libgcc.a(_arm_addsubdf3.o)
                0x080004c0                __aeabi_drsub
                0x080004c8                __aeabi_dsub
                0x080004c8                __subdf3
                0x080004cc                __aeabi_dadd
                0x080004cc                __adddf3
                0x08000744                __floatunsidf
                0x08000744                __aeabi_ui2d
                0x08000764                __floatsidf
                0x08000764                __aeabi_i2d
                0x08000788                __aeabi_f2d
                0x08000788                __extendsfdf2
                0x080007cc                __floatundidf
                0x080007cc                __aeabi_ul2d
                0x080007dc                __floatdidf
                0x080007dc                __aeabi_l2d
 .text          0x08000838      0x424 d:/cw_software/chipwhisperer5_64/cw/home/portable/armgcc/bin/../lib/gcc/arm-none-eabi/10.2.1/thumb/v7e-m/nofp\libgcc.a(_arm_muldivdf3.o)
                0x08000838                __aeabi_dmul
                0x08000838                __muldf3
                0x08000a8c                __divdf3
                0x08000a8c                __aeabi_ddiv
 .text          0x08000c5c      0x110 d:/cw_software/chipwhisperer5_64/cw/home/portable/armgcc/bin/../lib/gcc/arm-none-eabi/10.2.1/thumb/v7e-m/nofp\libgcc.a(_arm_cmpdf2.o)
                0x08000c5c                __gtdf2
                0x08000c5c                __gedf2
                0x08000c64                __ltdf2
                0x08000c64                __ledf2
                0x08000c6c                __nedf2
                0x08000c6c                __eqdf2
                0x08000c6c                __cmpdf2
                0x08000ce8                __aeabi_cdrcmple
                0x08000cf8                __aeabi_cdcmpeq
                0x08000cf8                __aeabi_cdcmple
                0x08000d08                __aeabi_dcmpeq
                0x08000d1c                __aeabi_dcmplt
                0x08000d30                __aeabi_dcmple
                0x08000d44                __aeabi_dcmpge
                0x08000d58                __aeabi_dcmpgt
 .text          0x08000d6c       0x2c d:/cw_software/chipwhisperer5_64/cw/home/portable/armgcc/bin/../lib/gcc/arm-none-eabi/10.2.1/thumb/v7e-m/nofp\libgcc.a(_arm_unorddf2.o)
                0x08000d6c                __unorddf2
                0x08000d6c                __aeabi_dcmpun
 .text          0x08000d98       0x50 d:/cw_software/chipwhisperer5_64/cw/home/portable/armgcc/bin/../lib/gcc/arm-none-eabi/10.2.1/thumb/v7e-m/nofp\libgcc.a(_arm_fixdfsi.o)
                0x08000d98                __aeabi_d2iz
                0x08000d98                __fixdfsi
 .text          0x08000de8       0x30 d:/cw_software/chipwhisperer5_64/cw/home/portable/armgcc/bin/../lib/gcc/arm-none-eabi/10.2.1/thumb/v7e-m/nofp\libgcc.a(_aeabi_uldivmod.o)
                0x08000de8                __aeabi_uldivmod
 .text          0x08000e18      0x2d0 d:/cw_software/chipwhisperer5_64/cw/home/portable/armgcc/bin/../lib/gcc/arm-none-eabi/10.2.1/thumb/v7e-m/nofp\libgcc.a(_udivmoddi4.o)
                0x08000e18                __udivmoddi4
 .text          0x080010e8        0x4 d:/cw_software/chipwhisperer5_64/cw/home/portable/armgcc/bin/../lib/gcc/arm-none-eabi/10.2.1/thumb/v7e-m/nofp\libgcc.a(_dvmd_tls.o)
                0x080010e8                __aeabi_idiv0
                0x080010e8                __aeabi_ldiv0
 *(.text*)
 .text.smbuf_chunk_1
                0x080010ec       0x14 objdir-CW308_STM32F4/PQCgenKAT_sign.o
                0x080010ec                smbuf_chunk_1
 .text.smbuf_chunk_2
                0x08001100       0x14 objdir-CW308_STM32F4/PQCgenKAT_sign.o
                0x08001100                smbuf_chunk_2
 .text.smbuf_chunk_3
                0x08001114       0x14 objdir-CW308_STM32F4/PQCgenKAT_sign.o
                0x08001114                smbuf_chunk_3
 .text.smbuf_chunk_4
                0x08001128       0x14 objdir-CW308_STM32F4/PQCgenKAT_sign.o
                0x08001128                smbuf_chunk_4
 .text.smbuf_chunk_5
                0x0800113c       0x14 objdir-CW308_STM32F4/PQCgenKAT_sign.o
                0x0800113c                smbuf_chunk_5
 .text.smbuf_chunk_6
                0x08001150       0x14 objdir-CW308_STM32F4/PQCgenKAT_sign.o
                0x08001150                smbuf_chunk_6
 .text.smbuf_chunk_7
                0x08001164       0x14 objdir-CW308_STM32F4/PQCgenKAT_sign.o
                0x08001164                smbuf_chunk_7
 .text.smbuf_chunk_8
                0x08001178       0x14 objdir-CW308_STM32F4/PQCgenKAT_sign.o
                0x08001178                smbuf_chunk_8
 .text.smbuf_chunk_9
                0x0800118c       0x14 objdir-CW308_STM32F4/PQCgenKAT_sign.o
                0x0800118c                smbuf_chunk_9
 .text.smbuf_chunk_10
                0x080011a0       0x14 objdir-CW308_STM32F4/PQCgenKAT_sign.o
                0x080011a0                smbuf_chunk_10
 .text.smbuf_chunk_11
                0x080011b4       0x14 objdir-CW308_STM32F4/PQCgenKAT_sign.o
                0x080011b4                smbuf_chunk_11
 .text.smbuf_chunk_12
                0x080011c8       0x14 objdir-CW308_STM32F4/PQCgenKAT_sign.o
                0x080011c8                smbuf_chunk_12
 .text.smbuf_chunk_13
                0x080011dc       0x14 objdir-CW308_STM32F4/PQCgenKAT_sign.o
                0x080011dc                smbuf_chunk_13
 .text.smbuf_chunk_14
                0x080011f0       0x14 objdir-CW308_STM32F4/PQCgenKAT_sign.o
                0x080011f0                smbuf_chunk_14
 .text.dilithium1
                0x08001204      0x178 objdir-CW308_STM32F4/PQCgenKAT_sign.o
                0x08001204                dilithium1
 .text.startup.main
                0x0800137c      0x128 objdir-CW308_STM32F4/PQCgenKAT_sign.o
                0x0800137c                main
 .text.PQCLEAN_DILITHIUM2_CLEAN_crypto_sign_keypair
                0x080014a4      0x15c objdir-CW308_STM32F4/sign.o
                0x080014a4                PQCLEAN_DILITHIUM2_CLEAN_crypto_sign_keypair
 .text.PQCLEAN_DILITHIUM2_CLEAN_crypto_sign_signature
                0x08001600      0x2c8 objdir-CW308_STM32F4/sign.o
                0x08001600                PQCLEAN_DILITHIUM2_CLEAN_crypto_sign_signature
 .text.PQCLEAN_DILITHIUM2_CLEAN_crypto_sign
                0x080018c8       0x3c objdir-CW308_STM32F4/sign.o
                0x080018c8                PQCLEAN_DILITHIUM2_CLEAN_crypto_sign
 .text.PQCLEAN_DILITHIUM2_CLEAN_crypto_sign_verify
                0x08001904      0x1a0 objdir-CW308_STM32F4/sign.o
                0x08001904                PQCLEAN_DILITHIUM2_CLEAN_crypto_sign_verify
 .text.PQCLEAN_DILITHIUM2_CLEAN_crypto_sign_open
                0x08001aa4       0x5e objdir-CW308_STM32F4/sign.o
                0x08001aa4                PQCLEAN_DILITHIUM2_CLEAN_crypto_sign_open
 .text.PQCLEAN_DILITHIUM2_CLEAN_pack_pk
                0x08001b02       0x36 objdir-CW308_STM32F4/packing.o
                0x08001b02                PQCLEAN_DILITHIUM2_CLEAN_pack_pk
 .text.PQCLEAN_DILITHIUM2_CLEAN_unpack_pk
                0x08001b38       0x36 objdir-CW308_STM32F4/packing.o
                0x08001b38                PQCLEAN_DILITHIUM2_CLEAN_unpack_pk
 .text.PQCLEAN_DILITHIUM2_CLEAN_pack_sk
                0x08001b6e       0x8e objdir-CW308_STM32F4/packing.o
                0x08001b6e                PQCLEAN_DILITHIUM2_CLEAN_pack_sk
 .text.PQCLEAN_DILITHIUM2_CLEAN_unpack_sk
                0x08001bfc       0x90 objdir-CW308_STM32F4/packing.o
                0x08001bfc                PQCLEAN_DILITHIUM2_CLEAN_unpack_sk
 .text.PQCLEAN_DILITHIUM2_CLEAN_pack_sig
                0x08001c8c       0x76 objdir-CW308_STM32F4/packing.o
                0x08001c8c                PQCLEAN_DILITHIUM2_CLEAN_pack_sig
 .text.PQCLEAN_DILITHIUM2_CLEAN_unpack_sig
                0x08001d02       0xb0 objdir-CW308_STM32F4/packing.o
                0x08001d02                PQCLEAN_DILITHIUM2_CLEAN_unpack_sig
 *fill*         0x08001db2        0x2 
 .text.rej_uniform
                0x08001db4       0x44 objdir-CW308_STM32F4/poly.o
 .text.rej_eta.constprop.0
                0x08001df8       0x72 objdir-CW308_STM32F4/poly.o
 .text.PQCLEAN_DILITHIUM2_CLEAN_poly_reduce
                0x08001e6a       0x18 objdir-CW308_STM32F4/poly.o
                0x08001e6a                PQCLEAN_DILITHIUM2_CLEAN_poly_reduce
 .text.PQCLEAN_DILITHIUM2_CLEAN_poly_caddq
                0x08001e82       0x18 objdir-CW308_STM32F4/poly.o
                0x08001e82                PQCLEAN_DILITHIUM2_CLEAN_poly_caddq
 .text.PQCLEAN_DILITHIUM2_CLEAN_poly_add
                0x08001e9a       0x1c objdir-CW308_STM32F4/poly.o
                0x08001e9a                PQCLEAN_DILITHIUM2_CLEAN_poly_add
 .text.PQCLEAN_DILITHIUM2_CLEAN_poly_sub
                0x08001eb6       0x1c objdir-CW308_STM32F4/poly.o
                0x08001eb6                PQCLEAN_DILITHIUM2_CLEAN_poly_sub
 .text.PQCLEAN_DILITHIUM2_CLEAN_poly_shiftl
                0x08001ed2       0x14 objdir-CW308_STM32F4/poly.o
                0x08001ed2                PQCLEAN_DILITHIUM2_CLEAN_poly_shiftl
 .text.PQCLEAN_DILITHIUM2_CLEAN_poly_ntt
                0x08001ee6        0x4 objdir-CW308_STM32F4/poly.o
                0x08001ee6                PQCLEAN_DILITHIUM2_CLEAN_poly_ntt
 .text.PQCLEAN_DILITHIUM2_CLEAN_poly_invntt_tomont
                0x08001eea        0x4 objdir-CW308_STM32F4/poly.o
                0x08001eea                PQCLEAN_DILITHIUM2_CLEAN_poly_invntt_tomont
 .text.PQCLEAN_DILITHIUM2_CLEAN_poly_pointwise_montgomery
                0x08001eee       0x28 objdir-CW308_STM32F4/poly.o
                0x08001eee                PQCLEAN_DILITHIUM2_CLEAN_poly_pointwise_montgomery
 .text.PQCLEAN_DILITHIUM2_CLEAN_poly_power2round
                0x08001f16       0x1e objdir-CW308_STM32F4/poly.o
                0x08001f16                PQCLEAN_DILITHIUM2_CLEAN_poly_power2round
 .text.PQCLEAN_DILITHIUM2_CLEAN_poly_decompose
                0x08001f34       0x1e objdir-CW308_STM32F4/poly.o
                0x08001f34                PQCLEAN_DILITHIUM2_CLEAN_poly_decompose
 .text.PQCLEAN_DILITHIUM2_CLEAN_poly_make_hint
                0x08001f52       0x2e objdir-CW308_STM32F4/poly.o
                0x08001f52                PQCLEAN_DILITHIUM2_CLEAN_poly_make_hint
 .text.PQCLEAN_DILITHIUM2_CLEAN_poly_use_hint
                0x08001f80       0x24 objdir-CW308_STM32F4/poly.o
                0x08001f80                PQCLEAN_DILITHIUM2_CLEAN_poly_use_hint
 .text.PQCLEAN_DILITHIUM2_CLEAN_poly_chknorm
                0x08001fa4       0x30 objdir-CW308_STM32F4/poly.o
                0x08001fa4                PQCLEAN_DILITHIUM2_CLEAN_poly_chknorm
 .text.PQCLEAN_DILITHIUM2_CLEAN_poly_uniform
                0x08001fd4       0x84 objdir-CW308_STM32F4/poly.o
                0x08001fd4                PQCLEAN_DILITHIUM2_CLEAN_poly_uniform
 .text.PQCLEAN_DILITHIUM2_CLEAN_poly_uniform_eta
                0x08002058       0x4e objdir-CW308_STM32F4/poly.o
                0x08002058                PQCLEAN_DILITHIUM2_CLEAN_poly_uniform_eta
 .text.PQCLEAN_DILITHIUM2_CLEAN_poly_challenge
                0x080020a6       0xba objdir-CW308_STM32F4/poly.o
                0x080020a6                PQCLEAN_DILITHIUM2_CLEAN_poly_challenge
 .text.PQCLEAN_DILITHIUM2_CLEAN_polyeta_pack
                0x08002160       0x84 objdir-CW308_STM32F4/poly.o
                0x08002160                PQCLEAN_DILITHIUM2_CLEAN_polyeta_pack
 .text.PQCLEAN_DILITHIUM2_CLEAN_polyeta_unpack
                0x080021e4       0x9e objdir-CW308_STM32F4/poly.o
                0x080021e4                PQCLEAN_DILITHIUM2_CLEAN_polyeta_unpack
 .text.PQCLEAN_DILITHIUM2_CLEAN_polyt1_pack
                0x08002282       0x40 objdir-CW308_STM32F4/poly.o
                0x08002282                PQCLEAN_DILITHIUM2_CLEAN_polyt1_pack
 .text.PQCLEAN_DILITHIUM2_CLEAN_polyt1_unpack
                0x080022c2       0x4c objdir-CW308_STM32F4/poly.o
                0x080022c2                PQCLEAN_DILITHIUM2_CLEAN_polyt1_unpack
 .text.PQCLEAN_DILITHIUM2_CLEAN_polyt0_pack
                0x0800230e       0x9c objdir-CW308_STM32F4/poly.o
                0x0800230e                PQCLEAN_DILITHIUM2_CLEAN_polyt0_pack
 .text.PQCLEAN_DILITHIUM2_CLEAN_polyt0_unpack
                0x080023aa       0xfe objdir-CW308_STM32F4/poly.o
                0x080023aa                PQCLEAN_DILITHIUM2_CLEAN_polyt0_unpack
 .text.PQCLEAN_DILITHIUM2_CLEAN_polyz_pack
                0x080024a8       0x58 objdir-CW308_STM32F4/poly.o
                0x080024a8                PQCLEAN_DILITHIUM2_CLEAN_polyz_pack
 .text.PQCLEAN_DILITHIUM2_CLEAN_polyz_unpack
                0x08002500       0x8a objdir-CW308_STM32F4/poly.o
                0x08002500                PQCLEAN_DILITHIUM2_CLEAN_polyz_unpack
 .text.PQCLEAN_DILITHIUM2_CLEAN_poly_uniform_gamma1
                0x0800258a       0x2e objdir-CW308_STM32F4/poly.o
                0x0800258a                PQCLEAN_DILITHIUM2_CLEAN_poly_uniform_gamma1
 .text.PQCLEAN_DILITHIUM2_CLEAN_polyw1_pack
                0x080025b8       0x3e objdir-CW308_STM32F4/poly.o
                0x080025b8                PQCLEAN_DILITHIUM2_CLEAN_polyw1_pack
 .text.PQCLEAN_DILITHIUM2_CLEAN_polyvec_matrix_expand
                0x080025f6       0x32 objdir-CW308_STM32F4/polyvec.o
                0x080025f6                PQCLEAN_DILITHIUM2_CLEAN_polyvec_matrix_expand
 .text.PQCLEAN_DILITHIUM2_CLEAN_polyvecl_uniform_eta
                0x08002628       0x20 objdir-CW308_STM32F4/polyvec.o
                0x08002628                PQCLEAN_DILITHIUM2_CLEAN_polyvecl_uniform_eta
 .text.PQCLEAN_DILITHIUM2_CLEAN_polyvecl_uniform_gamma1
                0x08002648       0x22 objdir-CW308_STM32F4/polyvec.o
                0x08002648                PQCLEAN_DILITHIUM2_CLEAN_polyvecl_uniform_gamma1
 .text.PQCLEAN_DILITHIUM2_CLEAN_polyvecl_reduce
                0x0800266a       0x24 objdir-CW308_STM32F4/polyvec.o
                0x0800266a                PQCLEAN_DILITHIUM2_CLEAN_polyvecl_reduce
 .text.PQCLEAN_DILITHIUM2_CLEAN_polyvecl_add
                0x0800268e       0x20 objdir-CW308_STM32F4/polyvec.o
                0x0800268e                PQCLEAN_DILITHIUM2_CLEAN_polyvecl_add
 .text.PQCLEAN_DILITHIUM2_CLEAN_polyvecl_ntt
                0x080026ae       0x24 objdir-CW308_STM32F4/polyvec.o
                0x080026ae                PQCLEAN_DILITHIUM2_CLEAN_polyvecl_ntt
 .text.PQCLEAN_DILITHIUM2_CLEAN_polyvecl_invntt_tomont
                0x080026d2       0x24 objdir-CW308_STM32F4/polyvec.o
                0x080026d2                PQCLEAN_DILITHIUM2_CLEAN_polyvecl_invntt_tomont
 .text.PQCLEAN_DILITHIUM2_CLEAN_polyvecl_pointwise_poly_montgomery
                0x080026f6       0x20 objdir-CW308_STM32F4/polyvec.o
                0x080026f6                PQCLEAN_DILITHIUM2_CLEAN_polyvecl_pointwise_poly_montgomery
 .text.PQCLEAN_DILITHIUM2_CLEAN_polyvecl_pointwise_acc_montgomery
                0x08002716       0x38 objdir-CW308_STM32F4/polyvec.o
                0x08002716                PQCLEAN_DILITHIUM2_CLEAN_polyvecl_pointwise_acc_montgomery
 .text.PQCLEAN_DILITHIUM2_CLEAN_polyvec_matrix_pointwise_montgomery
                0x0800274e       0x24 objdir-CW308_STM32F4/polyvec.o
                0x0800274e                PQCLEAN_DILITHIUM2_CLEAN_polyvec_matrix_pointwise_montgomery
 .text.PQCLEAN_DILITHIUM2_CLEAN_polyvecl_chknorm
                0x08002772       0x22 objdir-CW308_STM32F4/polyvec.o
                0x08002772                PQCLEAN_DILITHIUM2_CLEAN_polyvecl_chknorm
 .text.PQCLEAN_DILITHIUM2_CLEAN_polyveck_uniform_eta
                0x08002794       0x20 objdir-CW308_STM32F4/polyvec.o
                0x08002794                PQCLEAN_DILITHIUM2_CLEAN_polyveck_uniform_eta
 .text.PQCLEAN_DILITHIUM2_CLEAN_polyveck_reduce
                0x080027b4       0x24 objdir-CW308_STM32F4/polyvec.o
                0x080027b4                PQCLEAN_DILITHIUM2_CLEAN_polyveck_reduce
 .text.PQCLEAN_DILITHIUM2_CLEAN_polyveck_caddq
                0x080027d8       0x24 objdir-CW308_STM32F4/polyvec.o
                0x080027d8                PQCLEAN_DILITHIUM2_CLEAN_polyveck_caddq
 .text.PQCLEAN_DILITHIUM2_CLEAN_polyveck_add
                0x080027fc       0x20 objdir-CW308_STM32F4/polyvec.o
                0x080027fc                PQCLEAN_DILITHIUM2_CLEAN_polyveck_add
 .text.PQCLEAN_DILITHIUM2_CLEAN_polyveck_sub
                0x0800281c       0x20 objdir-CW308_STM32F4/polyvec.o
                0x0800281c                PQCLEAN_DILITHIUM2_CLEAN_polyveck_sub
 .text.PQCLEAN_DILITHIUM2_CLEAN_polyveck_shiftl
                0x0800283c       0x24 objdir-CW308_STM32F4/polyvec.o
                0x0800283c                PQCLEAN_DILITHIUM2_CLEAN_polyveck_shiftl
 .text.PQCLEAN_DILITHIUM2_CLEAN_polyveck_ntt
                0x08002860       0x24 objdir-CW308_STM32F4/polyvec.o
                0x08002860                PQCLEAN_DILITHIUM2_CLEAN_polyveck_ntt
 .text.PQCLEAN_DILITHIUM2_CLEAN_polyveck_invntt_tomont
                0x08002884       0x24 objdir-CW308_STM32F4/polyvec.o
                0x08002884                PQCLEAN_DILITHIUM2_CLEAN_polyveck_invntt_tomont
 .text.PQCLEAN_DILITHIUM2_CLEAN_polyveck_pointwise_poly_montgomery
                0x080028a8       0x20 objdir-CW308_STM32F4/polyvec.o
                0x080028a8                PQCLEAN_DILITHIUM2_CLEAN_polyveck_pointwise_poly_montgomery
 .text.PQCLEAN_DILITHIUM2_CLEAN_polyveck_chknorm
                0x080028c8       0x22 objdir-CW308_STM32F4/polyvec.o
                0x080028c8                PQCLEAN_DILITHIUM2_CLEAN_polyveck_chknorm
 .text.PQCLEAN_DILITHIUM2_CLEAN_polyveck_power2round
                0x080028ea       0x20 objdir-CW308_STM32F4/polyvec.o
                0x080028ea                PQCLEAN_DILITHIUM2_CLEAN_polyveck_power2round
 .text.PQCLEAN_DILITHIUM2_CLEAN_polyveck_decompose
                0x0800290a       0x20 objdir-CW308_STM32F4/polyvec.o
                0x0800290a                PQCLEAN_DILITHIUM2_CLEAN_polyveck_decompose
 .text.PQCLEAN_DILITHIUM2_CLEAN_polyveck_make_hint
                0x0800292a       0x2c objdir-CW308_STM32F4/polyvec.o
                0x0800292a                PQCLEAN_DILITHIUM2_CLEAN_polyveck_make_hint
 .text.PQCLEAN_DILITHIUM2_CLEAN_polyveck_use_hint
                0x08002956       0x20 objdir-CW308_STM32F4/polyvec.o
                0x08002956                PQCLEAN_DILITHIUM2_CLEAN_polyveck_use_hint
 .text.PQCLEAN_DILITHIUM2_CLEAN_polyveck_pack_w1
                0x08002976       0x1e objdir-CW308_STM32F4/polyvec.o
                0x08002976                PQCLEAN_DILITHIUM2_CLEAN_polyveck_pack_w1
 .text.PQCLEAN_DILITHIUM2_CLEAN_power2round
                0x08002994       0x14 objdir-CW308_STM32F4/rounding.o
                0x08002994                PQCLEAN_DILITHIUM2_CLEAN_power2round
 .text.PQCLEAN_DILITHIUM2_CLEAN_decompose
                0x080029a8       0x44 objdir-CW308_STM32F4/rounding.o
                0x080029a8                PQCLEAN_DILITHIUM2_CLEAN_decompose
 .text.PQCLEAN_DILITHIUM2_CLEAN_make_hint
                0x080029ec       0x20 objdir-CW308_STM32F4/rounding.o
                0x080029ec                PQCLEAN_DILITHIUM2_CLEAN_make_hint
 .text.PQCLEAN_DILITHIUM2_CLEAN_use_hint
                0x08002a0c       0x2c objdir-CW308_STM32F4/rounding.o
                0x08002a0c                PQCLEAN_DILITHIUM2_CLEAN_use_hint
 .text.PQCLEAN_DILITHIUM2_CLEAN_dilithium_shake128_stream_init
                0x08002a38       0x32 objdir-CW308_STM32F4/symmetric-shake.o
                0x08002a38                PQCLEAN_DILITHIUM2_CLEAN_dilithium_shake128_stream_init
 .text.PQCLEAN_DILITHIUM2_CLEAN_dilithium_shake256_stream_init
                0x08002a6a       0x32 objdir-CW308_STM32F4/symmetric-shake.o
                0x08002a6a                PQCLEAN_DILITHIUM2_CLEAN_dilithium_shake256_stream_init
 .text.load64   0x08002a9c       0x32 objdir-CW308_STM32F4/fips202.o
 *fill*         0x08002ace        0x2 
 .text.KeccakF1600_StatePermute
                0x08002ad0      0xe5c objdir-CW308_STM32F4/fips202.o
 .text.keccak_absorb
                0x0800392c       0xae objdir-CW308_STM32F4/fips202.o
 .text.keccak_squeezeblocks
                0x080039da       0x60 objdir-CW308_STM32F4/fips202.o
 .text.keccak_inc_init
                0x08003a3a       0x16 objdir-CW308_STM32F4/fips202.o
 .text.keccak_inc_absorb
                0x08003a50       0xf4 objdir-CW308_STM32F4/fips202.o
 .text.keccak_inc_finalize
                0x08003b44       0x54 objdir-CW308_STM32F4/fips202.o
 .text.keccak_inc_squeeze
                0x08003b98       0xd8 objdir-CW308_STM32F4/fips202.o
 .text.shake128_inc_init
                0x08003c70       0x1c objdir-CW308_STM32F4/fips202.o
                0x08003c70                shake128_inc_init
 .text.shake128_inc_absorb
                0x08003c8c        0xc objdir-CW308_STM32F4/fips202.o
                0x08003c8c                shake128_inc_absorb
 .text.shake128_inc_finalize
                0x08003c98        0xa objdir-CW308_STM32F4/fips202.o
                0x08003c98                shake128_inc_finalize
 .text.shake128_inc_squeeze
                0x08003ca2        0x8 objdir-CW308_STM32F4/fips202.o
                0x08003ca2                shake128_inc_squeeze
 .text.shake128_inc_ctx_release
                0x08003caa        0x6 objdir-CW308_STM32F4/fips202.o
                0x08003caa                shake128_inc_ctx_release
 .text.shake256_inc_init
                0x08003cb0       0x1c objdir-CW308_STM32F4/fips202.o
                0x08003cb0                shake256_inc_init
 .text.shake256_inc_absorb
                0x08003ccc        0xc objdir-CW308_STM32F4/fips202.o
                0x08003ccc                shake256_inc_absorb
 .text.shake256_inc_finalize
                0x08003cd8        0xa objdir-CW308_STM32F4/fips202.o
                0x08003cd8                shake256_inc_finalize
 .text.shake256_inc_squeeze
                0x08003ce2        0x8 objdir-CW308_STM32F4/fips202.o
                0x08003ce2                shake256_inc_squeeze
 .text.shake256_inc_ctx_release
                0x08003cea        0x6 objdir-CW308_STM32F4/fips202.o
                0x08003cea                shake256_inc_ctx_release
 .text.shake256_absorb
                0x08003cf0       0x2a objdir-CW308_STM32F4/fips202.o
                0x08003cf0                shake256_absorb
 .text.shake256_squeezeblocks
                0x08003d1a        0x8 objdir-CW308_STM32F4/fips202.o
                0x08003d1a                shake256_squeezeblocks
 .text.shake256_ctx_release
                0x08003d22        0x6 objdir-CW308_STM32F4/fips202.o
                0x08003d22                shake256_ctx_release
 .text.shake256
                0x08003d28       0x46 objdir-CW308_STM32F4/fips202.o
                0x08003d28                shake256
 *fill*         0x08003d6e        0x2 
 .text.PQCLEAN_DILITHIUM2_CLEAN_montgomery_reduce
                0x08003d70       0x1c objdir-CW308_STM32F4/reduce.o
                0x08003d70                PQCLEAN_DILITHIUM2_CLEAN_montgomery_reduce
 .text.PQCLEAN_DILITHIUM2_CLEAN_reduce32
                0x08003d8c       0x14 objdir-CW308_STM32F4/reduce.o
                0x08003d8c                PQCLEAN_DILITHIUM2_CLEAN_reduce32
 .text.PQCLEAN_DILITHIUM2_CLEAN_caddq
                0x08003da0       0x10 objdir-CW308_STM32F4/reduce.o
                0x08003da0                PQCLEAN_DILITHIUM2_CLEAN_caddq
 .text.PQCLEAN_DILITHIUM2_CLEAN_ntt
                0x08003db0       0x74 objdir-CW308_STM32F4/ntt.o
                0x08003db0                PQCLEAN_DILITHIUM2_CLEAN_ntt
 .text.PQCLEAN_DILITHIUM2_CLEAN_invntt_tomont
                0x08003e24       0xac objdir-CW308_STM32F4/ntt.o
                0x08003e24                PQCLEAN_DILITHIUM2_CLEAN_invntt_tomont
 .text.ss_crc   0x08003ed0       0x2a objdir-CW308_STM32F4/simpleserial.o
                0x08003ed0                ss_crc
 .text.stuff_data
                0x08003efa       0x22 objdir-CW308_STM32F4/simpleserial.o
                0x08003efa                stuff_data
 .text.unstuff_data
                0x08003f1c       0x1e objdir-CW308_STM32F4/simpleserial.o
                0x08003f1c                unstuff_data
 .text.simpleserial_init
                0x08003f3a        0x2 objdir-CW308_STM32F4/simpleserial.o
                0x08003f3a                simpleserial_init
 .text.simpleserial_addcmd
                0x08003f3c       0x38 objdir-CW308_STM32F4/simpleserial.o
                0x08003f3c                simpleserial_addcmd
 .text.simpleserial_put
                0x08003f74       0x5a objdir-CW308_STM32F4/simpleserial.o
                0x08003f74                simpleserial_put
 *fill*         0x08003fce        0x2 
 .text.simpleserial_get
                0x08003fd0       0xe4 objdir-CW308_STM32F4/simpleserial.o
                0x08003fd0                simpleserial_get
 .text.platform_init
                0x080040b4       0x90 objdir-CW308_STM32F4/stm32f4_hal.o
                0x080040b4                platform_init
 .text.init_uart
                0x08004144       0x7c objdir-CW308_STM32F4/stm32f4_hal.o
                0x08004144                init_uart
 .text.trigger_setup
                0x080041c0       0x40 objdir-CW308_STM32F4/stm32f4_hal.o
                0x080041c0                trigger_setup
 .text.trigger_high
                0x08004200       0x10 objdir-CW308_STM32F4/stm32f4_hal.o
                0x08004200                trigger_high
 .text.trigger_low
                0x08004210       0x10 objdir-CW308_STM32F4/stm32f4_hal.o
                0x08004210                trigger_low
 .text.getch    0x08004220       0x24 objdir-CW308_STM32F4/stm32f4_hal.o
                0x08004220                getch
 .text.putch    0x08004244       0x20 objdir-CW308_STM32F4/stm32f4_hal.o
                0x08004244                putch
 .text.HAL_GetTick
                0x08004264       0x10 objdir-CW308_STM32F4/stm32f4_hal_lowlevel.o
                0x08004264                HAL_GetTick
 .text.HAL_RCC_OscConfig
                0x08004274      0x340 objdir-CW308_STM32F4/stm32f4_hal_lowlevel.o
                0x08004274                HAL_RCC_OscConfig
 .text.HAL_RCC_ClockConfig
                0x080045b4      0x130 objdir-CW308_STM32F4/stm32f4_hal_lowlevel.o
                0x080045b4                HAL_RCC_ClockConfig
 .text.HAL_GPIO_Init
                0x080046e4      0x1cc objdir-CW308_STM32F4/stm32f4_hal_lowlevel.o
                0x080046e4                HAL_GPIO_Init
 .text.HAL_GPIO_WritePin
                0x080048b0        0xa objdir-CW308_STM32F4/stm32f4_hal_lowlevel.o
                0x080048b0                HAL_GPIO_WritePin
 *fill*         0x080048ba        0x2 
 .text.HAL_UART_Init
                0x080048bc       0xdc objdir-CW308_STM32F4/stm32f4_hal_lowlevel.o
                0x080048bc                HAL_UART_Init
 .text.HAL_UART_Transmit
                0x08004998       0x8a objdir-CW308_STM32F4/stm32f4_hal_lowlevel.o
                0x08004998                HAL_UART_Transmit
 .text.HAL_UART_Receive
                0x08004a22       0x98 objdir-CW308_STM32F4/stm32f4_hal_lowlevel.o
                0x08004a22                HAL_UART_Receive
 *fill*         0x08004aba        0x2 
 .text._sbrk    0x08004abc       0x34 objdir-CW308_STM32F4/stm32f4_sysmem.o
                0x08004abc                _sbrk
 .text.HAL_RNG_MspInit
                0x08004af0        0x2 objdir-CW308_STM32F4/stm32f4xx_hal_rng.o
                0x08004af0                HAL_RNG_MspInit
 .text.HAL_RNG_Init
                0x08004af2       0x3a objdir-CW308_STM32F4/stm32f4xx_hal_rng.o
                0x08004af2                HAL_RNG_Init
 .text.Reset_Handler
                0x08004b2c       0x48 objdir-CW308_STM32F4/stm32f4_startup.o
                0x08004b2c                Reset_Handler
 .text.Default_Handler
                0x08004b74        0x2 objdir-CW308_STM32F4/stm32f4_startup.o
                0x08004b74                DebugMon_Handler
                0x08004b74                HardFault_Handler
                0x08004b74                SysTick_Handler
                0x08004b74                PendSV_Handler
                0x08004b74                NMI_Handler
                0x08004b74                UsageFault_Handler
                0x08004b74                Default_Handler
                0x08004b74                MemManage_Handler
                0x08004b74                SVC_Handler
                0x08004b74                BusFault_Handler
 *fill*         0x08004b76        0x2 
 .text.calloc   0x08004b78       0x18 d:/cw_software/chipwhisperer5_64/cw/home/portable/armgcc/bin/../lib/gcc/arm-none-eabi/10.2.1/../../../../arm-none-eabi/lib/thumb/v7e-m/nofp\libg.a(lib_a-calloc.o)
                0x08004b78                calloc
 .text._calloc_r
                0x08004b90       0x60 d:/cw_software/chipwhisperer5_64/cw/home/portable/armgcc/bin/../lib/gcc/arm-none-eabi/10.2.1/../../../../arm-none-eabi/lib/thumb/v7e-m/nofp\libg.a(lib_a-callocr.o)
                0x08004b90                _calloc_r
 .text.__errno  0x08004bf0        0xc d:/cw_software/chipwhisperer5_64/cw/home/portable/armgcc/bin/../lib/gcc/arm-none-eabi/10.2.1/../../../../arm-none-eabi/lib/thumb/v7e-m/nofp\libg.a(lib_a-errno.o)
                0x08004bf0                __errno
 .text.exit     0x08004bfc       0x20 d:/cw_software/chipwhisperer5_64/cw/home/portable/armgcc/bin/../lib/gcc/arm-none-eabi/10.2.1/../../../../arm-none-eabi/lib/thumb/v7e-m/nofp\libg.a(lib_a-exit.o)
                0x08004bfc                exit
 .text._cleanup_r
                0x08004c1c        0xc d:/cw_software/chipwhisperer5_64/cw/home/portable/armgcc/bin/../lib/gcc/arm-none-eabi/10.2.1/../../../../arm-none-eabi/lib/thumb/v7e-m/nofp\libg.a(lib_a-findfp.o)
                0x08004c1c                _cleanup_r
 .text.__sinit  0x08004c28      0x10c d:/cw_software/chipwhisperer5_64/cw/home/portable/armgcc/bin/../lib/gcc/arm-none-eabi/10.2.1/../../../../arm-none-eabi/lib/thumb/v7e-m/nofp\libg.a(lib_a-findfp.o)
                0x08004c28                __sinit
 .text.__sfp_lock_acquire
                0x08004d34        0xc d:/cw_software/chipwhisperer5_64/cw/home/portable/armgcc/bin/../lib/gcc/arm-none-eabi/10.2.1/../../../../arm-none-eabi/lib/thumb/v7e-m/nofp\libg.a(lib_a-findfp.o)
                0x08004d34                __sfp_lock_acquire
 .text.__sfp_lock_release
                0x08004d40        0xc d:/cw_software/chipwhisperer5_64/cw/home/portable/armgcc/bin/../lib/gcc/arm-none-eabi/10.2.1/../../../../arm-none-eabi/lib/thumb/v7e-m/nofp\libg.a(lib_a-findfp.o)
                0x08004d40                __sfp_lock_release
 .text._fwalk_reent
                0x08004d4c       0x48 d:/cw_software/chipwhisperer5_64/cw/home/portable/armgcc/bin/../lib/gcc/arm-none-eabi/10.2.1/../../../../arm-none-eabi/lib/thumb/v7e-m/nofp\libg.a(lib_a-fwalk.o)
                0x08004d4c                _fwalk_reent
 .text.__libc_init_array
                0x08004d94       0x48 d:/cw_software/chipwhisperer5_64/cw/home/portable/armgcc/bin/../lib/gcc/arm-none-eabi/10.2.1/../../../../arm-none-eabi/lib/thumb/v7e-m/nofp\libg.a(lib_a-init.o)
                0x08004d94                __libc_init_array
 .text.__retarget_lock_init_recursive
                0x08004ddc        0x4 d:/cw_software/chipwhisperer5_64/cw/home/portable/armgcc/bin/../lib/gcc/arm-none-eabi/10.2.1/../../../../arm-none-eabi/lib/thumb/v7e-m/nofp\libg.a(lib_a-lock.o)
                0x08004ddc                __retarget_lock_init_recursive
 .text.__retarget_lock_close_recursive
                0x08004de0        0x4 d:/cw_software/chipwhisperer5_64/cw/home/portable/armgcc/bin/../lib/gcc/arm-none-eabi/10.2.1/../../../../arm-none-eabi/lib/thumb/v7e-m/nofp\libg.a(lib_a-lock.o)
                0x08004de0                __retarget_lock_close_recursive
 .text.__retarget_lock_acquire_recursive
                0x08004de4        0x4 d:/cw_software/chipwhisperer5_64/cw/home/portable/armgcc/bin/../lib/gcc/arm-none-eabi/10.2.1/../../../../arm-none-eabi/lib/thumb/v7e-m/nofp\libg.a(lib_a-lock.o)
                0x08004de4                __retarget_lock_acquire_recursive
 .text.__retarget_lock_release_recursive
                0x08004de8        0x4 d:/cw_software/chipwhisperer5_64/cw/home/portable/armgcc/bin/../lib/gcc/arm-none-eabi/10.2.1/../../../../arm-none-eabi/lib/thumb/v7e-m/nofp\libg.a(lib_a-lock.o)
                0x08004de8                __retarget_lock_release_recursive
 .text.malloc   0x08004dec       0x10 d:/cw_software/chipwhisperer5_64/cw/home/portable/armgcc/bin/../lib/gcc/arm-none-eabi/10.2.1/../../../../arm-none-eabi/lib/thumb/v7e-m/nofp\libg.a(lib_a-malloc.o)
                0x08004dec                malloc
 .text.free     0x08004dfc       0x10 d:/cw_software/chipwhisperer5_64/cw/home/portable/armgcc/bin/../lib/gcc/arm-none-eabi/10.2.1/../../../../arm-none-eabi/lib/thumb/v7e-m/nofp\libg.a(lib_a-malloc.o)
                0x08004dfc                free
 .text._malloc_r
                0x08004e0c      0x560 d:/cw_software/chipwhisperer5_64/cw/home/portable/armgcc/bin/../lib/gcc/arm-none-eabi/10.2.1/../../../../arm-none-eabi/lib/thumb/v7e-m/nofp\libg.a(lib_a-mallocr.o)
                0x08004e0c                _malloc_r
 .text.memcmp   0x0800536c       0x68 d:/cw_software/chipwhisperer5_64/cw/home/portable/armgcc/bin/../lib/gcc/arm-none-eabi/10.2.1/../../../../arm-none-eabi/lib/thumb/v7e-m/nofp\libg.a(lib_a-memcmp.o)
                0x0800536c                memcmp
 .text.memmove  0x080053d4       0xf8 d:/cw_software/chipwhisperer5_64/cw/home/portable/armgcc/bin/../lib/gcc/arm-none-eabi/10.2.1/../../../../arm-none-eabi/lib/thumb/v7e-m/nofp\libg.a(lib_a-memmove.o)
                0x080053d4                memmove
 .text.memset   0x080054cc       0xa4 d:/cw_software/chipwhisperer5_64/cw/home/portable/armgcc/bin/../lib/gcc/arm-none-eabi/10.2.1/../../../../arm-none-eabi/lib/thumb/v7e-m/nofp\libg.a(lib_a-memset.o)
                0x080054cc                memset
 .text.__malloc_lock
                0x08005570        0xc d:/cw_software/chipwhisperer5_64/cw/home/portable/armgcc/bin/../lib/gcc/arm-none-eabi/10.2.1/../../../../arm-none-eabi/lib/thumb/v7e-m/nofp\libg.a(lib_a-mlock.o)
                0x08005570                __malloc_lock
 .text.__malloc_unlock
                0x0800557c        0xc d:/cw_software/chipwhisperer5_64/cw/home/portable/armgcc/bin/../lib/gcc/arm-none-eabi/10.2.1/../../../../arm-none-eabi/lib/thumb/v7e-m/nofp\libg.a(lib_a-mlock.o)
                0x0800557c                __malloc_unlock
 .text.printf   0x08005588       0x28 d:/cw_software/chipwhisperer5_64/cw/home/portable/armgcc/bin/../lib/gcc/arm-none-eabi/10.2.1/../../../../arm-none-eabi/lib/thumb/v7e-m/nofp\libg.a(lib_a-printf.o)
                0x08005588                printf
 .text._puts_r  0x080055b0       0x9c d:/cw_software/chipwhisperer5_64/cw/home/portable/armgcc/bin/../lib/gcc/arm-none-eabi/10.2.1/../../../../arm-none-eabi/lib/thumb/v7e-m/nofp\libg.a(lib_a-puts.o)
                0x080055b0                _puts_r
 .text.puts     0x0800564c       0x10 d:/cw_software/chipwhisperer5_64/cw/home/portable/armgcc/bin/../lib/gcc/arm-none-eabi/10.2.1/../../../../arm-none-eabi/lib/thumb/v7e-m/nofp\libg.a(lib_a-puts.o)
                0x0800564c                puts
 .text._sbrk_r  0x0800565c       0x24 d:/cw_software/chipwhisperer5_64/cw/home/portable/armgcc/bin/../lib/gcc/arm-none-eabi/10.2.1/../../../../arm-none-eabi/lib/thumb/v7e-m/nofp\libg.a(lib_a-sbrkr.o)
                0x0800565c                _sbrk_r
 .text.__sread  0x08005680       0x24 d:/cw_software/chipwhisperer5_64/cw/home/portable/armgcc/bin/../lib/gcc/arm-none-eabi/10.2.1/../../../../arm-none-eabi/lib/thumb/v7e-m/nofp\libg.a(lib_a-stdio.o)
                0x08005680                __sread
 .text.__swrite
                0x080056a4       0x40 d:/cw_software/chipwhisperer5_64/cw/home/portable/armgcc/bin/../lib/gcc/arm-none-eabi/10.2.1/../../../../arm-none-eabi/lib/thumb/v7e-m/nofp\libg.a(lib_a-stdio.o)
                0x080056a4                __swrite
 .text.__sseek  0x080056e4       0x20 d:/cw_software/chipwhisperer5_64/cw/home/portable/armgcc/bin/../lib/gcc/arm-none-eabi/10.2.1/../../../../arm-none-eabi/lib/thumb/v7e-m/nofp\libg.a(lib_a-stdio.o)
                0x080056e4                __sseek
 .text.__sclose
                0x08005704        0x8 d:/cw_software/chipwhisperer5_64/cw/home/portable/armgcc/bin/../lib/gcc/arm-none-eabi/10.2.1/../../../../arm-none-eabi/lib/thumb/v7e-m/nofp\libg.a(lib_a-stdio.o)
                0x08005704                __sclose
 .text._vfprintf_r
                0x0800570c     0x1ad4 d:/cw_software/chipwhisperer5_64/cw/home/portable/armgcc/bin/../lib/gcc/arm-none-eabi/10.2.1/../../../../arm-none-eabi/lib/thumb/v7e-m/nofp\libg.a(lib_a-vfprintf.o)
                0x0800570c                _vfprintf_r
 .text.__sbprintf
                0x080071e0       0x80 d:/cw_software/chipwhisperer5_64/cw/home/portable/armgcc/bin/../lib/gcc/arm-none-eabi/10.2.1/../../../../arm-none-eabi/lib/thumb/v7e-m/nofp\libg.a(lib_a-vfprintf.o)
 .text._write_r
                0x08007260       0x2c d:/cw_software/chipwhisperer5_64/cw/home/portable/armgcc/bin/../lib/gcc/arm-none-eabi/10.2.1/../../../../arm-none-eabi/lib/thumb/v7e-m/nofp\libg.a(lib_a-writer.o)
                0x08007260                _write_r
 .text.__swsetup_r
                0x0800728c       0xd4 d:/cw_software/chipwhisperer5_64/cw/home/portable/armgcc/bin/../lib/gcc/arm-none-eabi/10.2.1/../../../../arm-none-eabi/lib/thumb/v7e-m/nofp\libg.a(lib_a-wsetup.o)
                0x0800728c                __swsetup_r
 .text.startup.register_fini
                0x08007360       0x14 d:/cw_software/chipwhisperer5_64/cw/home/portable/armgcc/bin/../lib/gcc/arm-none-eabi/10.2.1/../../../../arm-none-eabi/lib/thumb/v7e-m/nofp\libg.a(lib_a-__call_atexit.o)
 .text.__call_exitprocs
                0x08007374       0xc4 d:/cw_software/chipwhisperer5_64/cw/home/portable/armgcc/bin/../lib/gcc/arm-none-eabi/10.2.1/../../../../arm-none-eabi/lib/thumb/v7e-m/nofp\libg.a(lib_a-__call_atexit.o)
                0x08007374                __call_exitprocs
 .text.atexit   0x08007438        0xc d:/cw_software/chipwhisperer5_64/cw/home/portable/armgcc/bin/../lib/gcc/arm-none-eabi/10.2.1/../../../../arm-none-eabi/lib/thumb/v7e-m/nofp\libg.a(lib_a-atexit.o)
                0x08007438                atexit
 .text._close_r
                0x08007444       0x24 d:/cw_software/chipwhisperer5_64/cw/home/portable/armgcc/bin/../lib/gcc/arm-none-eabi/10.2.1/../../../../arm-none-eabi/lib/thumb/v7e-m/nofp\libg.a(lib_a-closer.o)
                0x08007444                _close_r
 .text.quorem   0x08007468      0x124 d:/cw_software/chipwhisperer5_64/cw/home/portable/armgcc/bin/../lib/gcc/arm-none-eabi/10.2.1/../../../../arm-none-eabi/lib/thumb/v7e-m/nofp\libg.a(lib_a-dtoa.o)
 *fill*         0x0800758c        0x4 
 .text._dtoa_r  0x08007590      0xec4 d:/cw_software/chipwhisperer5_64/cw/home/portable/armgcc/bin/../lib/gcc/arm-none-eabi/10.2.1/../../../../arm-none-eabi/lib/thumb/v7e-m/nofp\libg.a(lib_a-dtoa.o)
                0x08007590                _dtoa_r
 .text._fclose_r
                0x08008454       0xcc d:/cw_software/chipwhisperer5_64/cw/home/portable/armgcc/bin/../lib/gcc/arm-none-eabi/10.2.1/../../../../arm-none-eabi/lib/thumb/v7e-m/nofp\libg.a(lib_a-fclose.o)
                0x08008454                _fclose_r
 .text.__sflush_r
                0x08008520      0x120 d:/cw_software/chipwhisperer5_64/cw/home/portable/armgcc/bin/../lib/gcc/arm-none-eabi/10.2.1/../../../../arm-none-eabi/lib/thumb/v7e-m/nofp\libg.a(lib_a-fflush.o)
                0x08008520                __sflush_r
 .text._fflush_r
                0x08008640       0x5c d:/cw_software/chipwhisperer5_64/cw/home/portable/armgcc/bin/../lib/gcc/arm-none-eabi/10.2.1/../../../../arm-none-eabi/lib/thumb/v7e-m/nofp\libg.a(lib_a-fflush.o)
                0x08008640                _fflush_r
 .text.__libc_fini_array
                0x0800869c       0x2c d:/cw_software/chipwhisperer5_64/cw/home/portable/armgcc/bin/../lib/gcc/arm-none-eabi/10.2.1/../../../../arm-none-eabi/lib/thumb/v7e-m/nofp\libg.a(lib_a-fini.o)
                0x0800869c                __libc_fini_array
 .text._malloc_trim_r
                0x080086c8       0xa0 d:/cw_software/chipwhisperer5_64/cw/home/portable/armgcc/bin/../lib/gcc/arm-none-eabi/10.2.1/../../../../arm-none-eabi/lib/thumb/v7e-m/nofp\libg.a(lib_a-freer.o)
                0x080086c8                _malloc_trim_r
 .text._free_r  0x08008768      0x20c d:/cw_software/chipwhisperer5_64/cw/home/portable/armgcc/bin/../lib/gcc/arm-none-eabi/10.2.1/../../../../arm-none-eabi/lib/thumb/v7e-m/nofp\libg.a(lib_a-freer.o)
                0x08008768                _free_r
 .text.__sfvwrite_r
                0x08008974      0x2e8 d:/cw_software/chipwhisperer5_64/cw/home/portable/armgcc/bin/../lib/gcc/arm-none-eabi/10.2.1/../../../../arm-none-eabi/lib/thumb/v7e-m/nofp\libg.a(lib_a-fvwrite.o)
                0x08008974                __sfvwrite_r
 .text._localeconv_r
                0x08008c5c        0x8 d:/cw_software/chipwhisperer5_64/cw/home/portable/armgcc/bin/../lib/gcc/arm-none-eabi/10.2.1/../../../../arm-none-eabi/lib/thumb/v7e-m/nofp\libg.a(lib_a-localeconv.o)
                0x08008c5c                _localeconv_r
 .text._lseek_r
                0x08008c64       0x2c d:/cw_software/chipwhisperer5_64/cw/home/portable/armgcc/bin/../lib/gcc/arm-none-eabi/10.2.1/../../../../arm-none-eabi/lib/thumb/v7e-m/nofp\libg.a(lib_a-lseekr.o)
                0x08008c64                _lseek_r
 .text.__smakebuf_r
                0x08008c90       0xe0 d:/cw_software/chipwhisperer5_64/cw/home/portable/armgcc/bin/../lib/gcc/arm-none-eabi/10.2.1/../../../../arm-none-eabi/lib/thumb/v7e-m/nofp\libg.a(lib_a-makebuf.o)
                0x08008c90                __smakebuf_r
 .text._Balloc  0x08008d70       0x4c d:/cw_software/chipwhisperer5_64/cw/home/portable/armgcc/bin/../lib/gcc/arm-none-eabi/10.2.1/../../../../arm-none-eabi/lib/thumb/v7e-m/nofp\libg.a(lib_a-mprec.o)
                0x08008d70                _Balloc
 .text._Bfree   0x08008dbc       0x14 d:/cw_software/chipwhisperer5_64/cw/home/portable/armgcc/bin/../lib/gcc/arm-none-eabi/10.2.1/../../../../arm-none-eabi/lib/thumb/v7e-m/nofp\libg.a(lib_a-mprec.o)
                0x08008dbc                _Bfree
 .text.__multadd
                0x08008dd0       0xa0 d:/cw_software/chipwhisperer5_64/cw/home/portable/armgcc/bin/../lib/gcc/arm-none-eabi/10.2.1/../../../../arm-none-eabi/lib/thumb/v7e-m/nofp\libg.a(lib_a-mprec.o)
                0x08008dd0                __multadd
 .text.__hi0bits
                0x08008e70       0x40 d:/cw_software/chipwhisperer5_64/cw/home/portable/armgcc/bin/../lib/gcc/arm-none-eabi/10.2.1/../../../../arm-none-eabi/lib/thumb/v7e-m/nofp\libg.a(lib_a-mprec.o)
                0x08008e70                __hi0bits
 .text.__lo0bits
                0x08008eb0       0x5c d:/cw_software/chipwhisperer5_64/cw/home/portable/armgcc/bin/../lib/gcc/arm-none-eabi/10.2.1/../../../../arm-none-eabi/lib/thumb/v7e-m/nofp\libg.a(lib_a-mprec.o)
                0x08008eb0                __lo0bits
 .text.__i2b    0x08008f0c       0x5c d:/cw_software/chipwhisperer5_64/cw/home/portable/armgcc/bin/../lib/gcc/arm-none-eabi/10.2.1/../../../../arm-none-eabi/lib/thumb/v7e-m/nofp\libg.a(lib_a-mprec.o)
                0x08008f0c                __i2b
 .text.__multiply
                0x08008f68      0x15c d:/cw_software/chipwhisperer5_64/cw/home/portable/armgcc/bin/../lib/gcc/arm-none-eabi/10.2.1/../../../../arm-none-eabi/lib/thumb/v7e-m/nofp\libg.a(lib_a-mprec.o)
                0x08008f68                __multiply
 .text.__pow5mult
                0x080090c4       0xc0 d:/cw_software/chipwhisperer5_64/cw/home/portable/armgcc/bin/../lib/gcc/arm-none-eabi/10.2.1/../../../../arm-none-eabi/lib/thumb/v7e-m/nofp\libg.a(lib_a-mprec.o)
                0x080090c4                __pow5mult
 .text.__lshift
                0x08009184       0xf0 d:/cw_software/chipwhisperer5_64/cw/home/portable/armgcc/bin/../lib/gcc/arm-none-eabi/10.2.1/../../../../arm-none-eabi/lib/thumb/v7e-m/nofp\libg.a(lib_a-mprec.o)
                0x08009184                __lshift
 .text.__mcmp   0x08009274       0x40 d:/cw_software/chipwhisperer5_64/cw/home/portable/armgcc/bin/../lib/gcc/arm-none-eabi/10.2.1/../../../../arm-none-eabi/lib/thumb/v7e-m/nofp\libg.a(lib_a-mprec.o)
                0x08009274                __mcmp
 .text.__mdiff  0x080092b4      0x14c d:/cw_software/chipwhisperer5_64/cw/home/portable/armgcc/bin/../lib/gcc/arm-none-eabi/10.2.1/../../../../arm-none-eabi/lib/thumb/v7e-m/nofp\libg.a(lib_a-mprec.o)
                0x080092b4                __mdiff
 .text.__d2b    0x08009400       0xc4 d:/cw_software/chipwhisperer5_64/cw/home/portable/armgcc/bin/../lib/gcc/arm-none-eabi/10.2.1/../../../../arm-none-eabi/lib/thumb/v7e-m/nofp\libg.a(lib_a-mprec.o)
                0x08009400                __d2b
 .text._read_r  0x080094c4       0x2c d:/cw_software/chipwhisperer5_64/cw/home/portable/armgcc/bin/../lib/gcc/arm-none-eabi/10.2.1/../../../../arm-none-eabi/lib/thumb/v7e-m/nofp\libg.a(lib_a-readr.o)
                0x080094c4                _read_r
 .text._realloc_r
                0x080094f0      0x3d8 d:/cw_software/chipwhisperer5_64/cw/home/portable/armgcc/bin/../lib/gcc/arm-none-eabi/10.2.1/../../../../arm-none-eabi/lib/thumb/v7e-m/nofp\libg.a(lib_a-reallocr.o)
                0x080094f0                _realloc_r
 .text.frexp    0x080098c8       0x70 d:/cw_software/chipwhisperer5_64/cw/home/portable/armgcc/bin/../lib/gcc/arm-none-eabi/10.2.1/../../../../arm-none-eabi/lib/thumb/v7e-m/nofp\libg.a(lib_a-s_frexp.o)
                0x080098c8                frexp
 .text.strncpy  0x08009938       0x64 d:/cw_software/chipwhisperer5_64/cw/home/portable/armgcc/bin/../lib/gcc/arm-none-eabi/10.2.1/../../../../arm-none-eabi/lib/thumb/v7e-m/nofp\libg.a(lib_a-strncpy.o)
                0x08009938                strncpy
 .text.__sprint_r.part.0
                0x0800999c       0x78 d:/cw_software/chipwhisperer5_64/cw/home/portable/armgcc/bin/../lib/gcc/arm-none-eabi/10.2.1/../../../../arm-none-eabi/lib/thumb/v7e-m/nofp\libg.a(lib_a-vfiprintf.o)
 .text.__sprint_r
                0x08009a14       0x14 d:/cw_software/chipwhisperer5_64/cw/home/portable/armgcc/bin/../lib/gcc/arm-none-eabi/10.2.1/../../../../arm-none-eabi/lib/thumb/v7e-m/nofp\libg.a(lib_a-vfiprintf.o)
                0x08009a14                __sprint_r
 .text._vfiprintf_r
                0x08009a28      0xd94 d:/cw_software/chipwhisperer5_64/cw/home/portable/armgcc/bin/../lib/gcc/arm-none-eabi/10.2.1/../../../../arm-none-eabi/lib/thumb/v7e-m/nofp\libg.a(lib_a-vfiprintf.o)
                0x08009a28                _vfiprintf_r
 .text.__sbprintf
                0x0800a7bc       0x80 d:/cw_software/chipwhisperer5_64/cw/home/portable/armgcc/bin/../lib/gcc/arm-none-eabi/10.2.1/../../../../arm-none-eabi/lib/thumb/v7e-m/nofp\libg.a(lib_a-vfiprintf.o)
 .text.__register_exitproc
                0x0800a83c       0x8c d:/cw_software/chipwhisperer5_64/cw/home/portable/armgcc/bin/../lib/gcc/arm-none-eabi/10.2.1/../../../../arm-none-eabi/lib/thumb/v7e-m/nofp\libg.a(lib_a-__atexit.o)
                0x0800a83c                __register_exitproc
 .text.__assert_func
                0x0800a8c8       0x40 d:/cw_software/chipwhisperer5_64/cw/home/portable/armgcc/bin/../lib/gcc/arm-none-eabi/10.2.1/../../../../arm-none-eabi/lib/thumb/v7e-m/nofp\libg.a(lib_a-assert.o)
                0x0800a8c8                __assert_func
 .text.fiprintf
                0x0800a908       0x28 d:/cw_software/chipwhisperer5_64/cw/home/portable/armgcc/bin/../lib/gcc/arm-none-eabi/10.2.1/../../../../arm-none-eabi/lib/thumb/v7e-m/nofp\libg.a(lib_a-fiprintf.o)
                0x0800a908                fiprintf
 .text.__fputwc
                0x0800a930       0xa8 d:/cw_software/chipwhisperer5_64/cw/home/portable/armgcc/bin/../lib/gcc/arm-none-eabi/10.2.1/../../../../arm-none-eabi/lib/thumb/v7e-m/nofp\libg.a(lib_a-fputwc.o)
                0x0800a930                __fputwc
 .text._fputwc_r
                0x0800a9d8       0x68 d:/cw_software/chipwhisperer5_64/cw/home/portable/armgcc/bin/../lib/gcc/arm-none-eabi/10.2.1/../../../../arm-none-eabi/lib/thumb/v7e-m/nofp\libg.a(lib_a-fputwc.o)
                0x0800a9d8                _fputwc_r
 .text._fstat_r
                0x0800aa40       0x2c d:/cw_software/chipwhisperer5_64/cw/home/portable/armgcc/bin/../lib/gcc/arm-none-eabi/10.2.1/../../../../arm-none-eabi/lib/thumb/v7e-m/nofp\libg.a(lib_a-fstatr.o)
                0x0800aa40                _fstat_r
 .text._isatty_r
                0x0800aa6c       0x24 d:/cw_software/chipwhisperer5_64/cw/home/portable/armgcc/bin/../lib/gcc/arm-none-eabi/10.2.1/../../../../arm-none-eabi/lib/thumb/v7e-m/nofp\libg.a(lib_a-isattyr.o)
                0x0800aa6c                _isatty_r
 .text.__locale_mb_cur_max
                0x0800aa90        0xc d:/cw_software/chipwhisperer5_64/cw/home/portable/armgcc/bin/../lib/gcc/arm-none-eabi/10.2.1/../../../../arm-none-eabi/lib/thumb/v7e-m/nofp\libg.a(lib_a-locale.o)
                0x0800aa90                __locale_mb_cur_max
 .text.__ascii_mbtowc
                0x0800aa9c       0x2c d:/cw_software/chipwhisperer5_64/cw/home/portable/armgcc/bin/../lib/gcc/arm-none-eabi/10.2.1/../../../../arm-none-eabi/lib/thumb/v7e-m/nofp\libg.a(lib_a-mbtowc_r.o)
                0x0800aa9c                __ascii_mbtowc
 .text.__swbuf_r
                0x0800aac8       0xb0 d:/cw_software/chipwhisperer5_64/cw/home/portable/armgcc/bin/../lib/gcc/arm-none-eabi/10.2.1/../../../../arm-none-eabi/lib/thumb/v7e-m/nofp\libg.a(lib_a-wbuf.o)
                0x0800aac8                __swbuf_r
 .text._wcrtomb_r
                0x0800ab78       0x3c d:/cw_software/chipwhisperer5_64/cw/home/portable/armgcc/bin/../lib/gcc/arm-none-eabi/10.2.1/../../../../arm-none-eabi/lib/thumb/v7e-m/nofp\libg.a(lib_a-wcrtomb.o)
                0x0800ab78                _wcrtomb_r
 .text.__ascii_wctomb
                0x0800abb4       0x1c d:/cw_software/chipwhisperer5_64/cw/home/portable/armgcc/bin/../lib/gcc/arm-none-eabi/10.2.1/../../../../arm-none-eabi/lib/thumb/v7e-m/nofp\libg.a(lib_a-wctomb_r.o)
                0x0800abb4                __ascii_wctomb
 .text.abort    0x0800abd0       0x10 d:/cw_software/chipwhisperer5_64/cw/home/portable/armgcc/bin/../lib/gcc/arm-none-eabi/10.2.1/../../../../arm-none-eabi/lib/thumb/v7e-m/nofp\libg.a(lib_a-abort.o)
                0x0800abd0                abort
 .text.raise    0x0800abe0       0x5c d:/cw_software/chipwhisperer5_64/cw/home/portable/armgcc/bin/../lib/gcc/arm-none-eabi/10.2.1/../../../../arm-none-eabi/lib/thumb/v7e-m/nofp\libg.a(lib_a-signal.o)
                0x0800abe0                raise
 .text._kill_r  0x0800ac3c       0x2c d:/cw_software/chipwhisperer5_64/cw/home/portable/armgcc/bin/../lib/gcc/arm-none-eabi/10.2.1/../../../../arm-none-eabi/lib/thumb/v7e-m/nofp\libg.a(lib_a-signalr.o)
                0x0800ac3c                _kill_r
 .text._getpid_r
                0x0800ac68        0x4 d:/cw_software/chipwhisperer5_64/cw/home/portable/armgcc/bin/../lib/gcc/arm-none-eabi/10.2.1/../../../../arm-none-eabi/lib/thumb/v7e-m/nofp\libg.a(lib_a-signalr.o)
                0x0800ac68                _getpid_r
 .text._close   0x0800ac6c       0x10 d:/cw_software/chipwhisperer5_64/cw/home/portable/armgcc/bin/../lib/gcc/arm-none-eabi/10.2.1/../../../../arm-none-eabi/lib/thumb/v7e-m/nofp\libnosys.a(close.o)
                0x0800ac6c                _close
 .text._fstat   0x0800ac7c       0x10 d:/cw_software/chipwhisperer5_64/cw/home/portable/armgcc/bin/../lib/gcc/arm-none-eabi/10.2.1/../../../../arm-none-eabi/lib/thumb/v7e-m/nofp\libnosys.a(fstat.o)
                0x0800ac7c                _fstat
 .text._getpid  0x0800ac8c       0x10 d:/cw_software/chipwhisperer5_64/cw/home/portable/armgcc/bin/../lib/gcc/arm-none-eabi/10.2.1/../../../../arm-none-eabi/lib/thumb/v7e-m/nofp\libnosys.a(getpid.o)
                0x0800ac8c                _getpid
 .text._isatty  0x0800ac9c       0x10 d:/cw_software/chipwhisperer5_64/cw/home/portable/armgcc/bin/../lib/gcc/arm-none-eabi/10.2.1/../../../../arm-none-eabi/lib/thumb/v7e-m/nofp\libnosys.a(isatty.o)
                0x0800ac9c                _isatty
 .text._kill    0x0800acac       0x10 d:/cw_software/chipwhisperer5_64/cw/home/portable/armgcc/bin/../lib/gcc/arm-none-eabi/10.2.1/../../../../arm-none-eabi/lib/thumb/v7e-m/nofp\libnosys.a(kill.o)
                0x0800acac                _kill
 .text._lseek   0x0800acbc       0x10 d:/cw_software/chipwhisperer5_64/cw/home/portable/armgcc/bin/../lib/gcc/arm-none-eabi/10.2.1/../../../../arm-none-eabi/lib/thumb/v7e-m/nofp\libnosys.a(lseek.o)
                0x0800acbc                _lseek
 .text._read    0x0800accc       0x10 d:/cw_software/chipwhisperer5_64/cw/home/portable/armgcc/bin/../lib/gcc/arm-none-eabi/10.2.1/../../../../arm-none-eabi/lib/thumb/v7e-m/nofp\libnosys.a(read.o)
                0x0800accc                _read
 .text._write   0x0800acdc       0x10 d:/cw_software/chipwhisperer5_64/cw/home/portable/armgcc/bin/../lib/gcc/arm-none-eabi/10.2.1/../../../../arm-none-eabi/lib/thumb/v7e-m/nofp\libnosys.a(write.o)
                0x0800acdc                _write
 .text._exit    0x0800acec        0x4 d:/cw_software/chipwhisperer5_64/cw/home/portable/armgcc/bin/../lib/gcc/arm-none-eabi/10.2.1/../../../../arm-none-eabi/lib/thumb/v7e-m/nofp\libnosys.a(_exit.o)
                0x0800acec                _exit
 *(.glue_7)
 .glue_7        0x0800acf0        0x0 linker stubs
 *(.glue_7t)
 .glue_7t       0x0800acf0        0x0 linker stubs
 *(.eh_frame)
 .eh_frame      0x0800acf0        0x0 d:/cw_software/chipwhisperer5_64/cw/home/portable/armgcc/bin/../lib/gcc/arm-none-eabi/10.2.1/thumb/v7e-m/nofp/crtbegin.o
 *(.init)
 .init          0x0800acf0        0x4 d:/cw_software/chipwhisperer5_64/cw/home/portable/armgcc/bin/../lib/gcc/arm-none-eabi/10.2.1/thumb/v7e-m/nofp/crti.o
                0x0800acf0                _init
 .init          0x0800acf4        0x8 d:/cw_software/chipwhisperer5_64/cw/home/portable/armgcc/bin/../lib/gcc/arm-none-eabi/10.2.1/thumb/v7e-m/nofp/crtn.o
 *(.fini)
 .fini          0x0800acfc        0x4 d:/cw_software/chipwhisperer5_64/cw/home/portable/armgcc/bin/../lib/gcc/arm-none-eabi/10.2.1/thumb/v7e-m/nofp/crti.o
                0x0800acfc                _fini
 .fini          0x0800ad00        0x8 d:/cw_software/chipwhisperer5_64/cw/home/portable/armgcc/bin/../lib/gcc/arm-none-eabi/10.2.1/thumb/v7e-m/nofp/crtn.o
                0x0800ad08                . = ALIGN (0x4)
                0x0800ad08                _etext = .

.vfp11_veneer   0x0800ad08        0x0
 .vfp11_veneer  0x0800ad08        0x0 linker stubs

.v4_bx          0x0800ad08        0x0
 .v4_bx         0x0800ad08        0x0 linker stubs

.iplt           0x0800ad08        0x0
 .iplt          0x0800ad08        0x0 d:/cw_software/chipwhisperer5_64/cw/home/portable/armgcc/bin/../lib/gcc/arm-none-eabi/10.2.1/thumb/v7e-m/nofp/crtbegin.o

.rodata         0x0800ad08      0xa2c
                0x0800ad08                . = ALIGN (0x4)
 *(.rodata)
 .rodata        0x0800ad08       0xc0 objdir-CW308_STM32F4/fips202.o
 .rodata        0x0800adc8      0x400 objdir-CW308_STM32F4/ntt.o
 *(.rodata*)
 .rodata.str1.1
                0x0800b1c8       0x6b objdir-CW308_STM32F4/PQCgenKAT_sign.o
 .rodata.str1.1
                0x0800b233      0x101 objdir-CW308_STM32F4/sign.o
 .rodata._ctype_
                0x0800b334      0x101 d:/cw_software/chipwhisperer5_64/cw/home/portable/armgcc/bin/../lib/gcc/arm-none-eabi/10.2.1/../../../../arm-none-eabi/lib/thumb/v7e-m/nofp\libg.a(lib_a-ctype_.o)
                0x0800b334                _ctype_
 *fill*         0x0800b435        0x3 
 .rodata._global_impure_ptr
                0x0800b438        0x4 d:/cw_software/chipwhisperer5_64/cw/home/portable/armgcc/bin/../lib/gcc/arm-none-eabi/10.2.1/../../../../arm-none-eabi/lib/thumb/v7e-m/nofp\libg.a(lib_a-impure.o)
                0x0800b438                _global_impure_ptr
 .rodata._puts_r.str1.4
                0x0800b43c        0x2 d:/cw_software/chipwhisperer5_64/cw/home/portable/armgcc/bin/../lib/gcc/arm-none-eabi/10.2.1/../../../../arm-none-eabi/lib/thumb/v7e-m/nofp\libg.a(lib_a-puts.o)
 *fill*         0x0800b43e        0x2 
 .rodata._vfprintf_r.str1.4
                0x0800b440       0x42 d:/cw_software/chipwhisperer5_64/cw/home/portable/armgcc/bin/../lib/gcc/arm-none-eabi/10.2.1/../../../../arm-none-eabi/lib/thumb/v7e-m/nofp\libg.a(lib_a-vfprintf.o)
 *fill*         0x0800b482        0x2 
 .rodata.blanks.1
                0x0800b484       0x10 d:/cw_software/chipwhisperer5_64/cw/home/portable/armgcc/bin/../lib/gcc/arm-none-eabi/10.2.1/../../../../arm-none-eabi/lib/thumb/v7e-m/nofp\libg.a(lib_a-vfprintf.o)
 .rodata.zeroes.0
                0x0800b494       0x10 d:/cw_software/chipwhisperer5_64/cw/home/portable/armgcc/bin/../lib/gcc/arm-none-eabi/10.2.1/../../../../arm-none-eabi/lib/thumb/v7e-m/nofp\libg.a(lib_a-vfprintf.o)
 .rodata._dtoa_r.str1.4
                0x0800b4a4       0xa1 d:/cw_software/chipwhisperer5_64/cw/home/portable/armgcc/bin/../lib/gcc/arm-none-eabi/10.2.1/../../../../arm-none-eabi/lib/thumb/v7e-m/nofp\libg.a(lib_a-dtoa.o)
                                 0xa5 (size before relaxing)
 *fill*         0x0800b545        0x3 
 .rodata.__multadd.str1.4
                0x0800b548       0x7e d:/cw_software/chipwhisperer5_64/cw/home/portable/armgcc/bin/../lib/gcc/arm-none-eabi/10.2.1/../../../../arm-none-eabi/lib/thumb/v7e-m/nofp\libg.a(lib_a-mprec.o)
                                 0x92 (size before relaxing)
 *fill*         0x0800b5c6        0x2 
 .rodata.__mprec_bigtens
                0x0800b5c8       0x28 d:/cw_software/chipwhisperer5_64/cw/home/portable/armgcc/bin/../lib/gcc/arm-none-eabi/10.2.1/../../../../arm-none-eabi/lib/thumb/v7e-m/nofp\libg.a(lib_a-mprec.o)
                0x0800b5c8                __mprec_bigtens
 .rodata.__mprec_tens
                0x0800b5f0       0xc8 d:/cw_software/chipwhisperer5_64/cw/home/portable/armgcc/bin/../lib/gcc/arm-none-eabi/10.2.1/../../../../arm-none-eabi/lib/thumb/v7e-m/nofp\libg.a(lib_a-mprec.o)
                0x0800b5f0                __mprec_tens
 .rodata.p05.0  0x0800b6b8        0xc d:/cw_software/chipwhisperer5_64/cw/home/portable/armgcc/bin/../lib/gcc/arm-none-eabi/10.2.1/../../../../arm-none-eabi/lib/thumb/v7e-m/nofp\libg.a(lib_a-mprec.o)
 .rodata._vfiprintf_r.str1.4
                0x0800b6c4       0x2f d:/cw_software/chipwhisperer5_64/cw/home/portable/armgcc/bin/../lib/gcc/arm-none-eabi/10.2.1/../../../../arm-none-eabi/lib/thumb/v7e-m/nofp\libg.a(lib_a-vfiprintf.o)
 .rodata.blanks.1
                0x0800b6c4       0x10 d:/cw_software/chipwhisperer5_64/cw/home/portable/armgcc/bin/../lib/gcc/arm-none-eabi/10.2.1/../../../../arm-none-eabi/lib/thumb/v7e-m/nofp\libg.a(lib_a-vfiprintf.o)
 .rodata.zeroes.0
                0x0800b6d4       0x10 d:/cw_software/chipwhisperer5_64/cw/home/portable/armgcc/bin/../lib/gcc/arm-none-eabi/10.2.1/../../../../arm-none-eabi/lib/thumb/v7e-m/nofp\libg.a(lib_a-vfiprintf.o)
 .rodata.__assert_func.str1.4
                0x0800b6e4       0x3f d:/cw_software/chipwhisperer5_64/cw/home/portable/armgcc/bin/../lib/gcc/arm-none-eabi/10.2.1/../../../../arm-none-eabi/lib/thumb/v7e-m/nofp\libg.a(lib_a-assert.o)
                                 0x43 (size before relaxing)
 *fill*         0x0800b723        0x1 
 .rodata._setlocale_r.str1.4
                0x0800b724        0xa d:/cw_software/chipwhisperer5_64/cw/home/portable/armgcc/bin/../lib/gcc/arm-none-eabi/10.2.1/../../../../arm-none-eabi/lib/thumb/v7e-m/nofp\libg.a(lib_a-locale.o)
                                  0xd (size before relaxing)
 *fill*         0x0800b72e        0x2 
 .rodata.str1.4
                0x0800b730        0x2 d:/cw_software/chipwhisperer5_64/cw/home/portable/armgcc/bin/../lib/gcc/arm-none-eabi/10.2.1/../../../../arm-none-eabi/lib/thumb/v7e-m/nofp\libg.a(lib_a-locale.o)
                0x0800b734                . = ALIGN (0x4)
 *fill*         0x0800b732        0x2 

.ARM.extab      0x0800b734        0x0
                0x0800b734                . = ALIGN (0x4)
 *(.ARM.extab* .gnu.linkonce.armextab.*)
                0x0800b734                . = ALIGN (0x4)

.ARM            0x0800b734        0x8
                0x0800b734                . = ALIGN (0x4)
                0x0800b734                __exidx_start = .
 *(.ARM.exidx*)
 .ARM.exidx     0x0800b734        0x8 d:/cw_software/chipwhisperer5_64/cw/home/portable/armgcc/bin/../lib/gcc/arm-none-eabi/10.2.1/thumb/v7e-m/nofp\libgcc.a(_udivmoddi4.o)
                0x0800b73c                __exidx_end = .
                0x0800b73c                . = ALIGN (0x4)

.rel.dyn        0x0800b73c        0x0
 .rel.iplt      0x0800b73c        0x0 d:/cw_software/chipwhisperer5_64/cw/home/portable/armgcc/bin/../lib/gcc/arm-none-eabi/10.2.1/thumb/v7e-m/nofp/crtbegin.o

.preinit_array  0x0800b73c        0x0
                0x0800b73c                . = ALIGN (0x4)
                0x0800b73c                PROVIDE (__preinit_array_start = .)
 *(.preinit_array*)
                0x0800b73c                PROVIDE (__preinit_array_end = .)
                0x0800b73c                . = ALIGN (0x4)

.init_array     0x0800b73c        0x8
                0x0800b73c                . = ALIGN (0x4)
                0x0800b73c                PROVIDE (__init_array_start = .)
 *(SORT_BY_NAME(.init_array.*))
 .init_array.00000
                0x0800b73c        0x4 d:/cw_software/chipwhisperer5_64/cw/home/portable/armgcc/bin/../lib/gcc/arm-none-eabi/10.2.1/../../../../arm-none-eabi/lib/thumb/v7e-m/nofp\libg.a(lib_a-__call_atexit.o)
 *(.init_array*)
 .init_array    0x0800b740        0x4 d:/cw_software/chipwhisperer5_64/cw/home/portable/armgcc/bin/../lib/gcc/arm-none-eabi/10.2.1/thumb/v7e-m/nofp/crtbegin.o
                0x0800b744                PROVIDE (__init_array_end = .)
                0x0800b744                . = ALIGN (0x4)

.fini_array     0x0800b744        0x4
                0x0800b744                . = ALIGN (0x4)
                0x0800b744                PROVIDE (__fini_array_start = .)
 *(SORT_BY_NAME(.fini_array.*))
 *(.fini_array*)
 .fini_array    0x0800b744        0x4 d:/cw_software/chipwhisperer5_64/cw/home/portable/armgcc/bin/../lib/gcc/arm-none-eabi/10.2.1/thumb/v7e-m/nofp/crtbegin.o
                0x0800b748                PROVIDE (__fini_array_end = .)
                0x0800b748                . = ALIGN (0x4)
                0x0800b748                _sidata = LOADADDR (.data)

.data           0x10000000      0x9b0 load address 0x0800b748
                0x10000000                . = ALIGN (0x4)
                0x10000000                _sdata = .
 *(.data)
 *(.data*)
 .data._impure_ptr
                0x10000000        0x4 d:/cw_software/chipwhisperer5_64/cw/home/portable/armgcc/bin/../lib/gcc/arm-none-eabi/10.2.1/../../../../arm-none-eabi/lib/thumb/v7e-m/nofp\libg.a(lib_a-impure.o)
                0x10000000                _impure_ptr
 *fill*         0x10000004        0x4 
 .data.impure_data
                0x10000008      0x428 d:/cw_software/chipwhisperer5_64/cw/home/portable/armgcc/bin/../lib/gcc/arm-none-eabi/10.2.1/../../../../arm-none-eabi/lib/thumb/v7e-m/nofp\libg.a(lib_a-impure.o)
 .data.__malloc_av_
                0x10000430      0x408 d:/cw_software/chipwhisperer5_64/cw/home/portable/armgcc/bin/../lib/gcc/arm-none-eabi/10.2.1/../../../../arm-none-eabi/lib/thumb/v7e-m/nofp\libg.a(lib_a-mallocr.o)
                0x10000430                __malloc_av_
 .data.__malloc_sbrk_base
                0x10000838        0x4 d:/cw_software/chipwhisperer5_64/cw/home/portable/armgcc/bin/../lib/gcc/arm-none-eabi/10.2.1/../../../../arm-none-eabi/lib/thumb/v7e-m/nofp\libg.a(lib_a-mallocr.o)
                0x10000838                __malloc_sbrk_base
 .data.__malloc_trim_threshold
                0x1000083c        0x4 d:/cw_software/chipwhisperer5_64/cw/home/portable/armgcc/bin/../lib/gcc/arm-none-eabi/10.2.1/../../../../arm-none-eabi/lib/thumb/v7e-m/nofp\libg.a(lib_a-mallocr.o)
                0x1000083c                __malloc_trim_threshold
 .data.__atexit_recursive_mutex
                0x10000840        0x4 d:/cw_software/chipwhisperer5_64/cw/home/portable/armgcc/bin/../lib/gcc/arm-none-eabi/10.2.1/../../../../arm-none-eabi/lib/thumb/v7e-m/nofp\libg.a(lib_a-__call_atexit.o)
                0x10000840                __atexit_recursive_mutex
 .data.__global_locale
                0x10000844      0x16c d:/cw_software/chipwhisperer5_64/cw/home/portable/armgcc/bin/../lib/gcc/arm-none-eabi/10.2.1/../../../../arm-none-eabi/lib/thumb/v7e-m/nofp\libg.a(lib_a-locale.o)
                0x10000844                __global_locale
                0x100009b0                . = ALIGN (0x4)
                0x100009b0                _edata = .

.igot.plt       0x100009b0        0x0 load address 0x0800c0f8
 .igot.plt      0x100009b0        0x0 d:/cw_software/chipwhisperer5_64/cw/home/portable/armgcc/bin/../lib/gcc/arm-none-eabi/10.2.1/thumb/v7e-m/nofp/crtbegin.o
                0x100009b0                . = ALIGN (0x4)

.bss            0x100009b0     0x10a4 load address 0x0800c0f8
                0x100009b0                _sbss = .
                0x100009b0                __bss_start__ = _sbss
 *(.bss)
 .bss           0x100009b0       0x1c d:/cw_software/chipwhisperer5_64/cw/home/portable/armgcc/bin/../lib/gcc/arm-none-eabi/10.2.1/thumb/v7e-m/nofp/crtbegin.o
 .bss           0x100009cc      0x995 objdir-CW308_STM32F4/PQCgenKAT_sign.o
                0x100009cc                buf_sm1
 *fill*         0x10001361        0x3 
 .bss           0x10001364      0x604 objdir-CW308_STM32F4/simpleserial.o
 .bss           0x10001968       0x9c objdir-CW308_STM32F4/stm32f4_hal.o
                0x10001968                RngHandle
                0x10001974                UartHandle
                0x100019f4                hw_key
 .bss           0x10001a04        0x4 objdir-CW308_STM32F4/stm32f4_hal_lowlevel.o
 .bss           0x10001a08        0x4 objdir-CW308_STM32F4/stm32f4_sysmem.o
 *(.bss*)
 .bss.__lock___atexit_recursive_mutex
                0x10001a0c        0x1 d:/cw_software/chipwhisperer5_64/cw/home/portable/armgcc/bin/../lib/gcc/arm-none-eabi/10.2.1/../../../../arm-none-eabi/lib/thumb/v7e-m/nofp\libg.a(lib_a-lock.o)
                0x10001a0c                __lock___atexit_recursive_mutex
 *fill*         0x10001a0d        0x3 
 .bss.__lock___malloc_recursive_mutex
                0x10001a10        0x1 d:/cw_software/chipwhisperer5_64/cw/home/portable/armgcc/bin/../lib/gcc/arm-none-eabi/10.2.1/../../../../arm-none-eabi/lib/thumb/v7e-m/nofp\libg.a(lib_a-lock.o)
                0x10001a10                __lock___malloc_recursive_mutex
 *fill*         0x10001a11        0x3 
 .bss.__lock___sfp_recursive_mutex
                0x10001a14        0x1 d:/cw_software/chipwhisperer5_64/cw/home/portable/armgcc/bin/../lib/gcc/arm-none-eabi/10.2.1/../../../../arm-none-eabi/lib/thumb/v7e-m/nofp\libg.a(lib_a-lock.o)
                0x10001a14                __lock___sfp_recursive_mutex
 *fill*         0x10001a15        0x3 
 .bss.__lock___sinit_recursive_mutex
                0x10001a18        0x1 d:/cw_software/chipwhisperer5_64/cw/home/portable/armgcc/bin/../lib/gcc/arm-none-eabi/10.2.1/../../../../arm-none-eabi/lib/thumb/v7e-m/nofp\libg.a(lib_a-lock.o)
                0x10001a18                __lock___sinit_recursive_mutex
 *fill*         0x10001a19        0x3 
 .bss.__malloc_current_mallinfo
                0x10001a1c       0x28 d:/cw_software/chipwhisperer5_64/cw/home/portable/armgcc/bin/../lib/gcc/arm-none-eabi/10.2.1/../../../../arm-none-eabi/lib/thumb/v7e-m/nofp\libg.a(lib_a-mallocr.o)
                0x10001a1c                __malloc_current_mallinfo
 .bss.__malloc_max_sbrked_mem
                0x10001a44        0x4 d:/cw_software/chipwhisperer5_64/cw/home/portable/armgcc/bin/../lib/gcc/arm-none-eabi/10.2.1/../../../../arm-none-eabi/lib/thumb/v7e-m/nofp\libg.a(lib_a-mallocr.o)
                0x10001a44                __malloc_max_sbrked_mem
 .bss.__malloc_max_total_mem
                0x10001a48        0x4 d:/cw_software/chipwhisperer5_64/cw/home/portable/armgcc/bin/../lib/gcc/arm-none-eabi/10.2.1/../../../../arm-none-eabi/lib/thumb/v7e-m/nofp\libg.a(lib_a-mallocr.o)
                0x10001a48                __malloc_max_total_mem
 .bss.__malloc_top_pad
                0x10001a4c        0x4 d:/cw_software/chipwhisperer5_64/cw/home/portable/armgcc/bin/../lib/gcc/arm-none-eabi/10.2.1/../../../../arm-none-eabi/lib/thumb/v7e-m/nofp\libg.a(lib_a-mallocr.o)
                0x10001a4c                __malloc_top_pad
 .bss.errno     0x10001a50        0x4 d:/cw_software/chipwhisperer5_64/cw/home/portable/armgcc/bin/../lib/gcc/arm-none-eabi/10.2.1/../../../../arm-none-eabi/lib/thumb/v7e-m/nofp\libg.a(lib_a-reent.o)
                0x10001a50                errno
 *(COMMON)
                0x10001a54                . = ALIGN (0x4)
                0x10001a54                _ebss = .
                0x10001a54                __bss_end__ = _ebss

._user_heap_stack
                0x10001a54      0x404 load address 0x0800c0f8
                0x10001a58                . = ALIGN (0x8)
 *fill*         0x10001a54        0x4 
                0x10001a58                PROVIDE (end = .)
                [!provide]                PROVIDE (_end = .)
                0x10001a58                . = (. + _Min_Heap_Size)
                0x10001e58                . = (. + _Min_Stack_Size)
 *fill*         0x10001a58      0x400 
                0x10001e58                . = ALIGN (0x8)

/DISCARD/
 libc.a(*)
 libm.a(*)
 libgcc.a(*)

.ARM.attributes
                0x00000000       0x2e
 *(.ARM.attributes)
 .ARM.attributes
                0x00000000       0x1e d:/cw_software/chipwhisperer5_64/cw/home/portable/armgcc/bin/../lib/gcc/arm-none-eabi/10.2.1/thumb/v7e-m/nofp/crti.o
 .ARM.attributes
                0x0000001e       0x2e d:/cw_software/chipwhisperer5_64/cw/home/portable/armgcc/bin/../lib/gcc/arm-none-eabi/10.2.1/thumb/v7e-m/nofp/crtbegin.o
 .ARM.attributes
                0x0000004c       0x2e objdir-CW308_STM32F4/PQCgenKAT_sign.o
 .ARM.attributes
                0x0000007a       0x2e objdir-CW308_STM32F4/sign.o
 .ARM.attributes
                0x000000a8       0x2e objdir-CW308_STM32F4/packing.o
 .ARM.attributes
                0x000000d6       0x2e objdir-CW308_STM32F4/poly.o
 .ARM.attributes
                0x00000104       0x2e objdir-CW308_STM32F4/polyvec.o
 .ARM.attributes
                0x00000132       0x2e objdir-CW308_STM32F4/rounding.o
 .ARM.attributes
                0x00000160       0x2e objdir-CW308_STM32F4/symmetric-shake.o
 .ARM.attributes
                0x0000018e       0x2e objdir-CW308_STM32F4/fips202.o
 .ARM.attributes
                0x000001bc       0x2e objdir-CW308_STM32F4/reduce.o
 .ARM.attributes
                0x000001ea       0x2e objdir-CW308_STM32F4/ntt.o
 .ARM.attributes
                0x00000218       0x2e objdir-CW308_STM32F4/simpleserial.o
 .ARM.attributes
                0x00000246       0x2e objdir-CW308_STM32F4/stm32f4_hal.o
 .ARM.attributes
                0x00000274       0x2e objdir-CW308_STM32F4/stm32f4_hal_lowlevel.o
 .ARM.attributes
                0x000002a2       0x2e objdir-CW308_STM32F4/stm32f4_sysmem.o
 .ARM.attributes
                0x000002d0       0x2e objdir-CW308_STM32F4/stm32f4xx_hal_rng.o
 .ARM.attributes
                0x000002fe       0x25 objdir-CW308_STM32F4/stm32f4_startup.o
 .ARM.attributes
                0x00000323       0x2e d:/cw_software/chipwhisperer5_64/cw/home/portable/armgcc/bin/../lib/gcc/arm-none-eabi/10.2.1/../../../../arm-none-eabi/lib/thumb/v7e-m/nofp\libg.a(lib_a-calloc.o)
 .ARM.attributes
                0x00000351       0x2e d:/cw_software/chipwhisperer5_64/cw/home/portable/armgcc/bin/../lib/gcc/arm-none-eabi/10.2.1/../../../../arm-none-eabi/lib/thumb/v7e-m/nofp\libg.a(lib_a-callocr.o)
 .ARM.attributes
                0x0000037f       0x2e d:/cw_software/chipwhisperer5_64/cw/home/portable/armgcc/bin/../lib/gcc/arm-none-eabi/10.2.1/../../../../arm-none-eabi/lib/thumb/v7e-m/nofp\libg.a(lib_a-ctype_.o)
 .ARM.attributes
                0x000003ad       0x2e d:/cw_software/chipwhisperer5_64/cw/home/portable/armgcc/bin/../lib/gcc/arm-none-eabi/10.2.1/../../../../arm-none-eabi/lib/thumb/v7e-m/nofp\libg.a(lib_a-errno.o)
 .ARM.attributes
                0x000003db       0x2e d:/cw_software/chipwhisperer5_64/cw/home/portable/armgcc/bin/../lib/gcc/arm-none-eabi/10.2.1/../../../../arm-none-eabi/lib/thumb/v7e-m/nofp\libg.a(lib_a-exit.o)
 .ARM.attributes
                0x00000409       0x2e d:/cw_software/chipwhisperer5_64/cw/home/portable/armgcc/bin/../lib/gcc/arm-none-eabi/10.2.1/../../../../arm-none-eabi/lib/thumb/v7e-m/nofp\libg.a(lib_a-findfp.o)
 .ARM.attributes
                0x00000437       0x2e d:/cw_software/chipwhisperer5_64/cw/home/portable/armgcc/bin/../lib/gcc/arm-none-eabi/10.2.1/../../../../arm-none-eabi/lib/thumb/v7e-m/nofp\libg.a(lib_a-fwalk.o)
 .ARM.attributes
                0x00000465       0x2e d:/cw_software/chipwhisperer5_64/cw/home/portable/armgcc/bin/../lib/gcc/arm-none-eabi/10.2.1/../../../../arm-none-eabi/lib/thumb/v7e-m/nofp\libg.a(lib_a-impure.o)
 .ARM.attributes
                0x00000493       0x2e d:/cw_software/chipwhisperer5_64/cw/home/portable/armgcc/bin/../lib/gcc/arm-none-eabi/10.2.1/../../../../arm-none-eabi/lib/thumb/v7e-m/nofp\libg.a(lib_a-init.o)
 .ARM.attributes
                0x000004c1       0x2e d:/cw_software/chipwhisperer5_64/cw/home/portable/armgcc/bin/../lib/gcc/arm-none-eabi/10.2.1/../../../../arm-none-eabi/lib/thumb/v7e-m/nofp\libg.a(lib_a-lock.o)
 .ARM.attributes
                0x000004ef       0x2e d:/cw_software/chipwhisperer5_64/cw/home/portable/armgcc/bin/../lib/gcc/arm-none-eabi/10.2.1/../../../../arm-none-eabi/lib/thumb/v7e-m/nofp\libg.a(lib_a-malloc.o)
 .ARM.attributes
                0x0000051d       0x2e d:/cw_software/chipwhisperer5_64/cw/home/portable/armgcc/bin/../lib/gcc/arm-none-eabi/10.2.1/../../../../arm-none-eabi/lib/thumb/v7e-m/nofp\libg.a(lib_a-mallocr.o)
 .ARM.attributes
                0x0000054b       0x2e d:/cw_software/chipwhisperer5_64/cw/home/portable/armgcc/bin/../lib/gcc/arm-none-eabi/10.2.1/../../../../arm-none-eabi/lib/thumb/v7e-m/nofp\libg.a(lib_a-memcmp.o)
 .ARM.attributes
                0x00000579       0x1c d:/cw_software/chipwhisperer5_64/cw/home/portable/armgcc/bin/../lib/gcc/arm-none-eabi/10.2.1/../../../../arm-none-eabi/lib/thumb/v7e-m/nofp\libg.a(lib_a-memcpy.o)
 .ARM.attributes
                0x00000595       0x2e d:/cw_software/chipwhisperer5_64/cw/home/portable/armgcc/bin/../lib/gcc/arm-none-eabi/10.2.1/../../../../arm-none-eabi/lib/thumb/v7e-m/nofp\libg.a(lib_a-memmove.o)
 .ARM.attributes
                0x000005c3       0x2e d:/cw_software/chipwhisperer5_64/cw/home/portable/armgcc/bin/../lib/gcc/arm-none-eabi/10.2.1/../../../../arm-none-eabi/lib/thumb/v7e-m/nofp\libg.a(lib_a-memset.o)
 .ARM.attributes
                0x000005f1       0x2e d:/cw_software/chipwhisperer5_64/cw/home/portable/armgcc/bin/../lib/gcc/arm-none-eabi/10.2.1/../../../../arm-none-eabi/lib/thumb/v7e-m/nofp\libg.a(lib_a-mlock.o)
 .ARM.attributes
                0x0000061f       0x2e d:/cw_software/chipwhisperer5_64/cw/home/portable/armgcc/bin/../lib/gcc/arm-none-eabi/10.2.1/../../../../arm-none-eabi/lib/thumb/v7e-m/nofp\libg.a(lib_a-printf.o)
 .ARM.attributes
                0x0000064d       0x2e d:/cw_software/chipwhisperer5_64/cw/home/portable/armgcc/bin/../lib/gcc/arm-none-eabi/10.2.1/../../../../arm-none-eabi/lib/thumb/v7e-m/nofp\libg.a(lib_a-puts.o)
 .ARM.attributes
                0x0000067b       0x2e d:/cw_software/chipwhisperer5_64/cw/home/portable/armgcc/bin/../lib/gcc/arm-none-eabi/10.2.1/../../../../arm-none-eabi/lib/thumb/v7e-m/nofp\libg.a(lib_a-sbrkr.o)
 .ARM.attributes
                0x000006a9       0x2e d:/cw_software/chipwhisperer5_64/cw/home/portable/armgcc/bin/../lib/gcc/arm-none-eabi/10.2.1/../../../../arm-none-eabi/lib/thumb/v7e-m/nofp\libg.a(lib_a-stdio.o)
 .ARM.attributes
                0x000006d7       0x1c d:/cw_software/chipwhisperer5_64/cw/home/portable/armgcc/bin/../lib/gcc/arm-none-eabi/10.2.1/../../../../arm-none-eabi/lib/thumb/v7e-m/nofp\libg.a(lib_a-strlen.o)
 .ARM.attributes
                0x000006f3       0x2e d:/cw_software/chipwhisperer5_64/cw/home/portable/armgcc/bin/../lib/gcc/arm-none-eabi/10.2.1/../../../../arm-none-eabi/lib/thumb/v7e-m/nofp\libg.a(lib_a-vfprintf.o)
 .ARM.attributes
                0x00000721       0x2e d:/cw_software/chipwhisperer5_64/cw/home/portable/armgcc/bin/../lib/gcc/arm-none-eabi/10.2.1/../../../../arm-none-eabi/lib/thumb/v7e-m/nofp\libg.a(lib_a-writer.o)
 .ARM.attributes
                0x0000074f       0x2e d:/cw_software/chipwhisperer5_64/cw/home/portable/armgcc/bin/../lib/gcc/arm-none-eabi/10.2.1/../../../../arm-none-eabi/lib/thumb/v7e-m/nofp\libg.a(lib_a-wsetup.o)
 .ARM.attributes
                0x0000077d       0x2e d:/cw_software/chipwhisperer5_64/cw/home/portable/armgcc/bin/../lib/gcc/arm-none-eabi/10.2.1/../../../../arm-none-eabi/lib/thumb/v7e-m/nofp\libg.a(lib_a-__call_atexit.o)
 .ARM.attributes
                0x000007ab       0x2e d:/cw_software/chipwhisperer5_64/cw/home/portable/armgcc/bin/../lib/gcc/arm-none-eabi/10.2.1/../../../../arm-none-eabi/lib/thumb/v7e-m/nofp\libg.a(lib_a-atexit.o)
 .ARM.attributes
                0x000007d9       0x2e d:/cw_software/chipwhisperer5_64/cw/home/portable/armgcc/bin/../lib/gcc/arm-none-eabi/10.2.1/../../../../arm-none-eabi/lib/thumb/v7e-m/nofp\libg.a(lib_a-closer.o)
 .ARM.attributes
                0x00000807       0x2e d:/cw_software/chipwhisperer5_64/cw/home/portable/armgcc/bin/../lib/gcc/arm-none-eabi/10.2.1/../../../../arm-none-eabi/lib/thumb/v7e-m/nofp\libg.a(lib_a-dtoa.o)
 .ARM.attributes
                0x00000835       0x2e d:/cw_software/chipwhisperer5_64/cw/home/portable/armgcc/bin/../lib/gcc/arm-none-eabi/10.2.1/../../../../arm-none-eabi/lib/thumb/v7e-m/nofp\libg.a(lib_a-fclose.o)
 .ARM.attributes
                0x00000863       0x2e d:/cw_software/chipwhisperer5_64/cw/home/portable/armgcc/bin/../lib/gcc/arm-none-eabi/10.2.1/../../../../arm-none-eabi/lib/thumb/v7e-m/nofp\libg.a(lib_a-fflush.o)
 .ARM.attributes
                0x00000891       0x2e d:/cw_software/chipwhisperer5_64/cw/home/portable/armgcc/bin/../lib/gcc/arm-none-eabi/10.2.1/../../../../arm-none-eabi/lib/thumb/v7e-m/nofp\libg.a(lib_a-fini.o)
 .ARM.attributes
                0x000008bf       0x2e d:/cw_software/chipwhisperer5_64/cw/home/portable/armgcc/bin/../lib/gcc/arm-none-eabi/10.2.1/../../../../arm-none-eabi/lib/thumb/v7e-m/nofp\libg.a(lib_a-freer.o)
 .ARM.attributes
                0x000008ed       0x2e d:/cw_software/chipwhisperer5_64/cw/home/portable/armgcc/bin/../lib/gcc/arm-none-eabi/10.2.1/../../../../arm-none-eabi/lib/thumb/v7e-m/nofp\libg.a(lib_a-fvwrite.o)
 .ARM.attributes
                0x0000091b       0x2e d:/cw_software/chipwhisperer5_64/cw/home/portable/armgcc/bin/../lib/gcc/arm-none-eabi/10.2.1/../../../../arm-none-eabi/lib/thumb/v7e-m/nofp\libg.a(lib_a-localeconv.o)
 .ARM.attributes
                0x00000949       0x2e d:/cw_software/chipwhisperer5_64/cw/home/portable/armgcc/bin/../lib/gcc/arm-none-eabi/10.2.1/../../../../arm-none-eabi/lib/thumb/v7e-m/nofp\libg.a(lib_a-lseekr.o)
 .ARM.attributes
                0x00000977       0x2e d:/cw_software/chipwhisperer5_64/cw/home/portable/armgcc/bin/../lib/gcc/arm-none-eabi/10.2.1/../../../../arm-none-eabi/lib/thumb/v7e-m/nofp\libg.a(lib_a-makebuf.o)
 .ARM.attributes
                0x000009a5       0x1c d:/cw_software/chipwhisperer5_64/cw/home/portable/armgcc/bin/../lib/gcc/arm-none-eabi/10.2.1/../../../../arm-none-eabi/lib/thumb/v7e-m/nofp\libg.a(lib_a-memchr.o)
 .ARM.attributes
                0x000009c1       0x2e d:/cw_software/chipwhisperer5_64/cw/home/portable/armgcc/bin/../lib/gcc/arm-none-eabi/10.2.1/../../../../arm-none-eabi/lib/thumb/v7e-m/nofp\libg.a(lib_a-mprec.o)
 .ARM.attributes
                0x000009ef       0x2e d:/cw_software/chipwhisperer5_64/cw/home/portable/armgcc/bin/../lib/gcc/arm-none-eabi/10.2.1/../../../../arm-none-eabi/lib/thumb/v7e-m/nofp\libg.a(lib_a-readr.o)
 .ARM.attributes
                0x00000a1d       0x2e d:/cw_software/chipwhisperer5_64/cw/home/portable/armgcc/bin/../lib/gcc/arm-none-eabi/10.2.1/../../../../arm-none-eabi/lib/thumb/v7e-m/nofp\libg.a(lib_a-reallocr.o)
 .ARM.attributes
                0x00000a4b       0x2e d:/cw_software/chipwhisperer5_64/cw/home/portable/armgcc/bin/../lib/gcc/arm-none-eabi/10.2.1/../../../../arm-none-eabi/lib/thumb/v7e-m/nofp\libg.a(lib_a-reent.o)
 .ARM.attributes
                0x00000a79       0x2e d:/cw_software/chipwhisperer5_64/cw/home/portable/armgcc/bin/../lib/gcc/arm-none-eabi/10.2.1/../../../../arm-none-eabi/lib/thumb/v7e-m/nofp\libg.a(lib_a-s_frexp.o)
 .ARM.attributes
                0x00000aa7       0x2e d:/cw_software/chipwhisperer5_64/cw/home/portable/armgcc/bin/../lib/gcc/arm-none-eabi/10.2.1/../../../../arm-none-eabi/lib/thumb/v7e-m/nofp\libg.a(lib_a-strncpy.o)
 .ARM.attributes
                0x00000ad5       0x2e d:/cw_software/chipwhisperer5_64/cw/home/portable/armgcc/bin/../lib/gcc/arm-none-eabi/10.2.1/../../../../arm-none-eabi/lib/thumb/v7e-m/nofp\libg.a(lib_a-vfiprintf.o)
 .ARM.attributes
                0x00000b03       0x2e d:/cw_software/chipwhisperer5_64/cw/home/portable/armgcc/bin/../lib/gcc/arm-none-eabi/10.2.1/../../../../arm-none-eabi/lib/thumb/v7e-m/nofp\libg.a(lib_a-__atexit.o)
 .ARM.attributes
                0x00000b31       0x2e d:/cw_software/chipwhisperer5_64/cw/home/portable/armgcc/bin/../lib/gcc/arm-none-eabi/10.2.1/../../../../arm-none-eabi/lib/thumb/v7e-m/nofp\libg.a(lib_a-assert.o)
 .ARM.attributes
                0x00000b5f       0x2e d:/cw_software/chipwhisperer5_64/cw/home/portable/armgcc/bin/../lib/gcc/arm-none-eabi/10.2.1/../../../../arm-none-eabi/lib/thumb/v7e-m/nofp\libg.a(lib_a-fiprintf.o)
 .ARM.attributes
                0x00000b8d       0x2e d:/cw_software/chipwhisperer5_64/cw/home/portable/armgcc/bin/../lib/gcc/arm-none-eabi/10.2.1/../../../../arm-none-eabi/lib/thumb/v7e-m/nofp\libg.a(lib_a-fputwc.o)
 .ARM.attributes
                0x00000bbb       0x2e d:/cw_software/chipwhisperer5_64/cw/home/portable/armgcc/bin/../lib/gcc/arm-none-eabi/10.2.1/../../../../arm-none-eabi/lib/thumb/v7e-m/nofp\libg.a(lib_a-fstatr.o)
 .ARM.attributes
                0x00000be9       0x2e d:/cw_software/chipwhisperer5_64/cw/home/portable/armgcc/bin/../lib/gcc/arm-none-eabi/10.2.1/../../../../arm-none-eabi/lib/thumb/v7e-m/nofp\libg.a(lib_a-isattyr.o)
 .ARM.attributes
                0x00000c17       0x2e d:/cw_software/chipwhisperer5_64/cw/home/portable/armgcc/bin/../lib/gcc/arm-none-eabi/10.2.1/../../../../arm-none-eabi/lib/thumb/v7e-m/nofp\libg.a(lib_a-locale.o)
 .ARM.attributes
                0x00000c45       0x2e d:/cw_software/chipwhisperer5_64/cw/home/portable/armgcc/bin/../lib/gcc/arm-none-eabi/10.2.1/../../../../arm-none-eabi/lib/thumb/v7e-m/nofp\libg.a(lib_a-mbtowc_r.o)
 .ARM.attributes
                0x00000c73       0x2e d:/cw_software/chipwhisperer5_64/cw/home/portable/armgcc/bin/../lib/gcc/arm-none-eabi/10.2.1/../../../../arm-none-eabi/lib/thumb/v7e-m/nofp\libg.a(lib_a-wbuf.o)
 .ARM.attributes
                0x00000ca1       0x2e d:/cw_software/chipwhisperer5_64/cw/home/portable/armgcc/bin/../lib/gcc/arm-none-eabi/10.2.1/../../../../arm-none-eabi/lib/thumb/v7e-m/nofp\libg.a(lib_a-wcrtomb.o)
 .ARM.attributes
                0x00000ccf       0x2e d:/cw_software/chipwhisperer5_64/cw/home/portable/armgcc/bin/../lib/gcc/arm-none-eabi/10.2.1/../../../../arm-none-eabi/lib/thumb/v7e-m/nofp\libg.a(lib_a-wctomb_r.o)
 .ARM.attributes
                0x00000cfd       0x2e d:/cw_software/chipwhisperer5_64/cw/home/portable/armgcc/bin/../lib/gcc/arm-none-eabi/10.2.1/../../../../arm-none-eabi/lib/thumb/v7e-m/nofp\libg.a(lib_a-abort.o)
 .ARM.attributes
                0x00000d2b       0x2e d:/cw_software/chipwhisperer5_64/cw/home/portable/armgcc/bin/../lib/gcc/arm-none-eabi/10.2.1/../../../../arm-none-eabi/lib/thumb/v7e-m/nofp\libg.a(lib_a-signal.o)
 .ARM.attributes
                0x00000d59       0x2e d:/cw_software/chipwhisperer5_64/cw/home/portable/armgcc/bin/../lib/gcc/arm-none-eabi/10.2.1/../../../../arm-none-eabi/lib/thumb/v7e-m/nofp\libg.a(lib_a-signalr.o)
 .ARM.attributes
                0x00000d87       0x1e d:/cw_software/chipwhisperer5_64/cw/home/portable/armgcc/bin/../lib/gcc/arm-none-eabi/10.2.1/thumb/v7e-m/nofp\libgcc.a(_arm_addsubdf3.o)
 .ARM.attributes
                0x00000da5       0x1e d:/cw_software/chipwhisperer5_64/cw/home/portable/armgcc/bin/../lib/gcc/arm-none-eabi/10.2.1/thumb/v7e-m/nofp\libgcc.a(_arm_muldivdf3.o)
 .ARM.attributes
                0x00000dc3       0x1e d:/cw_software/chipwhisperer5_64/cw/home/portable/armgcc/bin/../lib/gcc/arm-none-eabi/10.2.1/thumb/v7e-m/nofp\libgcc.a(_arm_cmpdf2.o)
 .ARM.attributes
                0x00000de1       0x1e d:/cw_software/chipwhisperer5_64/cw/home/portable/armgcc/bin/../lib/gcc/arm-none-eabi/10.2.1/thumb/v7e-m/nofp\libgcc.a(_arm_unorddf2.o)
 .ARM.attributes
                0x00000dff       0x1e d:/cw_software/chipwhisperer5_64/cw/home/portable/armgcc/bin/../lib/gcc/arm-none-eabi/10.2.1/thumb/v7e-m/nofp\libgcc.a(_arm_fixdfsi.o)
 .ARM.attributes
                0x00000e1d       0x1e d:/cw_software/chipwhisperer5_64/cw/home/portable/armgcc/bin/../lib/gcc/arm-none-eabi/10.2.1/thumb/v7e-m/nofp\libgcc.a(_aeabi_uldivmod.o)
 .ARM.attributes
                0x00000e3b       0x2e d:/cw_software/chipwhisperer5_64/cw/home/portable/armgcc/bin/../lib/gcc/arm-none-eabi/10.2.1/thumb/v7e-m/nofp\libgcc.a(_udivmoddi4.o)
 .ARM.attributes
                0x00000e69       0x1e d:/cw_software/chipwhisperer5_64/cw/home/portable/armgcc/bin/../lib/gcc/arm-none-eabi/10.2.1/thumb/v7e-m/nofp\libgcc.a(_dvmd_tls.o)
 .ARM.attributes
                0x00000e87       0x2e d:/cw_software/chipwhisperer5_64/cw/home/portable/armgcc/bin/../lib/gcc/arm-none-eabi/10.2.1/../../../../arm-none-eabi/lib/thumb/v7e-m/nofp\libnosys.a(close.o)
 .ARM.attributes
                0x00000eb5       0x2e d:/cw_software/chipwhisperer5_64/cw/home/portable/armgcc/bin/../lib/gcc/arm-none-eabi/10.2.1/../../../../arm-none-eabi/lib/thumb/v7e-m/nofp\libnosys.a(fstat.o)
 .ARM.attributes
                0x00000ee3       0x2e d:/cw_software/chipwhisperer5_64/cw/home/portable/armgcc/bin/../lib/gcc/arm-none-eabi/10.2.1/../../../../arm-none-eabi/lib/thumb/v7e-m/nofp\libnosys.a(getpid.o)
 .ARM.attributes
                0x00000f11       0x2e d:/cw_software/chipwhisperer5_64/cw/home/portable/armgcc/bin/../lib/gcc/arm-none-eabi/10.2.1/../../../../arm-none-eabi/lib/thumb/v7e-m/nofp\libnosys.a(isatty.o)
 .ARM.attributes
                0x00000f3f       0x2e d:/cw_software/chipwhisperer5_64/cw/home/portable/armgcc/bin/../lib/gcc/arm-none-eabi/10.2.1/../../../../arm-none-eabi/lib/thumb/v7e-m/nofp\libnosys.a(kill.o)
 .ARM.attributes
                0x00000f6d       0x2e d:/cw_software/chipwhisperer5_64/cw/home/portable/armgcc/bin/../lib/gcc/arm-none-eabi/10.2.1/../../../../arm-none-eabi/lib/thumb/v7e-m/nofp\libnosys.a(lseek.o)
 .ARM.attributes
                0x00000f9b       0x2e d:/cw_software/chipwhisperer5_64/cw/home/portable/armgcc/bin/../lib/gcc/arm-none-eabi/10.2.1/../../../../arm-none-eabi/lib/thumb/v7e-m/nofp\libnosys.a(read.o)
 .ARM.attributes
                0x00000fc9       0x2e d:/cw_software/chipwhisperer5_64/cw/home/portable/armgcc/bin/../lib/gcc/arm-none-eabi/10.2.1/../../../../arm-none-eabi/lib/thumb/v7e-m/nofp\libnosys.a(write.o)
 .ARM.attributes
                0x00000ff7       0x2e d:/cw_software/chipwhisperer5_64/cw/home/portable/armgcc/bin/../lib/gcc/arm-none-eabi/10.2.1/../../../../arm-none-eabi/lib/thumb/v7e-m/nofp\libnosys.a(_exit.o)
 .ARM.attributes
                0x00001025       0x1e d:/cw_software/chipwhisperer5_64/cw/home/portable/armgcc/bin/../lib/gcc/arm-none-eabi/10.2.1/thumb/v7e-m/nofp/crtn.o
OUTPUT(PQCgenKAT_sign-CW308_STM32F4.elf elf32-littlearm)
LOAD linker stubs
LOAD d:/cw_software/chipwhisperer5_64/cw/home/portable/armgcc/bin/../lib/gcc/arm-none-eabi/10.2.1/../../../../arm-none-eabi/lib/thumb/v7e-m/nofp\libc.a
LOAD d:/cw_software/chipwhisperer5_64/cw/home/portable/armgcc/bin/../lib/gcc/arm-none-eabi/10.2.1/../../../../arm-none-eabi/lib/thumb/v7e-m/nofp\libm.a
LOAD d:/cw_software/chipwhisperer5_64/cw/home/portable/armgcc/bin/../lib/gcc/arm-none-eabi/10.2.1/thumb/v7e-m/nofp\libgcc.a

.debug_info     0x00000000     0xd1de
 .debug_info    0x00000000     0x1dc8 objdir-CW308_STM32F4/PQCgenKAT_sign.o
 .debug_info    0x00001dc8     0x16e3 objdir-CW308_STM32F4/sign.o
 .debug_info    0x000034ab      0x679 objdir-CW308_STM32F4/packing.o
 .debug_info    0x00003b24     0x11fa objdir-CW308_STM32F4/poly.o
 .debug_info    0x00004d1e     0x1150 objdir-CW308_STM32F4/polyvec.o
 .debug_info    0x00005e6e      0x1f6 objdir-CW308_STM32F4/rounding.o
 .debug_info    0x00006064      0x313 objdir-CW308_STM32F4/symmetric-shake.o
 .debug_info    0x00006377     0x24eb objdir-CW308_STM32F4/fips202.o
 .debug_info    0x00008862      0x1e1 objdir-CW308_STM32F4/reduce.o
 .debug_info    0x00008a43      0x247 objdir-CW308_STM32F4/ntt.o
 .debug_info    0x00008c8a      0x8c3 objdir-CW308_STM32F4/simpleserial.o
 .debug_info    0x0000954d     0x177c objdir-CW308_STM32F4/stm32f4_hal.o
 .debug_info    0x0000acc9     0x1e8d objdir-CW308_STM32F4/stm32f4_hal_lowlevel.o
 .debug_info    0x0000cb56      0x119 objdir-CW308_STM32F4/stm32f4_sysmem.o
 .debug_info    0x0000cc6f      0x56f objdir-CW308_STM32F4/stm32f4xx_hal_rng.o

.debug_abbrev   0x00000000     0x1fcb
 .debug_abbrev  0x00000000      0x36b objdir-CW308_STM32F4/PQCgenKAT_sign.o
 .debug_abbrev  0x0000036b      0x248 objdir-CW308_STM32F4/sign.o
 .debug_abbrev  0x000005b3      0x14b objdir-CW308_STM32F4/packing.o
 .debug_abbrev  0x000006fe      0x31d objdir-CW308_STM32F4/poly.o