Archive member included to satisfy reference by file (symbol)

d:/cw_software/chipwhisperer5_64/cw/home/portable/armgcc/bin/../lib/gcc/arm-none-eabi/10.2.1/../../../../arm-none-eabi/lib/thumb/v7e-m/nofp\libg.a(lib_a-errno.o)
                              objdir-CW308_STM32F4/stm32f4_sysmem.o (__errno)
d:/cw_software/chipwhisperer5_64/cw/home/portable/armgcc/bin/../lib/gcc/arm-none-eabi/10.2.1/../../../../arm-none-eabi/lib/thumb/v7e-m/nofp\libg.a(lib_a-exit.o)
                              d:/cw_software/chipwhisperer5_64/cw/home/portable/armgcc/bin/../lib/gcc/arm-none-eabi/10.2.1/../../../../arm-none-eabi/lib/thumb/v7e-m/nofp/crt0.o (exit)
d:/cw_software/chipwhisperer5_64/cw/home/portable/armgcc/bin/../lib/gcc/arm-none-eabi/10.2.1/../../../../arm-none-eabi/lib/thumb/v7e-m/nofp\libg.a(lib_a-impure.o)
                              d:/cw_software/chipwhisperer5_64/cw/home/portable/armgcc/bin/../lib/gcc/arm-none-eabi/10.2.1/../../../../arm-none-eabi/lib/thumb/v7e-m/nofp\libg.a(lib_a-exit.o) (_global_impure_ptr)
d:/cw_software/chipwhisperer5_64/cw/home/portable/armgcc/bin/../lib/gcc/arm-none-eabi/10.2.1/../../../../arm-none-eabi/lib/thumb/v7e-m/nofp\libg.a(lib_a-init.o)
                              d:/cw_software/chipwhisperer5_64/cw/home/portable/armgcc/bin/../lib/gcc/arm-none-eabi/10.2.1/../../../../arm-none-eabi/lib/thumb/v7e-m/nofp/crt0.o (__libc_init_array)
d:/cw_software/chipwhisperer5_64/cw/home/portable/armgcc/bin/../lib/gcc/arm-none-eabi/10.2.1/../../../../arm-none-eabi/lib/thumb/v7e-m/nofp\libg.a(lib_a-memcpy.o)
                              objdir-CW308_STM32F4/mask_main.o (memcpy)
d:/cw_software/chipwhisperer5_64/cw/home/portable/armgcc/bin/../lib/gcc/arm-none-eabi/10.2.1/../../../../arm-none-eabi/lib/thumb/v7e-m/nofp\libg.a(lib_a-memset.o)
                              d:/cw_software/chipwhisperer5_64/cw/home/portable/armgcc/bin/../lib/gcc/arm-none-eabi/10.2.1/../../../../arm-none-eabi/lib/thumb/v7e-m/nofp/crt0.o (memset)
d:/cw_software/chipwhisperer5_64/cw/home/portable/armgcc/bin/../lib/gcc/arm-none-eabi/10.2.1/../../../../arm-none-eabi/lib/thumb/v7e-m/nofp\libg.a(lib_a-rand.o)
                              objdir-CW308_STM32F4/masked_fips202.o (rand)
d:/cw_software/chipwhisperer5_64/cw/home/portable/armgcc/bin/../lib/gcc/arm-none-eabi/10.2.1/../../../../arm-none-eabi/lib/thumb/v7e-m/nofp\libg.a(lib_a-__call_atexit.o)
                              d:/cw_software/chipwhisperer5_64/cw/home/portable/armgcc/bin/../lib/gcc/arm-none-eabi/10.2.1/../../../../arm-none-eabi/lib/thumb/v7e-m/nofp\libg.a(lib_a-exit.o) (__call_exitprocs)
d:/cw_software/chipwhisperer5_64/cw/home/portable/armgcc/bin/../lib/gcc/arm-none-eabi/10.2.1/../../../../arm-none-eabi/lib/thumb/v7e-m/nofp\libg.a(lib_a-atexit.o)
                              d:/cw_software/chipwhisperer5_64/cw/home/portable/armgcc/bin/../lib/gcc/arm-none-eabi/10.2.1/../../../../arm-none-eabi/lib/thumb/v7e-m/nofp\libg.a(lib_a-__call_atexit.o) (atexit)
d:/cw_software/chipwhisperer5_64/cw/home/portable/armgcc/bin/../lib/gcc/arm-none-eabi/10.2.1/../../../../arm-none-eabi/lib/thumb/v7e-m/nofp\libg.a(lib_a-fini.o)
                              d:/cw_software/chipwhisperer5_64/cw/home/portable/armgcc/bin/../lib/gcc/arm-none-eabi/10.2.1/../../../../arm-none-eabi/lib/thumb/v7e-m/nofp\libg.a(lib_a-__call_atexit.o) (__libc_fini_array)
d:/cw_software/chipwhisperer5_64/cw/home/portable/armgcc/bin/../lib/gcc/arm-none-eabi/10.2.1/../../../../arm-none-eabi/lib/thumb/v7e-m/nofp\libg.a(lib_a-lock.o)
                              d:/cw_software/chipwhisperer5_64/cw/home/portable/armgcc/bin/../lib/gcc/arm-none-eabi/10.2.1/../../../../arm-none-eabi/lib/thumb/v7e-m/nofp\libg.a(lib_a-__call_atexit.o) (__retarget_lock_acquire_recursive)
d:/cw_software/chipwhisperer5_64/cw/home/portable/armgcc/bin/../lib/gcc/arm-none-eabi/10.2.1/../../../../arm-none-eabi/lib/thumb/v7e-m/nofp\libg.a(lib_a-__atexit.o)
                              d:/cw_software/chipwhisperer5_64/cw/home/portable/armgcc/bin/../lib/gcc/arm-none-eabi/10.2.1/../../../../arm-none-eabi/lib/thumb/v7e-m/nofp\libg.a(lib_a-atexit.o) (__register_exitproc)
d:/cw_software/chipwhisperer5_64/cw/home/portable/armgcc/bin/../lib/gcc/arm-none-eabi/10.2.1/../../../../arm-none-eabi/lib/thumb/v7e-m/nofp\libnosys.a(_exit.o)
                              d:/cw_software/chipwhisperer5_64/cw/home/portable/armgcc/bin/../lib/gcc/arm-none-eabi/10.2.1/../../../../arm-none-eabi/lib/thumb/v7e-m/nofp\libg.a(lib_a-exit.o) (_exit)

Discarded input sections

 .text          0x00000000        0x0 d:/cw_software/chipwhisperer5_64/cw/home/portable/armgcc/bin/../lib/gcc/arm-none-eabi/10.2.1/thumb/v7e-m/nofp/crti.o
 .data          0x00000000        0x0 d:/cw_software/chipwhisperer5_64/cw/home/portable/armgcc/bin/../lib/gcc/arm-none-eabi/10.2.1/thumb/v7e-m/nofp/crti.o
 .bss           0x00000000        0x0 d:/cw_software/chipwhisperer5_64/cw/home/portable/armgcc/bin/../lib/gcc/arm-none-eabi/10.2.1/thumb/v7e-m/nofp/crti.o
 .data          0x00000000        0x4 d:/cw_software/chipwhisperer5_64/cw/home/portable/armgcc/bin/../lib/gcc/arm-none-eabi/10.2.1/thumb/v7e-m/nofp/crtbegin.o
 .rodata        0x00000000       0x24 d:/cw_software/chipwhisperer5_64/cw/home/portable/armgcc/bin/../lib/gcc/arm-none-eabi/10.2.1/thumb/v7e-m/nofp/crtbegin.o
 .text          0x00000000       0x7c d:/cw_software/chipwhisperer5_64/cw/home/portable/armgcc/bin/../lib/gcc/arm-none-eabi/10.2.1/../../../../arm-none-eabi/lib/thumb/v7e-m/nofp/crt0.o
 .data          0x00000000        0x0 d:/cw_software/chipwhisperer5_64/cw/home/portable/armgcc/bin/../lib/gcc/arm-none-eabi/10.2.1/../../../../arm-none-eabi/lib/thumb/v7e-m/nofp/crt0.o
 .bss           0x00000000        0x0 d:/cw_software/chipwhisperer5_64/cw/home/portable/armgcc/bin/../lib/gcc/arm-none-eabi/10.2.1/../../../../arm-none-eabi/lib/thumb/v7e-m/nofp/crt0.o
 .ARM.extab     0x00000000        0x0 d:/cw_software/chipwhisperer5_64/cw/home/portable/armgcc/bin/../lib/gcc/arm-none-eabi/10.2.1/../../../../arm-none-eabi/lib/thumb/v7e-m/nofp/crt0.o
 .ARM.exidx     0x00000000       0x10 d:/cw_software/chipwhisperer5_64/cw/home/portable/armgcc/bin/../lib/gcc/arm-none-eabi/10.2.1/../../../../arm-none-eabi/lib/thumb/v7e-m/nofp/crt0.o
 .ARM.attributes
                0x00000000       0x1c d:/cw_software/chipwhisperer5_64/cw/home/portable/armgcc/bin/../lib/gcc/arm-none-eabi/10.2.1/../../../../arm-none-eabi/lib/thumb/v7e-m/nofp/crt0.o
 .text          0x00000000        0x0 objdir-CW308_STM32F4/mask_main.o
 .data          0x00000000        0x0 objdir-CW308_STM32F4/mask_main.o
 .bss           0x00000000        0x0 objdir-CW308_STM32F4/mask_main.o
 .text          0x00000000        0x0 objdir-CW308_STM32F4/fips202.o
 .data          0x00000000        0x0 objdir-CW308_STM32F4/fips202.o
 .bss           0x00000000        0x0 objdir-CW308_STM32F4/fips202.o
 .text.keccak_squeezeblocks
                0x00000000       0x3e objdir-CW308_STM32F4/fips202.o
 .text.pqcrystals_fips202_ref_shake128_init
                0x00000000        0x4 objdir-CW308_STM32F4/fips202.o
 .text.pqcrystals_fips202_ref_shake128_absorb
                0x00000000       0x1a objdir-CW308_STM32F4/fips202.o
 .text.pqcrystals_fips202_ref_shake128_finalize
                0x00000000       0x18 objdir-CW308_STM32F4/fips202.o
 .text.pqcrystals_fips202_ref_shake128_squeezeblocks
                0x00000000        0x6 objdir-CW308_STM32F4/fips202.o
 .text.pqcrystals_fips202_ref_shake128_squeeze
                0x00000000       0x18 objdir-CW308_STM32F4/fips202.o
 .text.pqcrystals_fips202_ref_shake256_squeezeblocks
                0x00000000        0x6 objdir-CW308_STM32F4/fips202.o
 .text.pqcrystals_fips202_ref_shake128
                0x00000000       0x30 objdir-CW308_STM32F4/fips202.o
 .text.pqcrystals_fips202_ref_shake256
                0x00000000       0x30 objdir-CW308_STM32F4/fips202.o
 .text.pqcrystals_fips202_ref_sha3_256
                0x00000000       0x42 objdir-CW308_STM32F4/fips202.o
 .text.pqcrystals_fips202_ref_sha3_512
                0x00000000       0x42 objdir-CW308_STM32F4/fips202.o
 .text          0x00000000        0x0 objdir-CW308_STM32F4/masked_fips202.o
 .data          0x00000000        0x0 objdir-CW308_STM32F4/masked_fips202.o
 .bss           0x00000000        0x0 objdir-CW308_STM32F4/masked_fips202.o
 .text.shake128_absorb_masked
                0x00000000       0x16 objdir-CW308_STM32F4/masked_fips202.o
 .text.shake128_squeezeblocks_masked
                0x00000000       0x10 objdir-CW308_STM32F4/masked_fips202.o
 .text.shake128_masked
                0x00000000       0x5e objdir-CW308_STM32F4/masked_fips202.o
 .text.sha3_256_masked
                0x00000000       0x7a objdir-CW308_STM32F4/masked_fips202.o
 .text.sha3_512_masked
                0x00000000       0x7a objdir-CW308_STM32F4/masked_fips202.o
 .text          0x00000000        0x0 objdir-CW308_STM32F4/masking_interface.o
 .data          0x00000000        0x0 objdir-CW308_STM32F4/masking_interface.o
 .bss           0x00000000        0x0 objdir-CW308_STM32F4/masking_interface.o
 .text.canon_to_centered
                0x00000000       0x18 objdir-CW308_STM32F4/masking_interface.o
 .text.center   0x00000000       0x24 objdir-CW308_STM32F4/masking_interface.o
 .text.center_to_canon
                0x00000000       0x10 objdir-CW308_STM32F4/masking_interface.o
 .debug_info    0x00000000      0x14a objdir-CW308_STM32F4/masking_interface.o
 .debug_abbrev  0x00000000       0x9d objdir-CW308_STM32F4/masking_interface.o
 .debug_loc     0x00000000       0xab objdir-CW308_STM32F4/masking_interface.o
 .debug_aranges
                0x00000000       0x30 objdir-CW308_STM32F4/masking_interface.o
 .debug_ranges  0x00000000       0x20 objdir-CW308_STM32F4/masking_interface.o
 .debug_line    0x00000000      0x18a objdir-CW308_STM32F4/masking_interface.o
 .debug_str     0x00000000      0x22e objdir-CW308_STM32F4/masking_interface.o
 .comment       0x00000000       0x4e objdir-CW308_STM32F4/masking_interface.o
 .debug_frame   0x00000000       0x40 objdir-CW308_STM32F4/masking_interface.o
 .ARM.attributes
                0x00000000       0x2e objdir-CW308_STM32F4/masking_interface.o
 .text          0x00000000        0x0 objdir-CW308_STM32F4/simpleserial.o
 .data          0x00000000        0x0 objdir-CW308_STM32F4/simpleserial.o
 .text.hex_decode
                0x00000000       0x78 objdir-CW308_STM32F4/simpleserial.o
 .text.ss_puts  0x00000000       0x14 objdir-CW308_STM32F4/simpleserial.o
 .text.check_version
                0x00000000       0x1c objdir-CW308_STM32F4/simpleserial.o
 .text.ss_get_commands
                0x00000000       0x38 objdir-CW308_STM32F4/simpleserial.o
 .text.simpleserial_put1
                0x00000000       0x60 objdir-CW308_STM32F4/simpleserial.o
 .text          0x00000000        0x0 objdir-CW308_STM32F4/stm32f4_hal.o
 .data          0x00000000        0x0 objdir-CW308_STM32F4/stm32f4_hal.o
 .text.get_rand
                0x00000000       0x20 objdir-CW308_STM32F4/stm32f4_hal.o
 .text.HW_AES128_LoadKey
                0x00000000       0x18 objdir-CW308_STM32F4/stm32f4_hal.o
 .text.HW_AES128_Init
                0x00000000       0x4c objdir-CW308_STM32F4/stm32f4_hal.o
 .text.HW_AES128_Enc_pretrigger
                0x00000000        0xc objdir-CW308_STM32F4/stm32f4_hal.o
 .text.HW_AES128_Enc
                0x00000000       0x20 objdir-CW308_STM32F4/stm32f4_hal.o
 .text.HW_AES128_Enc_posttrigger
                0x00000000        0x2 objdir-CW308_STM32F4/stm32f4_hal.o
 .text.HW_AES128_Dec
                0x00000000       0x28 objdir-CW308_STM32F4/stm32f4_hal.o
 .text          0x00000000        0x0 objdir-CW308_STM32F4/stm32f4_hal_lowlevel.o
 .data          0x00000000        0x0 objdir-CW308_STM32F4/stm32f4_hal_lowlevel.o
 .text.CRYP_SetKey
                0x00000000       0x7e objdir-CW308_STM32F4/stm32f4_hal_lowlevel.o
 .text.CRYP_ProcessData
                0x00000000       0x98 objdir-CW308_STM32F4/stm32f4_hal_lowlevel.o
 .text.RCC_AHB2PeriphClockCmd
                0x00000000       0x18 objdir-CW308_STM32F4/stm32f4_hal_lowlevel.o
 .text.HAL_RCC_GetPCLK1Freq
                0x00000000        0x8 objdir-CW308_STM32F4/stm32f4_hal_lowlevel.o
 .text.HAL_RCC_GetPCLK2Freq
                0x00000000        0x8 objdir-CW308_STM32F4/stm32f4_hal_lowlevel.o
 .text.HAL_CRYP_Init
                0x00000000       0x3c objdir-CW308_STM32F4/stm32f4_hal_lowlevel.o
 .text.HAL_CRYP_DeInit
                0x00000000       0x2a objdir-CW308_STM32F4/stm32f4_hal_lowlevel.o
 .text.HAL_CRYP_AESECB_Encrypt
                0x00000000       0x7a objdir-CW308_STM32F4/stm32f4_hal_lowlevel.o
 .text.HAL_CRYP_AESECB_Decrypt
                0x00000000       0xd4 objdir-CW308_STM32F4/stm32f4_hal_lowlevel.o
 .text          0x00000000        0x0 objdir-CW308_STM32F4/stm32f4_sysmem.o
 .data          0x00000000        0x0 objdir-CW308_STM32F4/stm32f4_sysmem.o
 .bss           0x00000000        0x4 objdir-CW308_STM32F4/stm32f4_sysmem.o
 .text._sbrk    0x00000000       0x34 objdir-CW308_STM32F4/stm32f4_sysmem.o
 .debug_info    0x00000000      0x119 objdir-CW308_STM32F4/stm32f4_sysmem.o
 .debug_abbrev  0x00000000       0xe1 objdir-CW308_STM32F4/stm32f4_sysmem.o
 .debug_loc     0x00000000       0x74 objdir-CW308_STM32F4/stm32f4_sysmem.o
 .debug_aranges
                0x00000000       0x20 objdir-CW308_STM32F4/stm32f4_sysmem.o
 .debug_ranges  0x00000000       0x10 objdir-CW308_STM32F4/stm32f4_sysmem.o
 .debug_line    0x00000000      0x111 objdir-CW308_STM32F4/stm32f4_sysmem.o
 .debug_str     0x00000000      0x229 objdir-CW308_STM32F4/stm32f4_sysmem.o
 .comment       0x00000000       0x4e objdir-CW308_STM32F4/stm32f4_sysmem.o
 .debug_frame   0x00000000       0x28 objdir-CW308_STM32F4/stm32f4_sysmem.o
 .ARM.attributes
                0x00000000       0x2e objdir-CW308_STM32F4/stm32f4_sysmem.o
 .text          0x00000000        0x0 objdir-CW308_STM32F4/stm32f4xx_hal_rng.o
 .data          0x00000000        0x0 objdir-CW308_STM32F4/stm32f4xx_hal_rng.o
 .bss           0x00000000        0x0 objdir-CW308_STM32F4/stm32f4xx_hal_rng.o
 .text.HAL_RNG_MspDeInit
                0x00000000        0x2 objdir-CW308_STM32F4/stm32f4xx_hal_rng.o
 .text.HAL_RNG_DeInit
                0x00000000       0x28 objdir-CW308_STM32F4/stm32f4xx_hal_rng.o
 .text.HAL_RNG_GenerateRandomNumber
                0x00000000       0x54 objdir-CW308_STM32F4/stm32f4xx_hal_rng.o
 .text.HAL_RNG_GenerateRandomNumber_IT
                0x00000000       0x2e objdir-CW308_STM32F4/stm32f4xx_hal_rng.o
 .text.HAL_RNG_GetRandomNumber
                0x00000000       0x16 objdir-CW308_STM32F4/stm32f4xx_hal_rng.o
 .text.HAL_RNG_GetRandomNumber_IT
                0x00000000       0x22 objdir-CW308_STM32F4/stm32f4xx_hal_rng.o
 .text.HAL_RNG_ReadLastRandomNumber
                0x00000000        0x4 objdir-CW308_STM32F4/stm32f4xx_hal_rng.o
 .text.HAL_RNG_ReadyDataCallback
                0x00000000        0x2 objdir-CW308_STM32F4/stm32f4xx_hal_rng.o
 .text.HAL_RNG_ErrorCallback
                0x00000000        0x2 objdir-CW308_STM32F4/stm32f4xx_hal_rng.o
 .text.HAL_RNG_IRQHandler
                0x00000000       0x4a objdir-CW308_STM32F4/stm32f4xx_hal_rng.o
 .text.HAL_RNG_GetState
                0x00000000        0x4 objdir-CW308_STM32F4/stm32f4xx_hal_rng.o
 .text          0x00000000        0x0 objdir-CW308_STM32F4/aes.o
 .data          0x00000000      0x20b objdir-CW308_STM32F4/aes.o
 .bss           0x00000000       0xc8 objdir-CW308_STM32F4/aes.o
 .text.KeyExpansion
                0x00000000       0xac objdir-CW308_STM32F4/aes.o
 .text.AddRoundKey
                0x00000000       0x34 objdir-CW308_STM32F4/aes.o
 .text.SubBytes
                0x00000000       0x30 objdir-CW308_STM32F4/aes.o
 .text.ShiftRows
                0x00000000       0x3c objdir-CW308_STM32F4/aes.o
 .text.xtime    0x00000000       0x12 objdir-CW308_STM32F4/aes.o
 .text.InvSubBytes
                0x00000000       0x34 objdir-CW308_STM32F4/aes.o
 .text.InvShiftRows
                0x00000000       0x3c objdir-CW308_STM32F4/aes.o
 .text.Cipher   0x00000000       0xac objdir-CW308_STM32F4/aes.o
 .text.BlockCopy
                0x00000000       0x14 objdir-CW308_STM32F4/aes.o
 .text.AES128_ECB_indp_setkey
                0x00000000        0xc objdir-CW308_STM32F4/aes.o
 .text.AES128_ECB_indp_crypto
                0x00000000       0x1c objdir-CW308_STM32F4/aes.o
 .text.AES128_ECB_encrypt
                0x00000000       0x28 objdir-CW308_STM32F4/aes.o
 .text.AES128_ECB_decrypt
                0x00000000      0x170 objdir-CW308_STM32F4/aes.o
 .debug_info    0x00000000      0xa17 objdir-CW308_STM32F4/aes.o
 .debug_abbrev  0x00000000      0x332 objdir-CW308_STM32F4/aes.o
 .debug_loc     0x00000000      0x836 objdir-CW308_STM32F4/aes.o
 .debug_aranges
                0x00000000       0x80 objdir-CW308_STM32F4/aes.o
 .debug_ranges  0x00000000      0x140 objdir-CW308_STM32F4/aes.o
 .debug_line    0x00000000      0x87b objdir-CW308_STM32F4/aes.o
 .debug_str     0x00000000      0x34f objdir-CW308_STM32F4/aes.o
 .comment       0x00000000       0x4e objdir-CW308_STM32F4/aes.o
 .debug_frame   0x00000000      0x17c objdir-CW308_STM32F4/aes.o
 .ARM.attributes
                0x00000000       0x2e objdir-CW308_STM32F4/aes.o
 .text          0x00000000        0x0 objdir-CW308_STM32F4/aes-independant.o
 .data          0x00000000        0x0 objdir-CW308_STM32F4/aes-independant.o
 .bss           0x00000000       0x10 objdir-CW308_STM32F4/aes-independant.o
 .text.aes_indep_init
                0x00000000        0x2 objdir-CW308_STM32F4/aes-independant.o
 .text.aes_indep_key
                0x00000000        0x4 objdir-CW308_STM32F4/aes-independant.o
 .text.aes_indep_enc
                0x00000000        0x4 objdir-CW308_STM32F4/aes-independant.o
 .text.aes_indep_enc_pretrigger
                0x00000000        0x2 objdir-CW308_STM32F4/aes-independant.o
 .text.aes_indep_enc_posttrigger
                0x00000000        0x2 objdir-CW308_STM32F4/aes-independant.o
 .text.aes_indep_mask
                0x00000000        0x2 objdir-CW308_STM32F4/aes-independant.o
 .debug_info    0x00000000      0x1eb objdir-CW308_STM32F4/aes-independant.o
 .debug_abbrev  0x00000000      0x144 objdir-CW308_STM32F4/aes-independant.o
 .debug_loc     0x00000000       0x4a objdir-CW308_STM32F4/aes-independant.o
 .debug_aranges
                0x00000000       0x40 objdir-CW308_STM32F4/aes-independant.o
 .debug_ranges  0x00000000       0x30 objdir-CW308_STM32F4/aes-independant.o
 .debug_line    0x00000000      0x19b objdir-CW308_STM32F4/aes-independant.o
 .debug_str     0x00000000      0x298 objdir-CW308_STM32F4/aes-independant.o
 .comment       0x00000000       0x4e objdir-CW308_STM32F4/aes-independant.o
 .debug_frame   0x00000000       0x70 objdir-CW308_STM32F4/aes-independant.o
 .ARM.attributes
                0x00000000       0x2e objdir-CW308_STM32F4/aes-independant.o
 .text          0x00000000       0x14 objdir-CW308_STM32F4/stm32f4_startup.o
 .data          0x00000000        0x0 objdir-CW308_STM32F4/stm32f4_startup.o
 .bss           0x00000000        0x0 objdir-CW308_STM32F4/stm32f4_startup.o
 .text          0x00000000        0x0 d:/cw_software/chipwhisperer5_64/cw/home/portable/armgcc/bin/../lib/gcc/arm-none-eabi/10.2.1/../../../../arm-none-eabi/lib/thumb/v7e-m/nofp\libg.a(lib_a-errno.o)
 .data          0x00000000        0x0 d:/cw_software/chipwhisperer5_64/cw/home/portable/armgcc/bin/../lib/gcc/arm-none-eabi/10.2.1/../../../../arm-none-eabi/lib/thumb/v7e-m/nofp\libg.a(lib_a-errno.o)
 .bss           0x00000000        0x0 d:/cw_software/chipwhisperer5_64/cw/home/portable/armgcc/bin/../lib/gcc/arm-none-eabi/10.2.1/../../../../arm-none-eabi/lib/thumb/v7e-m/nofp\libg.a(lib_a-errno.o)
 .text.__errno  0x00000000        0xc d:/cw_software/chipwhisperer5_64/cw/home/portable/armgcc/bin/../lib/gcc/arm-none-eabi/10.2.1/../../../../arm-none-eabi/lib/thumb/v7e-m/nofp\libg.a(lib_a-errno.o)
 .debug_frame   0x00000000       0x20 d:/cw_software/chipwhisperer5_64/cw/home/portable/armgcc/bin/../lib/gcc/arm-none-eabi/10.2.1/../../../../arm-none-eabi/lib/thumb/v7e-m/nofp\libg.a(lib_a-errno.o)
 .ARM.attributes
                0x00000000       0x2e d:/cw_software/chipwhisperer5_64/cw/home/portable/armgcc/bin/../lib/gcc/arm-none-eabi/10.2.1/../../../../arm-none-eabi/lib/thumb/v7e-m/nofp\libg.a(lib_a-errno.o)
 .text          0x00000000        0x0 d:/cw_software/chipwhisperer5_64/cw/home/portable/armgcc/bin/../lib/gcc/arm-none-eabi/10.2.1/../../../../arm-none-eabi/lib/thumb/v7e-m/nofp\libg.a(lib_a-exit.o)
 .data          0x00000000        0x0 d:/cw_software/chipwhisperer5_64/cw/home/portable/armgcc/bin/../lib/gcc/arm-none-eabi/10.2.1/../../../../arm-none-eabi/lib/thumb/v7e-m/nofp\libg.a(lib_a-exit.o)
 .bss           0x00000000        0x0 d:/cw_software/chipwhisperer5_64/cw/home/portable/armgcc/bin/../lib/gcc/arm-none-eabi/10.2.1/../../../../arm-none-eabi/lib/thumb/v7e-m/nofp\libg.a(lib_a-exit.o)
 .text.exit     0x00000000       0x20 d:/cw_software/chipwhisperer5_64/cw/home/portable/armgcc/bin/../lib/gcc/arm-none-eabi/10.2.1/../../../../arm-none-eabi/lib/thumb/v7e-m/nofp\libg.a(lib_a-exit.o)
 .debug_frame   0x00000000       0x28 d:/cw_software/chipwhisperer5_64/cw/home/portable/armgcc/bin/../lib/gcc/arm-none-eabi/10.2.1/../../../../arm-none-eabi/lib/thumb/v7e-m/nofp\libg.a(lib_a-exit.o)
 .ARM.attributes
                0x00000000       0x2e d:/cw_software/chipwhisperer5_64/cw/home/portable/armgcc/bin/../lib/gcc/arm-none-eabi/10.2.1/../../../../arm-none-eabi/lib/thumb/v7e-m/nofp\libg.a(lib_a-exit.o)
 .text          0x00000000        0x0 d:/cw_software/chipwhisperer5_64/cw/home/portable/armgcc/bin/../lib/gcc/arm-none-eabi/10.2.1/../../../../arm-none-eabi/lib/thumb/v7e-m/nofp\libg.a(lib_a-impure.o)
 .data          0x00000000        0x0 d:/cw_software/chipwhisperer5_64/cw/home/portable/armgcc/bin/../lib/gcc/arm-none-eabi/10.2.1/../../../../arm-none-eabi/lib/thumb/v7e-m/nofp\libg.a(lib_a-impure.o)
 .bss           0x00000000        0x0 d:/cw_software/chipwhisperer5_64/cw/home/portable/armgcc/bin/../lib/gcc/arm-none-eabi/10.2.1/../../../../arm-none-eabi/lib/thumb/v7e-m/nofp\libg.a(lib_a-impure.o)
 .text          0x00000000        0x0 d:/cw_software/chipwhisperer5_64/cw/home/portable/armgcc/bin/../lib/gcc/arm-none-eabi/10.2.1/../../../../arm-none-eabi/lib/thumb/v7e-m/nofp\libg.a(lib_a-init.o)
 .data          0x00000000        0x0 d:/cw_software/chipwhisperer5_64/cw/home/portable/armgcc/bin/../lib/gcc/arm-none-eabi/10.2.1/../../../../arm-none-eabi/lib/thumb/v7e-m/nofp\libg.a(lib_a-init.o)
 .bss           0x00000000        0x0 d:/cw_software/chipwhisperer5_64/cw/home/portable/armgcc/bin/../lib/gcc/arm-none-eabi/10.2.1/../../../../arm-none-eabi/lib/thumb/v7e-m/nofp\libg.a(lib_a-init.o)
 .data          0x00000000        0x0 d:/cw_software/chipwhisperer5_64/cw/home/portable/armgcc/bin/../lib/gcc/arm-none-eabi/10.2.1/../../../../arm-none-eabi/lib/thumb/v7e-m/nofp\libg.a(lib_a-memcpy.o)
 .bss           0x00000000        0x0 d:/cw_software/chipwhisperer5_64/cw/home/portable/armgcc/bin/../lib/gcc/arm-none-eabi/10.2.1/../../../../arm-none-eabi/lib/thumb/v7e-m/nofp\libg.a(lib_a-memcpy.o)
 .text          0x00000000        0x0 d:/cw_software/chipwhisperer5_64/cw/home/portable/armgcc/bin/../lib/gcc/arm-none-eabi/10.2.1/../../../../arm-none-eabi/lib/thumb/v7e-m/nofp\libg.a(lib_a-memset.o)
 .data          0x00000000        0x0 d:/cw_software/chipwhisperer5_64/cw/home/portable/armgcc/bin/../lib/gcc/arm-none-eabi/10.2.1/../../../../arm-none-eabi/lib/thumb/v7e-m/nofp\libg.a(lib_a-memset.o)
 .bss           0x00000000        0x0 d:/cw_software/chipwhisperer5_64/cw/home/portable/armgcc/bin/../lib/gcc/arm-none-eabi/10.2.1/../../../../arm-none-eabi/lib/thumb/v7e-m/nofp\libg.a(lib_a-memset.o)
 .text          0x00000000        0x0 d:/cw_software/chipwhisperer5_64/cw/home/portable/armgcc/bin/../lib/gcc/arm-none-eabi/10.2.1/../../../../arm-none-eabi/lib/thumb/v7e-m/nofp\libg.a(lib_a-rand.o)
 .data          0x00000000        0x0 d:/cw_software/chipwhisperer5_64/cw/home/portable/armgcc/bin/../lib/gcc/arm-none-eabi/10.2.1/../../../../arm-none-eabi/lib/thumb/v7e-m/nofp\libg.a(lib_a-rand.o)
 .bss           0x00000000        0x0 d:/cw_software/chipwhisperer5_64/cw/home/portable/armgcc/bin/../lib/gcc/arm-none-eabi/10.2.1/../../../../arm-none-eabi/lib/thumb/v7e-m/nofp\libg.a(lib_a-rand.o)
 .text.srand    0x00000000       0x10 d:/cw_software/chipwhisperer5_64/cw/home/portable/armgcc/bin/../lib/gcc/arm-none-eabi/10.2.1/../../../../arm-none-eabi/lib/thumb/v7e-m/nofp\libg.a(lib_a-rand.o)
 .text          0x00000000        0x0 d:/cw_software/chipwhisperer5_64/cw/home/portable/armgcc/bin/../lib/gcc/arm-none-eabi/10.2.1/../../../../arm-none-eabi/lib/thumb/v7e-m/nofp\libg.a(lib_a-__call_atexit.o)
 .data          0x00000000        0x0 d:/cw_software/chipwhisperer5_64/cw/home/portable/armgcc/bin/../lib/gcc/arm-none-eabi/10.2.1/../../../../arm-none-eabi/lib/thumb/v7e-m/nofp\libg.a(lib_a-__call_atexit.o)
 .bss           0x00000000        0x0 d:/cw_software/chipwhisperer5_64/cw/home/portable/armgcc/bin/../lib/gcc/arm-none-eabi/10.2.1/../../../../arm-none-eabi/lib/thumb/v7e-m/nofp\libg.a(lib_a-__call_atexit.o)
 .text.__call_exitprocs
                0x00000000       0xc4 d:/cw_software/chipwhisperer5_64/cw/home/portable/armgcc/bin/../lib/gcc/arm-none-eabi/10.2.1/../../../../arm-none-eabi/lib/thumb/v7e-m/nofp\libg.a(lib_a-__call_atexit.o)
 .text          0x00000000        0x0 d:/cw_software/chipwhisperer5_64/cw/home/portable/armgcc/bin/../lib/gcc/arm-none-eabi/10.2.1/../../../../arm-none-eabi/lib/thumb/v7e-m/nofp\libg.a(lib_a-atexit.o)
 .data          0x00000000        0x0 d:/cw_software/chipwhisperer5_64/cw/home/portable/armgcc/bin/../lib/gcc/arm-none-eabi/10.2.1/../../../../arm-none-eabi/lib/thumb/v7e-m/nofp\libg.a(lib_a-atexit.o)
 .bss           0x00000000        0x0 d:/cw_software/chipwhisperer5_64/cw/home/portable/armgcc/bin/../lib/gcc/arm-none-eabi/10.2.1/../../../../arm-none-eabi/lib/thumb/v7e-m/nofp\libg.a(lib_a-atexit.o)
 .text          0x00000000        0x0 d:/cw_software/chipwhisperer5_64/cw/home/portable/armgcc/bin/../lib/gcc/arm-none-eabi/10.2.1/../../../../arm-none-eabi/lib/thumb/v7e-m/nofp\libg.a(lib_a-fini.o)
 .data          0x00000000        0x0 d:/cw_software/chipwhisperer5_64/cw/home/portable/armgcc/bin/../lib/gcc/arm-none-eabi/10.2.1/../../../../arm-none-eabi/lib/thumb/v7e-m/nofp\libg.a(lib_a-fini.o)
 .bss           0x00000000        0x0 d:/cw_software/chipwhisperer5_64/cw/home/portable/armgcc/bin/../lib/gcc/arm-none-eabi/10.2.1/../../../../arm-none-eabi/lib/thumb/v7e-m/nofp\libg.a(lib_a-fini.o)
 .text          0x00000000        0x0 d:/cw_software/chipwhisperer5_64/cw/home/portable/armgcc/bin/../lib/gcc/arm-none-eabi/10.2.1/../../../../arm-none-eabi/lib/thumb/v7e-m/nofp\libg.a(lib_a-lock.o)
 .data          0x00000000        0x0 d:/cw_software/chipwhisperer5_64/cw/home/portable/armgcc/bin/../lib/gcc/arm-none-eabi/10.2.1/../../../../arm-none-eabi/lib/thumb/v7e-m/nofp\libg.a(lib_a-lock.o)
 .bss           0x00000000        0x0 d:/cw_software/chipwhisperer5_64/cw/home/portable/armgcc/bin/../lib/gcc/arm-none-eabi/10.2.1/../../../../arm-none-eabi/lib/thumb/v7e-m/nofp\libg.a(lib_a-lock.o)
 .text.__retarget_lock_init
                0x00000000        0x4 d:/cw_software/chipwhisperer5_64/cw/home/portable/armgcc/bin/../lib/gcc/arm-none-eabi/10.2.1/../../../../arm-none-eabi/lib/thumb/v7e-m/nofp\libg.a(lib_a-lock.o)
 .text.__retarget_lock_init_recursive
                0x00000000        0x4 d:/cw_software/chipwhisperer5_64/cw/home/portable/armgcc/bin/../lib/gcc/arm-none-eabi/10.2.1/../../../../arm-none-eabi/lib/thumb/v7e-m/nofp\libg.a(lib_a-lock.o)
 .text.__retarget_lock_close
                0x00000000        0x4 d:/cw_software/chipwhisperer5_64/cw/home/portable/armgcc/bin/../lib/gcc/arm-none-eabi/10.2.1/../../../../arm-none-eabi/lib/thumb/v7e-m/nofp\libg.a(lib_a-lock.o)
 .text.__retarget_lock_close_recursive
                0x00000000        0x4 d:/cw_software/chipwhisperer5_64/cw/home/portable/armgcc/bin/../lib/gcc/arm-none-eabi/10.2.1/../../../../arm-none-eabi/lib/thumb/v7e-m/nofp\libg.a(lib_a-lock.o)
 .text.__retarget_lock_acquire
                0x00000000        0x4 d:/cw_software/chipwhisperer5_64/cw/home/portable/armgcc/bin/../lib/gcc/arm-none-eabi/10.2.1/../../../../arm-none-eabi/lib/thumb/v7e-m/nofp\libg.a(lib_a-lock.o)
 .text.__retarget_lock_try_acquire
                0x00000000        0x4 d:/cw_software/chipwhisperer5_64/cw/home/portable/armgcc/bin/../lib/gcc/arm-none-eabi/10.2.1/../../../../arm-none-eabi/lib/thumb/v7e-m/nofp\libg.a(lib_a-lock.o)
 .text.__retarget_lock_try_acquire_recursive
                0x00000000        0x4 d:/cw_software/chipwhisperer5_64/cw/home/portable/armgcc/bin/../lib/gcc/arm-none-eabi/10.2.1/../../../../arm-none-eabi/lib/thumb/v7e-m/nofp\libg.a(lib_a-lock.o)
 .text.__retarget_lock_release
                0x00000000        0x4 d:/cw_software/chipwhisperer5_64/cw/home/portable/armgcc/bin/../lib/gcc/arm-none-eabi/10.2.1/../../../../arm-none-eabi/lib/thumb/v7e-m/nofp\libg.a(lib_a-lock.o)
 .bss.__lock___arc4random_mutex
                0x00000000        0x1 d:/cw_software/chipwhisperer5_64/cw/home/portable/armgcc/bin/../lib/gcc/arm-none-eabi/10.2.1/../../../../arm-none-eabi/lib/thumb/v7e-m/nofp\libg.a(lib_a-lock.o)
 .bss.__lock___at_quick_exit_mutex
                0x00000000        0x1 d:/cw_software/chipwhisperer5_64/cw/home/portable/armgcc/bin/../lib/gcc/arm-none-eabi/10.2.1/../../../../arm-none-eabi/lib/thumb/v7e-m/nofp\libg.a(lib_a-lock.o)
 .bss.__lock___dd_hash_mutex
                0x00000000        0x1 d:/cw_software/chipwhisperer5_64/cw/home/portable/armgcc/bin/../lib/gcc/arm-none-eabi/10.2.1/../../../../arm-none-eabi/lib/thumb/v7e-m/nofp\libg.a(lib_a-lock.o)
 .bss.__lock___env_recursive_mutex
                0x00000000        0x1 d:/cw_software/chipwhisperer5_64/cw/home/portable/armgcc/bin/../lib/gcc/arm-none-eabi/10.2.1/../../../../arm-none-eabi/lib/thumb/v7e-m/nofp\libg.a(lib_a-lock.o)
 .bss.__lock___malloc_recursive_mutex
                0x00000000        0x1 d:/cw_software/chipwhisperer5_64/cw/home/portable/armgcc/bin/../lib/gcc/arm-none-eabi/10.2.1/../../../../arm-none-eabi/lib/thumb/v7e-m/nofp\libg.a(lib_a-lock.o)
 .bss.__lock___sfp_recursive_mutex
                0x00000000        0x1 d:/cw_software/chipwhisperer5_64/cw/home/portable/armgcc/bin/../lib/gcc/arm-none-eabi/10.2.1/../../../../arm-none-eabi/lib/thumb/v7e-m/nofp\libg.a(lib_a-lock.o)
 .bss.__lock___sinit_recursive_mutex
                0x00000000        0x1 d:/cw_software/chipwhisperer5_64/cw/home/portable/armgcc/bin/../lib/gcc/arm-none-eabi/10.2.1/../../../../arm-none-eabi/lib/thumb/v7e-m/nofp\libg.a(lib_a-lock.o)
 .bss.__lock___tz_mutex
                0x00000000        0x1 d:/cw_software/chipwhisperer5_64/cw/home/portable/armgcc/bin/../lib/gcc/arm-none-eabi/10.2.1/../../../../arm-none-eabi/lib/thumb/v7e-m/nofp\libg.a(lib_a-lock.o)
 .text          0x00000000        0x0 d:/cw_software/chipwhisperer5_64/cw/home/portable/armgcc/bin/../lib/gcc/arm-none-eabi/10.2.1/../../../../arm-none-eabi/lib/thumb/v7e-m/nofp\libg.a(lib_a-__atexit.o)
 .data          0x00000000        0x0 d:/cw_software/chipwhisperer5_64/cw/home/portable/armgcc/bin/../lib/gcc/arm-none-eabi/10.2.1/../../../../arm-none-eabi/lib/thumb/v7e-m/nofp\libg.a(lib_a-__atexit.o)
 .bss           0x00000000        0x0 d:/cw_software/chipwhisperer5_64/cw/home/portable/armgcc/bin/../lib/gcc/arm-none-eabi/10.2.1/../../../../arm-none-eabi/lib/thumb/v7e-m/nofp\libg.a(lib_a-__atexit.o)
 .text          0x00000000        0x0 d:/cw_software/chipwhisperer5_64/cw/home/portable/armgcc/bin/../lib/gcc/arm-none-eabi/10.2.1/../../../../arm-none-eabi/lib/thumb/v7e-m/nofp\libnosys.a(_exit.o)
 .data          0x00000000        0x0 d:/cw_software/chipwhisperer5_64/cw/home/portable/armgcc/bin/../lib/gcc/arm-none-eabi/10.2.1/../../../../arm-none-eabi/lib/thumb/v7e-m/nofp\libnosys.a(_exit.o)
 .bss           0x00000000        0x0 d:/cw_software/chipwhisperer5_64/cw/home/portable/armgcc/bin/../lib/gcc/arm-none-eabi/10.2.1/../../../../arm-none-eabi/lib/thumb/v7e-m/nofp\libnosys.a(_exit.o)
 .text._exit    0x00000000        0x4 d:/cw_software/chipwhisperer5_64/cw/home/portable/armgcc/bin/../lib/gcc/arm-none-eabi/10.2.1/../../../../arm-none-eabi/lib/thumb/v7e-m/nofp\libnosys.a(_exit.o)
 .debug_frame   0x00000000       0x20 d:/cw_software/chipwhisperer5_64/cw/home/portable/armgcc/bin/../lib/gcc/arm-none-eabi/10.2.1/../../../../arm-none-eabi/lib/thumb/v7e-m/nofp\libnosys.a(_exit.o)
 .ARM.attributes
                0x00000000       0x2e d:/cw_software/chipwhisperer5_64/cw/home/portable/armgcc/bin/../lib/gcc/arm-none-eabi/10.2.1/../../../../arm-none-eabi/lib/thumb/v7e-m/nofp\libnosys.a(_exit.o)
 .text          0x00000000        0x0 d:/cw_software/chipwhisperer5_64/cw/home/portable/armgcc/bin/../lib/gcc/arm-none-eabi/10.2.1/thumb/v7e-m/nofp/crtend.o
 .data          0x00000000        0x0 d:/cw_software/chipwhisperer5_64/cw/home/portable/armgcc/bin/../lib/gcc/arm-none-eabi/10.2.1/thumb/v7e-m/nofp/crtend.o
 .bss           0x00000000        0x0 d:/cw_software/chipwhisperer5_64/cw/home/portable/armgcc/bin/../lib/gcc/arm-none-eabi/10.2.1/thumb/v7e-m/nofp/crtend.o
 .rodata        0x00000000       0x24 d:/cw_software/chipwhisperer5_64/cw/home/portable/armgcc/bin/../lib/gcc/arm-none-eabi/10.2.1/thumb/v7e-m/nofp/crtend.o
 .eh_frame      0x00000000        0x4 d:/cw_software/chipwhisperer5_64/cw/home/portable/armgcc/bin/../lib/gcc/arm-none-eabi/10.2.1/thumb/v7e-m/nofp/crtend.o
 .ARM.attributes
                0x00000000       0x2e d:/cw_software/chipwhisperer5_64/cw/home/portable/armgcc/bin/../lib/gcc/arm-none-eabi/10.2.1/thumb/v7e-m/nofp/crtend.o
 .text          0x00000000        0x0 d:/cw_software/chipwhisperer5_64/cw/home/portable/armgcc/bin/../lib/gcc/arm-none-eabi/10.2.1/thumb/v7e-m/nofp/crtn.o
 .data          0x00000000        0x0 d:/cw_software/chipwhisperer5_64/cw/home/portable/armgcc/bin/../lib/gcc/arm-none-eabi/10.2.1/thumb/v7e-m/nofp/crtn.o
 .bss           0x00000000        0x0 d:/cw_software/chipwhisperer5_64/cw/home/portable/armgcc/bin/../lib/gcc/arm-none-eabi/10.2.1/thumb/v7e-m/nofp/crtn.o

Memory Configuration

Name             Origin             Length             Attributes
RAM              0x10000000         0x00030000         xrw
ROM              0x08000000         0x00100000         xr
*default*        0x00000000         0xffffffff

Linker script and memory map

LOAD d:/cw_software/chipwhisperer5_64/cw/home/portable/armgcc/bin/../lib/gcc/arm-none-eabi/10.2.1/thumb/v7e-m/nofp/crti.o
LOAD d:/cw_software/chipwhisperer5_64/cw/home/portable/armgcc/bin/../lib/gcc/arm-none-eabi/10.2.1/thumb/v7e-m/nofp/crtbegin.o
LOAD d:/cw_software/chipwhisperer5_64/cw/home/portable/armgcc/bin/../lib/gcc/arm-none-eabi/10.2.1/../../../../arm-none-eabi/lib/thumb/v7e-m/nofp/crt0.o
LOAD objdir-CW308_STM32F4/mask_main.o
LOAD objdir-CW308_STM32F4/fips202.o
LOAD objdir-CW308_STM32F4/masked_fips202.o
LOAD objdir-CW308_STM32F4/masking_interface.o
LOAD objdir-CW308_STM32F4/simpleserial.o
LOAD objdir-CW308_STM32F4/stm32f4_hal.o
LOAD objdir-CW308_STM32F4/stm32f4_hal_lowlevel.o
LOAD objdir-CW308_STM32F4/stm32f4_sysmem.o
LOAD objdir-CW308_STM32F4/stm32f4xx_hal_rng.o
LOAD objdir-CW308_STM32F4/aes.o
LOAD objdir-CW308_STM32F4/aes-independant.o
LOAD objdir-CW308_STM32F4/stm32f4_startup.o
LOAD d:/cw_software/chipwhisperer5_64/cw/home/portable/armgcc/bin/../lib/gcc/arm-none-eabi/10.2.1/../../../../arm-none-eabi/lib/thumb/v7e-m/nofp\libm.a
LOAD d:/cw_software/chipwhisperer5_64/cw/home/portable/armgcc/bin/../lib/gcc/arm-none-eabi/10.2.1/../../../../arm-none-eabi/lib/thumb/v7e-m/nofp\libm.a
START GROUP
LOAD d:/cw_software/chipwhisperer5_64/cw/home/portable/armgcc/bin/../lib/gcc/arm-none-eabi/10.2.1/thumb/v7e-m/nofp\libgcc.a
LOAD d:/cw_software/chipwhisperer5_64/cw/home/portable/armgcc/bin/../lib/gcc/arm-none-eabi/10.2.1/../../../../arm-none-eabi/lib/thumb/v7e-m/nofp\libg.a
LOAD d:/cw_software/chipwhisperer5_64/cw/home/portable/armgcc/bin/../lib/gcc/arm-none-eabi/10.2.1/../../../../arm-none-eabi/lib/thumb/v7e-m/nofp\libc.a
END GROUP
START GROUP
LOAD d:/cw_software/chipwhisperer5_64/cw/home/portable/armgcc/bin/../lib/gcc/arm-none-eabi/10.2.1/thumb/v7e-m/nofp\libgcc.a
LOAD d:/cw_software/chipwhisperer5_64/cw/home/portable/armgcc/bin/../lib/gcc/arm-none-eabi/10.2.1/../../../../arm-none-eabi/lib/thumb/v7e-m/nofp\libc.a
LOAD d:/cw_software/chipwhisperer5_64/cw/home/portable/armgcc/bin/../lib/gcc/arm-none-eabi/10.2.1/../../../../arm-none-eabi/lib/thumb/v7e-m/nofp\libnosys.a
END GROUP
LOAD d:/cw_software/chipwhisperer5_64/cw/home/portable/armgcc/bin/../lib/gcc/arm-none-eabi/10.2.1/thumb/v7e-m/nofp/crtend.o
LOAD d:/cw_software/chipwhisperer5_64/cw/home/portable/armgcc/bin/../lib/gcc/arm-none-eabi/10.2.1/thumb/v7e-m/nofp/crtn.o
                0x20020000                _estack = 0x20020000
                0x00000000                _Min_Heap_Size = 0x0
                0x00000400                _Min_Stack_Size = 0x400

.isr_vector     0x08000000      0x188
                0x08000000                . = ALIGN (0x4)
 *(.isr_vector)
 .isr_vector    0x08000000      0x188 objdir-CW308_STM32F4/stm32f4_startup.o
                0x08000000                g_pfnVectors
                0x08000188                . = ALIGN (0x4)

.text           0x08000188     0x3d70
                0x08000188                . = ALIGN (0x4)
 *(.text)
 .text          0x08000188       0x40 d:/cw_software/chipwhisperer5_64/cw/home/portable/armgcc/bin/../lib/gcc/arm-none-eabi/10.2.1/thumb/v7e-m/nofp/crtbegin.o
 .text          0x080001c8      0x134 d:/cw_software/chipwhisperer5_64/cw/home/portable/armgcc/bin/../lib/gcc/arm-none-eabi/10.2.1/../../../../arm-none-eabi/lib/thumb/v7e-m/nofp\libg.a(lib_a-memcpy.o)
                0x080001c8                memcpy
 *(.text*)
 .text.mask_hash
                0x080002fc       0xfa objdir-CW308_STM32F4/mask_main.o
                0x080002fc                mask_hash
 *fill*         0x080003f6        0x2 
 .text.startup.main
                0x080003f8       0x64 objdir-CW308_STM32F4/mask_main.o
                0x080003f8                main
 .text.load64   0x0800045c       0x32 objdir-CW308_STM32F4/fips202.o
 .text.store64  0x0800048e       0x2a objdir-CW308_STM32F4/fips202.o
 .text.KeccakF1600_StatePermute
                0x080004b8      0xe5c objdir-CW308_STM32F4/fips202.o
 .text.keccak_init
                0x08001314       0x14 objdir-CW308_STM32F4/fips202.o
 .text.keccak_absorb
                0x08001328      0x158 objdir-CW308_STM32F4/fips202.o
 .text.keccak_finalize
                0x08001480       0x44 objdir-CW308_STM32F4/fips202.o
 .text.keccak_squeeze
                0x080014c4      0x102 objdir-CW308_STM32F4/fips202.o
 .text.pqcrystals_fips202_ref_shake256_init
                0x080015c6        0x4 objdir-CW308_STM32F4/fips202.o
                0x080015c6                pqcrystals_fips202_ref_shake256_init
 .text.pqcrystals_fips202_ref_shake256_absorb
                0x080015ca       0x1a objdir-CW308_STM32F4/fips202.o
                0x080015ca                pqcrystals_fips202_ref_shake256_absorb
 .text.pqcrystals_fips202_ref_shake256_finalize
                0x080015e4       0x18 objdir-CW308_STM32F4/fips202.o
                0x080015e4                pqcrystals_fips202_ref_shake256_finalize
 .text.pqcrystals_fips202_ref_shake256_squeeze
                0x080015fc       0x18 objdir-CW308_STM32F4/fips202.o
                0x080015fc                pqcrystals_fips202_ref_shake256_squeeze
 .text.rand32bits
                0x08001614       0x1e objdir-CW308_STM32F4/masked_fips202.o
                0x08001614                rand32bits
 .text.secMult  0x08001632      0x106 objdir-CW308_STM32F4/masked_fips202.o
                0x08001632                secMult
 .text.not_mult_xor
                0x08001738       0x4c objdir-CW308_STM32F4/masked_fips202.o
                0x08001738                not_mult_xor
 .text.KeccakF1600_StatePermute_masked
                0x08001784     0x166c objdir-CW308_STM32F4/masked_fips202.o
                0x08001784                KeccakF1600_StatePermute_masked
 .text.keccak_squeezeblocks_masked
                0x08002df0       0x98 objdir-CW308_STM32F4/masked_fips202.o
 .text.keccak_absorb_masked
                0x08002e88      0x15c objdir-CW308_STM32F4/masked_fips202.o
                0x08002e88                keccak_absorb_masked
 .text.shake256_absorb_masked
                0x08002fe4       0x16 objdir-CW308_STM32F4/masked_fips202.o
                0x08002fe4                shake256_absorb_masked
 .text.shake256_squeezeblocks_masked
                0x08002ffa       0x10 objdir-CW308_STM32F4/masked_fips202.o
                0x08002ffa                shake256_squeezeblocks_masked
 .text.shake256_masked
                0x0800300a       0x5e objdir-CW308_STM32F4/masked_fips202.o
                0x0800300a                shake256_masked
 .text.ss_crc   0x08003068       0x2a objdir-CW308_STM32F4/simpleserial.o
                0x08003068                ss_crc
 .text.stuff_data
                0x08003092       0x22 objdir-CW308_STM32F4/simpleserial.o
                0x08003092                stuff_data
 .text.unstuff_data
                0x080030b4       0x1e objdir-CW308_STM32F4/simpleserial.o
                0x080030b4                unstuff_data
 .text.simpleserial_init
                0x080030d2        0x2 objdir-CW308_STM32F4/simpleserial.o
                0x080030d2                simpleserial_init
 .text.simpleserial_addcmd
                0x080030d4       0x38 objdir-CW308_STM32F4/simpleserial.o
                0x080030d4                simpleserial_addcmd
 .text.simpleserial_put
                0x0800310c       0x5a objdir-CW308_STM32F4/simpleserial.o
                0x0800310c                simpleserial_put
 *fill*         0x08003166        0x2 
 .text.simpleserial_get
                0x08003168       0xe4 objdir-CW308_STM32F4/simpleserial.o
                0x08003168                simpleserial_get
 .text.platform_init
                0x0800324c       0x90 objdir-CW308_STM32F4/stm32f4_hal.o
                0x0800324c                platform_init
 .text.init_uart
                0x080032dc       0x7c objdir-CW308_STM32F4/stm32f4_hal.o
                0x080032dc                init_uart
 .text.trigger_setup
                0x08003358       0x40 objdir-CW308_STM32F4/stm32f4_hal.o
                0x08003358                trigger_setup
 .text.trigger_high
                0x08003398       0x10 objdir-CW308_STM32F4/stm32f4_hal.o
                0x08003398                trigger_high
 .text.trigger_low
                0x080033a8       0x10 objdir-CW308_STM32F4/stm32f4_hal.o
                0x080033a8                trigger_low
 .text.getch    0x080033b8       0x24 objdir-CW308_STM32F4/stm32f4_hal.o
                0x080033b8                getch
 .text.putch    0x080033dc       0x20 objdir-CW308_STM32F4/stm32f4_hal.o
                0x080033dc                putch
 .text.HAL_GetTick
                0x080033fc       0x10 objdir-CW308_STM32F4/stm32f4_hal_lowlevel.o
                0x080033fc                HAL_GetTick
 .text.HAL_RCC_OscConfig
                0x0800340c      0x340 objdir-CW308_STM32F4/stm32f4_hal_lowlevel.o
                0x0800340c                HAL_RCC_OscConfig
 .text.HAL_RCC_ClockConfig
                0x0800374c      0x130 objdir-CW308_STM32F4/stm32f4_hal_lowlevel.o
                0x0800374c                HAL_RCC_ClockConfig
 .text.HAL_GPIO_Init
                0x0800387c      0x1cc objdir-CW308_STM32F4/stm32f4_hal_lowlevel.o
                0x0800387c                HAL_GPIO_Init
 .text.HAL_GPIO_WritePin
                0x08003a48        0xa objdir-CW308_STM32F4/stm32f4_hal_lowlevel.o
                0x08003a48                HAL_GPIO_WritePin
 *fill*         0x08003a52        0x2 
 .text.HAL_UART_Init
                0x08003a54       0xdc objdir-CW308_STM32F4/stm32f4_hal_lowlevel.o
                0x08003a54                HAL_UART_Init
 .text.HAL_UART_Transmit
                0x08003b30       0x8a objdir-CW308_STM32F4/stm32f4_hal_lowlevel.o
                0x08003b30                HAL_UART_Transmit
 .text.HAL_UART_Receive
                0x08003bba       0x98 objdir-CW308_STM32F4/stm32f4_hal_lowlevel.o
                0x08003bba                HAL_UART_Receive
 .text.HAL_RNG_MspInit
                0x08003c52        0x2 objdir-CW308_STM32F4/stm32f4xx_hal_rng.o
                0x08003c52                HAL_RNG_MspInit
 .text.HAL_RNG_Init
                0x08003c54       0x3a objdir-CW308_STM32F4/stm32f4xx_hal_rng.o
                0x08003c54                HAL_RNG_Init
 *fill*         0x08003c8e        0x2 
 .text.Reset_Handler
                0x08003c90       0x48 objdir-CW308_STM32F4/stm32f4_startup.o
                0x08003c90                Reset_Handler
 .text.Default_Handler
                0x08003cd8        0x2 objdir-CW308_STM32F4/stm32f4_startup.o
                0x08003cd8                DebugMon_Handler
                0x08003cd8                HardFault_Handler
                0x08003cd8                SysTick_Handler
                0x08003cd8                PendSV_Handler
                0x08003cd8                NMI_Handler
                0x08003cd8                UsageFault_Handler
                0x08003cd8                Default_Handler
                0x08003cd8                MemManage_Handler
                0x08003cd8                SVC_Handler
                0x08003cd8                BusFault_Handler
 *fill*         0x08003cda        0x2 
 .text.__libc_init_array
                0x08003cdc       0x48 d:/cw_software/chipwhisperer5_64/cw/home/portable/armgcc/bin/../lib/gcc/arm-none-eabi/10.2.1/../../../../arm-none-eabi/lib/thumb/v7e-m/nofp\libg.a(lib_a-init.o)
                0x08003cdc                __libc_init_array
 .text.memset   0x08003d24       0xa4 d:/cw_software/chipwhisperer5_64/cw/home/portable/armgcc/bin/../lib/gcc/arm-none-eabi/10.2.1/../../../../arm-none-eabi/lib/thumb/v7e-m/nofp\libg.a(lib_a-memset.o)
                0x08003d24                memset
 .text.rand     0x08003dc8       0x38 d:/cw_software/chipwhisperer5_64/cw/home/portable/armgcc/bin/../lib/gcc/arm-none-eabi/10.2.1/../../../../arm-none-eabi/lib/thumb/v7e-m/nofp\libg.a(lib_a-rand.o)
                0x08003dc8                rand
 .text.startup.register_fini
                0x08003e00       0x14 d:/cw_software/chipwhisperer5_64/cw/home/portable/armgcc/bin/../lib/gcc/arm-none-eabi/10.2.1/../../../../arm-none-eabi/lib/thumb/v7e-m/nofp\libg.a(lib_a-__call_atexit.o)
 .text.atexit   0x08003e14        0xc d:/cw_software/chipwhisperer5_64/cw/home/portable/armgcc/bin/../lib/gcc/arm-none-eabi/10.2.1/../../../../arm-none-eabi/lib/thumb/v7e-m/nofp\libg.a(lib_a-atexit.o)
                0x08003e14                atexit
 .text.__libc_fini_array
                0x08003e20       0x2c d:/cw_software/chipwhisperer5_64/cw/home/portable/armgcc/bin/../lib/gcc/arm-none-eabi/10.2.1/../../../../arm-none-eabi/lib/thumb/v7e-m/nofp\libg.a(lib_a-fini.o)
                0x08003e20                __libc_fini_array
 .text.__retarget_lock_acquire_recursive
                0x08003e4c        0x4 d:/cw_software/chipwhisperer5_64/cw/home/portable/armgcc/bin/../lib/gcc/arm-none-eabi/10.2.1/../../../../arm-none-eabi/lib/thumb/v7e-m/nofp\libg.a(lib_a-lock.o)
                0x08003e4c                __retarget_lock_acquire_recursive
 .text.__retarget_lock_release_recursive
                0x08003e50        0x4 d:/cw_software/chipwhisperer5_64/cw/home/portable/armgcc/bin/../lib/gcc/arm-none-eabi/10.2.1/../../../../arm-none-eabi/lib/thumb/v7e-m/nofp\libg.a(lib_a-lock.o)
                0x08003e50                __retarget_lock_release_recursive
 .text.__register_exitproc
                0x08003e54       0x8c d:/cw_software/chipwhisperer5_64/cw/home/portable/armgcc/bin/../lib/gcc/arm-none-eabi/10.2.1/../../../../arm-none-eabi/lib/thumb/v7e-m/nofp\libg.a(lib_a-__atexit.o)
                0x08003e54                __register_exitproc
 *(.glue_7)
 .glue_7        0x08003ee0        0x0 linker stubs
 *(.glue_7t)
 .glue_7t       0x08003ee0        0x0 linker stubs
 *(.eh_frame)
 .eh_frame      0x08003ee0        0x0 d:/cw_software/chipwhisperer5_64/cw/home/portable/armgcc/bin/../lib/gcc/arm-none-eabi/10.2.1/thumb/v7e-m/nofp/crtbegin.o
 *(.init)
 .init          0x08003ee0        0x4 d:/cw_software/chipwhisperer5_64/cw/home/portable/armgcc/bin/../lib/gcc/arm-none-eabi/10.2.1/thumb/v7e-m/nofp/crti.o
                0x08003ee0                _init
 .init          0x08003ee4        0x8 d:/cw_software/chipwhisperer5_64/cw/home/portable/armgcc/bin/../lib/gcc/arm-none-eabi/10.2.1/thumb/v7e-m/nofp/crtn.o
 *(.fini)
 .fini          0x08003eec        0x4 d:/cw_software/chipwhisperer5_64/cw/home/portable/armgcc/bin/../lib/gcc/arm-none-eabi/10.2.1/thumb/v7e-m/nofp/crti.o
                0x08003eec                _fini
 .fini          0x08003ef0        0x8 d:/cw_software/chipwhisperer5_64/cw/home/portable/armgcc/bin/../lib/gcc/arm-none-eabi/10.2.1/thumb/v7e-m/nofp/crtn.o
                0x08003ef8                . = ALIGN (0x4)
                0x08003ef8                _etext = .

.vfp11_veneer   0x08003ef8        0x0
 .vfp11_veneer  0x08003ef8        0x0 linker stubs

.v4_bx          0x08003ef8        0x0
 .v4_bx         0x08003ef8        0x0 linker stubs

.iplt           0x08003ef8        0x0
 .iplt          0x08003ef8        0x0 d:/cw_software/chipwhisperer5_64/cw/home/portable/armgcc/bin/../lib/gcc/arm-none-eabi/10.2.1/thumb/v7e-m/nofp/crtbegin.o

.rodata         0x08003ef8      0x184
                0x08003ef8                . = ALIGN (0x4)
 *(.rodata)
 .rodata        0x08003ef8       0xc0 objdir-CW308_STM32F4/fips202.o
 .rodata        0x08003fb8       0xc0 objdir-CW308_STM32F4/masked_fips202.o
 *(.rodata*)
 .rodata._global_impure_ptr
                0x08004078        0x4 d:/cw_software/chipwhisperer5_64/cw/home/portable/armgcc/bin/../lib/gcc/arm-none-eabi/10.2.1/../../../../arm-none-eabi/lib/thumb/v7e-m/nofp\libg.a(lib_a-impure.o)
                0x08004078                _global_impure_ptr
                0x0800407c                . = ALIGN (0x4)

.rel.dyn        0x0800407c        0x0
 .rel.iplt      0x0800407c        0x0 d:/cw_software/chipwhisperer5_64/cw/home/portable/armgcc/bin/../lib/gcc/arm-none-eabi/10.2.1/thumb/v7e-m/nofp/crtbegin.o

.ARM.extab      0x0800407c        0x0
                0x0800407c                . = ALIGN (0x4)
 *(.ARM.extab* .gnu.linkonce.armextab.*)
                0x0800407c                . = ALIGN (0x4)

.ARM            0x0800407c        0x0
                0x0800407c                . = ALIGN (0x4)
                0x0800407c                __exidx_start = .
 *(.ARM.exidx*)
                0x0800407c                __exidx_end = .
                0x0800407c                . = ALIGN (0x4)

.preinit_array  0x0800407c        0x0
                0x0800407c                . = ALIGN (0x4)
                0x0800407c                PROVIDE (__preinit_array_start = .)
 *(.preinit_array*)
                0x0800407c                PROVIDE (__preinit_array_end = .)
                0x0800407c                . = ALIGN (0x4)

.init_array     0x0800407c        0x8
                0x0800407c                . = ALIGN (0x4)
                0x0800407c                PROVIDE (__init_array_start = .)
 *(SORT_BY_NAME(.init_array.*))
 .init_array.00000
                0x0800407c        0x4 d:/cw_software/chipwhisperer5_64/cw/home/portable/armgcc/bin/../lib/gcc/arm-none-eabi/10.2.1/../../../../arm-none-eabi/lib/thumb/v7e-m/nofp\libg.a(lib_a-__call_atexit.o)
 *(.init_array*)
 .init_array    0x08004080        0x4 d:/cw_software/chipwhisperer5_64/cw/home/portable/armgcc/bin/../lib/gcc/arm-none-eabi/10.2.1/thumb/v7e-m/nofp/crtbegin.o
                0x08004084                PROVIDE (__init_array_end = .)
                0x08004084                . = ALIGN (0x4)

.fini_array     0x08004084        0x4
                0x08004084                . = ALIGN (0x4)
                0x08004084                PROVIDE (__fini_array_start = .)
 *(SORT_BY_NAME(.fini_array.*))
 *(.fini_array*)
 .fini_array    0x08004084        0x4 d:/cw_software/chipwhisperer5_64/cw/home/portable/armgcc/bin/../lib/gcc/arm-none-eabi/10.2.1/thumb/v7e-m/nofp/crtbegin.o
                0x08004088                PROVIDE (__fini_array_end = .)
                0x08004088                . = ALIGN (0x4)
                0x08004088                _sidata = LOADADDR (.data)

.data           0x10000000      0x434 load address 0x08004088
                0x10000000                . = ALIGN (0x4)
                0x10000000                _sdata = .
 *(.data)
 *(.data*)
 .data._impure_ptr
                0x10000000        0x4 d:/cw_software/chipwhisperer5_64/cw/home/portable/armgcc/bin/../lib/gcc/arm-none-eabi/10.2.1/../../../../arm-none-eabi/lib/thumb/v7e-m/nofp\libg.a(lib_a-impure.o)
                0x10000000                _impure_ptr
 *fill*         0x10000004        0x4 
 .data.impure_data
                0x10000008      0x428 d:/cw_software/chipwhisperer5_64/cw/home/portable/armgcc/bin/../lib/gcc/arm-none-eabi/10.2.1/../../../../arm-none-eabi/lib/thumb/v7e-m/nofp\libg.a(lib_a-impure.o)
 .data.__atexit_recursive_mutex
                0x10000430        0x4 d:/cw_software/chipwhisperer5_64/cw/home/portable/armgcc/bin/../lib/gcc/arm-none-eabi/10.2.1/../../../../arm-none-eabi/lib/thumb/v7e-m/nofp\libg.a(lib_a-__call_atexit.o)
                0x10000430                __atexit_recursive_mutex
                0x10000434                . = ALIGN (0x4)
                0x10000434                _edata = .

.igot.plt       0x10000434        0x0 load address 0x080044bc
 .igot.plt      0x10000434        0x0 d:/cw_software/chipwhisperer5_64/cw/home/portable/armgcc/bin/../lib/gcc/arm-none-eabi/10.2.1/thumb/v7e-m/nofp/crtbegin.o
                0x10000434                . = ALIGN (0x4)

.bss            0x10000434      0x6c4 load address 0x080044bc
                0x10000434                _sbss = .
                0x10000434                __bss_start__ = _sbss
 *(.bss)
 .bss           0x10000434       0x1c d:/cw_software/chipwhisperer5_64/cw/home/portable/armgcc/bin/../lib/gcc/arm-none-eabi/10.2.1/thumb/v7e-m/nofp/crtbegin.o
 .bss           0x10000450      0x604 objdir-CW308_STM32F4/simpleserial.o
 .bss           0x10000a54       0x9c objdir-CW308_STM32F4/stm32f4_hal.o
                0x10000a54                RngHandle
                0x10000a60                UartHandle
                0x10000ae0                hw_key
 .bss           0x10000af0        0x4 objdir-CW308_STM32F4/stm32f4_hal_lowlevel.o
 *(.bss*)
 .bss.__lock___atexit_recursive_mutex
                0x10000af4        0x1 d:/cw_software/chipwhisperer5_64/cw/home/portable/armgcc/bin/../lib/gcc/arm-none-eabi/10.2.1/../../../../arm-none-eabi/lib/thumb/v7e-m/nofp\libg.a(lib_a-lock.o)
                0x10000af4                __lock___atexit_recursive_mutex
 *(COMMON)
                0x10000af8                . = ALIGN (0x4)
 *fill*         0x10000af5        0x3 
                0x10000af8                _ebss = .
                0x10000af8                __bss_end__ = _ebss

._user_heap_stack
                0x10000af8      0x400 load address 0x080044bc
                0x10000af8                . = ALIGN (0x8)
                0x10000af8                PROVIDE (end = .)
                [!provide]                PROVIDE (_end = .)
                0x10000af8                . = (. + _Min_Heap_Size)
                0x10000ef8                . = (. + _Min_Stack_Size)
 *fill*         0x10000af8      0x400 
                0x10000ef8                . = ALIGN (0x8)

/DISCARD/
 libc.a(*)
 libm.a(*)
 libgcc.a(*)

.ARM.attributes
                0x00000000       0x2e
 *(.ARM.attributes)
 .ARM.attributes
                0x00000000       0x1e d:/cw_software/chipwhisperer5_64/cw/home/portable/armgcc/bin/../lib/gcc/arm-none-eabi/10.2.1/thumb/v7e-m/nofp/crti.o
 .ARM.attributes
                0x0000001e       0x2e d:/cw_software/chipwhisperer5_64/cw/home/portable/armgcc/bin/../lib/gcc/arm-none-eabi/10.2.1/thumb/v7e-m/nofp/crtbegin.o
 .ARM.attributes
                0x0000004c       0x2e objdir-CW308_STM32F4/mask_main.o
 .ARM.attributes
                0x0000007a       0x2e objdir-CW308_STM32F4/fips202.o
 .ARM.attributes
                0x000000a8       0x2e objdir-CW308_STM32F4/masked_fips202.o
 .ARM.attributes
                0x000000d6       0x2e objdir-CW308_STM32F4/simpleserial.o
 .ARM.attributes
                0x00000104       0x2e objdir-CW308_STM32F4/stm32f4_hal.o
 .ARM.attributes
                0x00000132       0x2e objdir-CW308_STM32F4/stm32f4_hal_lowlevel.o
 .ARM.attributes
                0x00000160       0x2e objdir-CW308_STM32F4/stm32f4xx_hal_rng.o
 .ARM.attributes
                0x0000018e       0x25 objdir-CW308_STM32F4/stm32f4_startup.o
 .ARM.attributes
                0x000001b3       0x2e d:/cw_software/chipwhisperer5_64/cw/home/portable/armgcc/bin/../lib/gcc/arm-none-eabi/10.2.1/../../../../arm-none-eabi/lib/thumb/v7e-m/nofp\libg.a(lib_a-impure.o)
 .ARM.attributes
                0x000001e1       0x2e d:/cw_software/chipwhisperer5_64/cw/home/portable/armgcc/bin/../lib/gcc/arm-none-eabi/10.2.1/../../../../arm-none-eabi/lib/thumb/v7e-m/nofp\libg.a(lib_a-init.o)
 .ARM.attributes
                0x0000020f       0x1c d:/cw_software/chipwhisperer5_64/cw/home/portable/armgcc/bin/../lib/gcc/arm-none-eabi/10.2.1/../../../../arm-none-eabi/lib/thumb/v7e-m/nofp\libg.a(lib_a-memcpy.o)
 .ARM.attributes
                0x0000022b       0x2e d:/cw_software/chipwhisperer5_64/cw/home/portable/armgcc/bin/../lib/gcc/arm-none-eabi/10.2.1/../../../../arm-none-eabi/lib/thumb/v7e-m/nofp\libg.a(lib_a-memset.o)
 .ARM.attributes
                0x00000259       0x2e d:/cw_software/chipwhisperer5_64/cw/home/portable/armgcc/bin/../lib/gcc/arm-none-eabi/10.2.1/../../../../arm-none-eabi/lib/thumb/v7e-m/nofp\libg.a(lib_a-rand.o)
 .ARM.attributes
                0x00000287       0x2e d:/cw_software/chipwhisperer5_64/cw/home/portable/armgcc/bin/../lib/gcc/arm-none-eabi/10.2.1/../../../../arm-none-eabi/lib/thumb/v7e-m/nofp\libg.a(lib_a-__call_atexit.o)
 .ARM.attributes
                0x000002b5       0x2e d:/cw_software/chipwhisperer5_64/cw/home/portable/armgcc/bin/../lib/gcc/arm-none-eabi/10.2.1/../../../../arm-none-eabi/lib/thumb/v7e-m/nofp\libg.a(lib_a-atexit.o)
 .ARM.attributes
                0x000002e3       0x2e d:/cw_software/chipwhisperer5_64/cw/home/portable/armgcc/bin/../lib/gcc/arm-none-eabi/10.2.1/../../../../arm-none-eabi/lib/thumb/v7e-m/nofp\libg.a(lib_a-fini.o)
 .ARM.attributes
                0x00000311       0x2e d:/cw_software/chipwhisperer5_64/cw/home/portable/armgcc/bin/../lib/gcc/arm-none-eabi/10.2.1/../../../../arm-none-eabi/lib/thumb/v7e-m/nofp\libg.a(lib_a-lock.o)
 .ARM.attributes
                0x0000033f       0x2e d:/cw_software/chipwhisperer5_64/cw/home/portable/armgcc/bin/../lib/gcc/arm-none-eabi/10.2.1/../../../../arm-none-eabi/lib/thumb/v7e-m/nofp\libg.a(lib_a-__atexit.o)
 .ARM.attributes
                0x0000036d       0x1e d:/cw_software/chipwhisperer5_64/cw/home/portable/armgcc/bin/../lib/gcc/arm-none-eabi/10.2.1/thumb/v7e-m/nofp/crtn.o
OUTPUT(maskmain-CW308_STM32F4.elf elf32-littlearm)
LOAD linker stubs
LOAD d:/cw_software/chipwhisperer5_64/cw/home/portable/armgcc/bin/../lib/gcc/arm-none-eabi/10.2.1/../../../../arm-none-eabi/lib/thumb/v7e-m/nofp\libc.a
LOAD d:/cw_software/chipwhisperer5_64/cw/home/portable/armgcc/bin/../lib/gcc/arm-none-eabi/10.2.1/../../../../arm-none-eabi/lib/thumb/v7e-m/nofp\libm.a
LOAD d:/cw_software/chipwhisperer5_64/cw/home/portable/armgcc/bin/../lib/gcc/arm-none-eabi/10.2.1/thumb/v7e-m/nofp\libgcc.a

.debug_info     0x00000000     0x7a06
 .debug_info    0x00000000      0x756 objdir-CW308_STM32F4/mask_main.o
 .debug_info    0x00000756     0x13bb objdir-CW308_STM32F4/fips202.o
 .debug_info    0x00001b11     0x1aba objdir-CW308_STM32F4/masked_fips202.o
 .debug_info    0x000035cb      0x8c3 objdir-CW308_STM32F4/simpleserial.o
 .debug_info    0x00003e8e     0x177c objdir-CW308_STM32F4/stm32f4_hal.o
 .debug_info    0x0000560a     0x1e8d objdir-CW308_STM32F4/stm32f4_hal_lowlevel.o
 .debug_info    0x00007497      0x56f objdir-CW308_STM32F4/stm32f4xx_hal_rng.o

.debug_abbrev   0x00000000     0x12c4
 .debug_abbrev  0x00000000      0x1bd objdir-CW308_STM32F4/mask_main.o
 .debug_abbrev  0x000001bd      0x28a objdir-CW308_STM32F4/fips202.o
 .debug_abbrev  0x00000447      0x2d9 objdir-CW308_STM32F4/masked_fips202.o
 .debug_abbrev  0x00000720      0x267 objdir-CW308_STM32F4/simpleserial.o
 .debug_abbrev  0x00000987      0x26f objdir-CW308_STM32F4/stm32f4_hal.o
 .debug_abbrev  0x00000bf6      0x444 objdir-CW308_STM32F4/stm32f4_hal_lowlevel.o
 .debug_abbrev  0x0000103a      0x28a objdir-CW308_STM32F4/stm32f4xx_hal_rng.o

.debug_loc      0x00000000     0x5f5d
 .debug_loc     0x00000000      0x116 objdir-CW308_STM32F4/mask_main.o
 .debug_loc     0x00000116     0x2925 objdir-CW308_STM32F4/fips202.o
 .debug_loc     0x00002a3b     0x115d objdir-CW308_STM32F4/masked_fips202.o
 .debug_loc     0x00003b98      0x9ee objdir-CW308_STM32F4/simpleserial.o
 .debug_loc     0x00004586      0x2da objdir-CW308_STM32F4/stm32f4_hal.o
 .debug_loc     0x00004860     0x1344 objdir-CW308_STM32F4/stm32f4_hal_lowlevel.o
 .debug_loc     0x00005ba4      0x3b9 objdir-CW308_STM32F4/stm32f4xx_hal_rng.o

.debug_aranges  0x00000000      0x378
 .debug_aranges
                0x00000000       0x28 objdir-CW308_STM32F4/mask_main.o
 .debug_aranges
                0x00000028       0xc0 objdir-CW308_STM32F4/fips202.o
 .debug_aranges
                0x000000e8       0x88 objdir-CW308_STM32F4/masked_fips202.o
 .debug_aranges
                0x00000170       0x78 objdir-CW308_STM32F4/simpleserial.o
 .debug_aranges
                0x000001e8       0x88 objdir-CW308_STM32F4/stm32f4_hal.o
 .debug_aranges
                0x00000270       0x98 objdir-CW308_STM32F4/stm32f4_hal_lowlevel.o
 .debug_aranges
                0x00000308       0x70 objdir-CW308_STM32F4/stm32f4xx_hal_rng.o

.debug_ranges   0x00000000      0x640
 .debug_ranges  0x00000000       0x48 objdir-CW308_STM32F4/mask_main.o
 .debug_ranges  0x00000048       0xf0 objdir-CW308_STM32F4/fips202.o
 .debug_ranges  0x00000138       0xc8 objdir-CW308_STM32F4/masked_fips202.o
 .debug_ranges  0x00000200      0x110 objdir-CW308_STM32F4/simpleserial.o
 .debug_ranges  0x00000310      0x120 objdir-CW308_STM32F4/stm32f4_hal.o
 .debug_ranges  0x00000430      0x198 objdir-CW308_STM32F4/stm32f4_hal_lowlevel.o
 .debug_ranges  0x000005c8       0x78 objdir-CW308_STM32F4/stm32f4xx_hal_rng.o

.debug_line     0x00000000     0x6b53
 .debug_line    0x00000000      0x235 objdir-CW308_STM32F4/mask_main.o
 .debug_line    0x00000235     0x1e77 objdir-CW308_STM32F4/fips202.o
 .debug_line    0x000020ac     0x2370 objdir-CW308_STM32F4/masked_fips202.o
 .debug_line    0x0000441c      0x71b objdir-CW308_STM32F4/simpleserial.o
 .debug_line    0x00004b37      0x5d5 objdir-CW308_STM32F4/stm32f4_hal.o
 .debug_line    0x0000510c     0x1578 objdir-CW308_STM32F4/stm32f4_hal_lowlevel.o
 .debug_line    0x00006684      0x4cf objdir-CW308_STM32F4/stm32f4xx_hal_rng.o

.debug_str      0x00000000     0x176f
 .debug_str     0x00000000      0x344 objdir-CW308_STM32F4/mask_main.o
                                0x3ac (size before relaxing)
 .debug_str     0x00000344      0x21a objdir-CW308_STM32F4/fips202.o
                                0x508 (size before relaxing)
 .debug_str     0x0000055e      0x199 objdir-CW308_STM32F4/masked_fips202.o
                                0x43b (size before relaxing)
 .debug_str     0x000006f7      0x131 objdir-CW308_STM32F4/simpleserial.o
                                0x398 (size before relaxing)
 .debug_str     0x00000828      0xba6 objdir-CW308_STM32F4/stm32f4_hal.o
                                0xe26 (size before relaxing)
 .debug_str     0x000013ce      0x26f objdir-CW308_STM32F4/stm32f4_hal_lowlevel.o
                                0xe71 (size before relaxing)
 .debug_str     0x0000163d      0x132 objdir-CW308_STM32F4/stm32f4xx_hal_rng.o
                                0x470 (size before relaxing)

.comment        0x00000000       0x4d
 .comment       0x00000000       0x4d objdir-CW308_STM32F4/mask_main.o
                                 0x4e (size before relaxing)
 .comment       0x0000004d       0x4e objdir-CW308_STM32F4/fips202.o
 .comment       0x0000004d       0x4e objdir-CW308_STM32F4/masked_fips202.o
 .comment       0x0000004d       0x4e objdir-CW308_STM32F4/simpleserial.o
 .comment       0x0000004d       0x4e objdir-CW308_STM32F4/stm32f4_hal.o
 .comment       0x0000004d       0x4e objdir-CW308_STM32F4/stm32f4_hal_lowlevel.o
 .comment       0x0000004d       0x4e objdir-CW308_STM32F4/stm32f4xx_hal_rng.o

.debug_frame    0x00000000      0xcb8
 .debug_frame   0x00000000       0x4c objdir-CW308_STM32F4/mask_main.o
 .debug_frame   0x0000004c      0x2a4 objdir-CW308_STM32F4/fips202.o
 .debug_frame   0x000002f0      0x200 objdir-CW308_STM32F4/masked_fips202.o
 .debug_frame   0x000004f0      0x170 objdir-CW308_STM32F4/simpleserial.o
 .debug_frame   0x00000660      0x168 objdir-CW308_STM32F4/stm32f4_hal.o
 .debug_frame   0x000007c8      0x1b8 objdir-CW308_STM32F4/stm32f4_hal_lowlevel.o
 .debug_frame   0x00000980      0x110 objdir-CW308_STM32F4/stm32f4xx_hal_rng.o
 .debug_frame   0x00000a90       0x2c d:/cw_software/chipwhisperer5_64/cw/home/portable/armgcc/bin/../lib/gcc/arm-none-eabi/10.2.1/../../../../arm-none-eabi/lib/thumb/v7e-m/nofp\libg.a(lib_a-init.o)
 .debug_frame   0x00000abc       0x2c d:/cw_software/chipwhisperer5_64/cw/home/portable/armgcc/bin/../lib/gcc/arm-none-eabi/10.2.1/../../../../arm-none-eabi/lib/thumb/v7e-m/nofp\libg.a(lib_a-memset.o)
 .debug_frame   0x00000ae8       0x3c d:/cw_software/chipwhisperer5_64/cw/home/portable/armgcc/bin/../lib/gcc/arm-none-eabi/10.2.1/../../../../arm-none-eabi/lib/thumb/v7e-m/nofp\libg.a(lib_a-rand.o)
 .debug_frame   0x00000b24       0x5c d:/cw_software/chipwhisperer5_64/cw/home/portable/armgcc/bin/../lib/gcc/arm-none-eabi/10.2.1/../../../../arm-none-eabi/lib/thumb/v7e-m/nofp\libg.a(lib_a-__call_atexit.o)
 .debug_frame   0x00000b80       0x20 d:/cw_software/chipwhisperer5_64/cw/home/portable/armgcc/bin/../lib/gcc/arm-none-eabi/10.2.1/../../../../arm-none-eabi/lib/thumb/v7e-m/nofp\libg.a(lib_a-atexit.o)
 .debug_frame   0x00000ba0       0x34 d:/cw_software/chipwhisperer5_64/cw/home/portable/armgcc/bin/../lib/gcc/arm-none-eabi/10.2.1/../../../../arm-none-eabi/lib/thumb/v7e-m/nofp\libg.a(lib_a-fini.o)
 .debug_frame   0x00000bd4       0xb0 d:/cw_software/chipwhisperer5_64/cw/home/portable/armgcc/bin/../lib/gcc/arm-none-eabi/10.2.1/../../../../arm-none-eabi/lib/thumb/v7e-m/nofp\libg.a(lib_a-lock.o)
 .debug_frame   0x00000c84       0x34 d:/cw_software/chipwhisperer5_64/cw/home/portable/armgcc/bin/../lib/gcc/arm-none-eabi/10.2.1/../../../../arm-none-eabi/lib/thumb/v7e-m/nofp\libg.a(lib_a-__atexit.o)

.stab           0x00000000      0x144
 .stab          0x00000000      0x144 objdir-CW308_STM32F4/stm32f4_startup.o

.stabstr        0x00000000       0x54
 .stabstr       0x00000000       0x54 objdir-CW308_STM32F4/stm32f4_startup.o

Cross Reference Table

Symbol                                            File
AES128_ECB_decrypt                                objdir-CW308_STM32F4/aes.o
AES128_ECB_encrypt                                objdir-CW308_STM32F4/aes.o
AES128_ECB_indp_crypto                            objdir-CW308_STM32F4/aes.o
                                                  objdir-CW308_STM32F4/aes-independant.o
AES128_ECB_indp_setkey                            objdir-CW308_STM32F4/aes.o
                                                  objdir-CW308_STM32F4/aes-independant.o
BusFault_Handler                                  objdir-CW308_STM32F4/stm32f4_startup.o
DebugMon_Handler                                  objdir-CW308_STM32F4/stm32f4_startup.o
Default_Handler                                   objdir-CW308_STM32F4/stm32f4_startup.o
HAL_CRYP_AESECB_Decrypt                           objdir-CW308_STM32F4/stm32f4_hal_lowlevel.o
                                                  objdir-CW308_STM32F4/stm32f4_hal.o
HAL_CRYP_AESECB_Encrypt                           objdir-CW308_STM32F4/stm32f4_hal_lowlevel.o
                                                  objdir-CW308_STM32F4/stm32f4_hal.o
HAL_CRYP_DeInit                                   objdir-CW308_STM32F4/stm32f4_hal_lowlevel.o
HAL_CRYP_Init                                     objdir-CW308_STM32F4/stm32f4_hal_lowlevel.o
                                                  objdir-CW308_STM32F4/stm32f4_hal.o
HAL_GPIO_Init                                     objdir-CW308_STM32F4/stm32f4_hal_lowlevel.o
                                                  objdir-CW308_STM32F4/stm32f4_hal.o
HAL_GPIO_WritePin                                 objdir-CW308_STM32F4/stm32f4_hal_lowlevel.o
                                                  objdir-CW308_STM32F4/stm32f4_hal.o
HAL_GetTick                                       objdir-CW308_STM32F4/stm32f4_hal_lowlevel.o
                                                  objdir-CW308_STM32F4/stm32f4xx_hal_rng.o
HAL_RCC_ClockConfig                               objdir-CW308_STM32F4/stm32f4_hal_lowlevel.o
                                                  objdir-CW308_STM32F4/stm32f4_hal.o
HAL_RCC_GetPCLK1Freq                              objdir-CW308_STM32F4/stm32f4_hal_lowlevel.o
HAL_RCC_GetPCLK2Freq                              objdir-CW308_STM32F4/stm32f4_hal_lowlevel.o
HAL_RCC_OscConfig                                 objdir-CW308_STM32F4/stm32f4_hal_lowlevel.o
                                                  objdir-CW308_STM32F4/stm32f4_hal.o
HAL_RNG_DeInit                                    objdir-CW308_STM32F4/stm32f4xx_hal_rng.o
HAL_RNG_ErrorCallback                             objdir-CW308_STM32F4/stm32f4xx_hal_rng.o
HAL_RNG_GenerateRandomNumber                      objdir-CW308_STM32F4/stm32f4xx_hal_rng.o
                                                  objdir-CW308_STM32F4/stm32f4_hal.o
HAL_RNG_GenerateRandomNumber_IT                   objdir-CW308_STM32F4/stm32f4xx_hal_rng.o
HAL_RNG_GetRandomNumber                           objdir-CW308_STM32F4/stm32f4xx_hal_rng.o
HAL_RNG_GetRandomNumber_IT                        objdir-CW308_STM32F4/stm32f4xx_hal_rng.o
HAL_RNG_GetState                                  objdir-CW308_STM32F4/stm32f4xx_hal_rng.o
HAL_RNG_IRQHandler                                objdir-CW308_STM32F4/stm32f4xx_hal_rng.o
HAL_RNG_Init                                      objdir-CW308_STM32F4/stm32f4xx_hal_rng.o
                                                  objdir-CW308_STM32F4/stm32f4_hal.o
HAL_RNG_MspDeInit                                 objdir-CW308_STM32F4/stm32f4xx_hal_rng.o
HAL_RNG_MspInit                                   objdir-CW308_STM32F4/stm32f4xx_hal_rng.o
HAL_RNG_ReadLastRandomNumber                      objdir-CW308_STM32F4/stm32f4xx_hal_rng.o
HAL_RNG_ReadyDataCallback                         objdir-CW308_STM32F4/stm32f4xx_hal_rng.o
HAL_UART_Init                                     objdir-CW308_STM32F4/stm32f4_hal_lowlevel.o
                                                  objdir-CW308_STM32F4/stm32f4_hal.o
HAL_UART_Receive                                  objdir-CW308_STM32F4/stm32f4_hal_lowlevel.o
                                                  objdir-CW308_STM32F4/stm32f4_hal.o
HAL_UART_Transmit                                 objdir-CW308_STM32F4/stm32f4_hal_lowlevel.o
                                                  objdir-CW308_STM32F4/stm32f4_hal.o
HW_AES128_Dec                                     objdir-CW308_STM32F4/stm32f4_hal.o
HW_AES128_Enc                                     objdir-CW308_STM32F4/stm32f4_hal.o
HW_AES128_Enc_posttrigger                         objdir-CW308_STM32F4/stm32f4_hal.o
HW_AES128_Enc_pretrigger                          objdir-CW308_STM32F4/stm32f4_hal.o
HW_AES128_Init                                    objdir-CW308_STM32F4/stm32f4_hal.o
HW_AES128_LoadKey                                 objdir-CW308_STM32F4/stm32f4_hal.o
HardFault_Handler                                 objdir-CW308_STM32F4/stm32f4_startup.o
KeccakF1600_StatePermute_masked                   objdir-CW308_STM32F4/masked_fips202.o
MemManage_Handler                                 objdir-CW308_STM32F4/stm32f4_startup.o
NMI_Handler                                       objdir-CW308_STM32F4/stm32f4_startup.o
PendSV_Handler                                    objdir-CW308_STM32F4/stm32f4_startup.o
RCC_AHB2PeriphClockCmd                            objdir-CW308_STM32F4/stm32f4_hal_lowlevel.o
Rcon                                              objdir-CW308_STM32F4/aes.o
Reset_Handler                                     objdir-CW308_STM32F4/stm32f4_startup.o
RngHandle                                         objdir-CW308_STM32F4/stm32f4_hal.o
SVC_Handler                                       objdir-CW308_STM32F4/stm32f4_startup.o
SysTick_Handler                                   objdir-CW308_STM32F4/stm32f4_startup.o
SystemInit                                        objdir-CW308_STM32F4/stm32f4_startup.o
UartHandle                                        objdir-CW308_STM32F4/stm32f4_hal.o
UsageFault_Handler                                objdir-CW308_STM32F4/stm32f4_startup.o
__atexit_recursive_mutex                          d:/cw_software/chipwhisperer5_64/cw/home/portable/armgcc/bin/../lib/gcc/arm-none-eabi/10.2.1/../../../../arm-none-eabi/lib/thumb/v7e-m/nofp\libg.a(lib_a-__call_atexit.o)
                                                  d:/cw_software/chipwhisperer5_64/cw/home/portable/armgcc/bin/../lib/gcc/arm-none-eabi/10.2.1/../../../../arm-none-eabi/lib/thumb/v7e-m/nofp\libg.a(lib_a-__atexit.o)
__bss_end__                                       d:/cw_software/chipwhisperer5_64/cw/home/portable/armgcc/bin/../lib/gcc/arm-none-eabi/10.2.1/../../../../arm-none-eabi/lib/thumb/v7e-m/nofp/crt0.o
__bss_start__                                     d:/cw_software/chipwhisperer5_64/cw/home/portable/armgcc/bin/../lib/gcc/arm-none-eabi/10.2.1/../../../../arm-none-eabi/lib/thumb/v7e-m/nofp/crt0.o
__call_exitprocs                                  d:/cw_software/chipwhisperer5_64/cw/home/portable/armgcc/bin/../lib/gcc/arm-none-eabi/10.2.1/../../../../arm-none-eabi/lib/thumb/v7e-m/nofp\libg.a(lib_a-__call_atexit.o)
                                                  d:/cw_software/chipwhisperer5_64/cw/home/portable/armgcc/bin/../lib/gcc/arm-none-eabi/10.2.1/../../../../arm-none-eabi/lib/thumb/v7e-m/nofp\libg.a(lib_a-exit.o)
__deregister_frame_info                           d:/cw_software/chipwhisperer5_64/cw/home/portable/armgcc/bin/../lib/gcc/arm-none-eabi/10.2.1/thumb/v7e-m/nofp/crtbegin.o
__dso_handle                                      d:/cw_software/chipwhisperer5_64/cw/home/portable/armgcc/bin/../lib/gcc/arm-none-eabi/10.2.1/thumb/v7e-m/nofp/crtbegin.o
__errno                                           d:/cw_software/chipwhisperer5_64/cw/home/portable/armgcc/bin/../lib/gcc/arm-none-eabi/10.2.1/../../../../arm-none-eabi/lib/thumb/v7e-m/nofp\libg.a(lib_a-errno.o)
                                                  objdir-CW308_STM32F4/stm32f4_sysmem.o
__fini_array_end                                  d:/cw_software/chipwhisperer5_64/cw/home/portable/armgcc/bin/../lib/gcc/arm-none-eabi/10.2.1/../../../../arm-none-eabi/lib/thumb/v7e-m/nofp\libg.a(lib_a-fini.o)
__fini_array_start                                d:/cw_software/chipwhisperer5_64/cw/home/portable/armgcc/bin/../lib/gcc/arm-none-eabi/10.2.1/../../../../arm-none-eabi/lib/thumb/v7e-m/nofp\libg.a(lib_a-fini.o)
__init_array_end                                  d:/cw_software/chipwhisperer5_64/cw/home/portable/armgcc/bin/../lib/gcc/arm-none-eabi/10.2.1/../../../../arm-none-eabi/lib/thumb/v7e-m/nofp\libg.a(lib_a-init.o)
__init_array_start                                d:/cw_software/chipwhisperer5_64/cw/home/portable/armgcc/bin/../lib/gcc/arm-none-eabi/10.2.1/../../../../arm-none-eabi/lib/thumb/v7e-m/nofp\libg.a(lib_a-init.o)
__libc_fini                                       d:/cw_software/chipwhisperer5_64/cw/home/portable/armgcc/bin/../lib/gcc/arm-none-eabi/10.2.1/../../../../arm-none-eabi/lib/thumb/v7e-m/nofp\libg.a(lib_a-__call_atexit.o)
__libc_fini_array                                 d:/cw_software/chipwhisperer5_64/cw/home/portable/armgcc/bin/../lib/gcc/arm-none-eabi/10.2.1/../../../../arm-none-eabi/lib/thumb/v7e-m/nofp\libg.a(lib_a-fini.o)
                                                  d:/cw_software/chipwhisperer5_64/cw/home/portable/armgcc/bin/../lib/gcc/arm-none-eabi/10.2.1/../../../../arm-none-eabi/lib/thumb/v7e-m/nofp\libg.a(lib_a-__call_atexit.o)
                                                  d:/cw_software/chipwhisperer5_64/cw/home/portable/armgcc/bin/../lib/gcc/arm-none-eabi/10.2.1/../../../../arm-none-eabi/lib/thumb/v7e-m/nofp/crt0.o
__libc_init_array                                 d:/cw_software/chipwhisperer5_64/cw/home/portable/armgcc/bin/../lib/gcc/arm-none-eabi/10.2.1/../../../../arm-none-eabi/lib/thumb/v7e-m/nofp\libg.a(lib_a-init.o)
                                                  objdir-CW308_STM32F4/stm32f4_startup.o
                                                  d:/cw_software/chipwhisperer5_64/cw/home/portable/armgcc/bin/../lib/gcc/arm-none-eabi/10.2.1/../../../../arm-none-eabi/lib/thumb/v7e-m/nofp/crt0.o
__lock___arc4random_mutex                         d:/cw_software/chipwhisperer5_64/cw/home/portable/armgcc/bin/../lib/gcc/arm-none-eabi/10.2.1/../../../../arm-none-eabi/lib/thumb/v7e-m/nofp\libg.a(lib_a-lock.o)
__lock___at_quick_exit_mutex                      d:/cw_software/chipwhisperer5_64/cw/home/portable/armgcc/bin/../lib/gcc/arm-none-eabi/10.2.1/../../../../arm-none-eabi/lib/thumb/v7e-m/nofp\libg.a(lib_a-lock.o)
__lock___atexit_recursive_mutex                   d:/cw_software/chipwhisperer5_64/cw/home/portable/armgcc/bin/../lib/gcc/arm-none-eabi/10.2.1/../../../../arm-none-eabi/lib/thumb/v7e-m/nofp\libg.a(lib_a-lock.o)
                                                  d:/cw_software/chipwhisperer5_64/cw/home/portable/armgcc/bin/../lib/gcc/arm-none-eabi/10.2.1/../../../../arm-none-eabi/lib/thumb/v7e-m/nofp\libg.a(lib_a-__call_atexit.o)
__lock___dd_hash_mutex                            d:/cw_software/chipwhisperer5_64/cw/home/portable/armgcc/bin/../lib/gcc/arm-none-eabi/10.2.1/../../../../arm-none-eabi/lib/thumb/v7e-m/nofp\libg.a(lib_a-lock.o)
__lock___env_recursive_mutex                      d:/cw_software/chipwhisperer5_64/cw/home/portable/armgcc/bin/../lib/gcc/arm-none-eabi/10.2.1/../../../../arm-none-eabi/lib/thumb/v7e-m/nofp\libg.a(lib_a-lock.o)
__lock___malloc_recursive_mutex                   d:/cw_software/chipwhisperer5_64/cw/home/portable/armgcc/bin/../lib/gcc/arm-none-eabi/10.2.1/../../../../arm-none-eabi/lib/thumb/v7e-m/nofp\libg.a(lib_a-lock.o)
__lock___sfp_recursive_mutex                      d:/cw_software/chipwhisperer5_64/cw/home/portable/armgcc/bin/../lib/gcc/arm-none-eabi/10.2.1/../../../../arm-none-eabi/lib/thumb/v7e-m/nofp\libg.a(lib_a-lock.o)
__lock___sinit_recursive_mutex                    d:/cw_software/chipwhisperer5_64/cw/home/portable/armgcc/bin/../lib/gcc/arm-none-eabi/10.2.1/../../../../arm-none-eabi/lib/thumb/v7e-m/nofp\libg.a(lib_a-lock.o)
__lock___tz_mutex                                 d:/cw_software/chipwhisperer5_64/cw/home/portable/armgcc/bin/../lib/gcc/arm-none-eabi/10.2.1/../../../../arm-none-eabi/lib/thumb/v7e-m/nofp\libg.a(lib_a-lock.o)
__preinit_array_end                               d:/cw_software/chipwhisperer5_64/cw/home/portable/armgcc/bin/../lib/gcc/arm-none-eabi/10.2.1/../../../../arm-none-eabi/lib/thumb/v7e-m/nofp\libg.a(lib_a-init.o)
__preinit_array_start                             d:/cw_software/chipwhisperer5_64/cw/home/portable/armgcc/bin/../lib/gcc/arm-none-eabi/10.2.1/../../../../arm-none-eabi/lib/thumb/v7e-m/nofp\libg.a(lib_a-init.o)
__register_exitproc                               d:/cw_software/chipwhisperer5_64/cw/home/portable/armgcc/bin/../lib/gcc/arm-none-eabi/10.2.1/../../../../arm-none-eabi/lib/thumb/v7e-m/nofp\libg.a(lib_a-__atexit.o)
                                                  d:/cw_software/chipwhisperer5_64/cw/home/portable/armgcc/bin/../lib/gcc/arm-none-eabi/10.2.1/../../../../arm-none-eabi/lib/thumb/v7e-m/nofp\libg.a(lib_a-atexit.o)
__register_frame_info                             d:/cw_software/chipwhisperer5_64/cw/home/portable/armgcc/bin/../lib/gcc/arm-none-eabi/10.2.1/thumb/v7e-m/nofp/crtbegin.o
__retarget_lock_acquire                           d:/cw_software/chipwhisperer5_64/cw/home/portable/armgcc/bin/../lib/gcc/arm-none-eabi/10.2.1/../../../../arm-none-eabi/lib/thumb/v7e-m/nofp\libg.a(lib_a-lock.o)
__retarget_lock_acquire_recursive                 d:/cw_software/chipwhisperer5_64/cw/home/portable/armgcc/bin/../lib/gcc/arm-none-eabi/10.2.1/../../../../arm-none-eabi/lib/thumb/v7e-m/nofp\libg.a(lib_a-lock.o)
                                                  d:/cw_software/chipwhisperer5_64/cw/home/portable/armgcc/bin/../lib/gcc/arm-none-eabi/10.2.1/../../../../arm-none-eabi/lib/thumb/v7e-m/nofp\libg.a(lib_a-__atexit.o)
                                                  d:/cw_software/chipwhisperer5_64/cw/home/portable/armgcc/bin/../lib/gcc/arm-none-eabi/10.2.1/../../../../arm-none-eabi/lib/thumb/v7e-m/nofp\libg.a(lib_a-__call_atexit.o)
__retarget_lock_close                             d:/cw_software/chipwhisperer5_64/cw/home/portable/armgcc/bin/../lib/gcc/arm-none-eabi/10.2.1/../../../../arm-none-eabi/lib/thumb/v7e-m/nofp\libg.a(lib_a-lock.o)
__retarget_lock_close_recursive                   d:/cw_software/chipwhisperer5_64/cw/home/portable/armgcc/bin/../lib/gcc/arm-none-eabi/10.2.1/../../../../arm-none-eabi/lib/thumb/v7e-m/nofp\libg.a(lib_a-lock.o)
__retarget_lock_init                              d:/cw_software/chipwhisperer5_64/cw/home/portable/armgcc/bin/../lib/gcc/arm-none-eabi/10.2.1/../../../../arm-none-eabi/lib/thumb/v7e-m/nofp\libg.a(lib_a-lock.o)
__retarget_lock_init_recursive                    d:/cw_software/chipwhisperer5_64/cw/home/portable/armgcc/bin/../lib/gcc/arm-none-eabi/10.2.1/../../../../arm-none-eabi/lib/thumb/v7e-m/nofp\libg.a(lib_a-lock.o)
__retarget_lock_release                           d:/cw_software/chipwhisperer5_64/cw/home/portable/armgcc/bin/../lib/gcc/arm-none-eabi/10.2.1/../../../../arm-none-eabi/lib/thumb/v7e-m/nofp\libg.a(lib_a-lock.o)
__retarget_lock_release_recursive                 d:/cw_software/chipwhisperer5_64/cw/home/portable/armgcc/bin/../lib/gcc/arm-none-eabi/10.2.1/../../../../arm-none-eabi/lib/thumb/v7e-m/nofp\libg.a(lib_a-lock.o)
                                                  d:/cw_software/chipwhisperer5_64/cw/home/portable/armgcc/bin/../lib/gcc/arm-none-eabi/10.2.1/../../../../arm-none-eabi/lib/thumb/v7e-m/nofp\libg.a(lib_a-__atexit.o)
                                                  d:/cw_software/chipwhisperer5_64/cw/home/portable/armgcc/bin/../lib/gcc/arm-none-eabi/10.2.1/../../../../arm-none-eabi/lib/thumb/v7e-m/nofp\libg.a(lib_a-__call_atexit.o)
__retarget_lock_try_acquire                       d:/cw_software/chipwhisperer5_64/cw/home/portable/armgcc/bin/../lib/gcc/arm-none-eabi/10.2.1/../../../../arm-none-eabi/lib/thumb/v7e-m/nofp\libg.a(lib_a-lock.o)
__retarget_lock_try_acquire_recursive             d:/cw_software/chipwhisperer5_64/cw/home/portable/armgcc/bin/../lib/gcc/arm-none-eabi/10.2.1/../../../../arm-none-eabi/lib/thumb/v7e-m/nofp\libg.a(lib_a-lock.o)
__stack                                           d:/cw_software/chipwhisperer5_64/cw/home/portable/armgcc/bin/../lib/gcc/arm-none-eabi/10.2.1/../../../../arm-none-eabi/lib/thumb/v7e-m/nofp/crt0.o
_ebss                                             objdir-CW308_STM32F4/stm32f4_startup.o
_edata                                            objdir-CW308_STM32F4/stm32f4_startup.o
_estack                                           objdir-CW308_STM32F4/stm32f4_startup.o
_exit                                             d:/cw_software/chipwhisperer5_64/cw/home/portable/armgcc/bin/../lib/gcc/arm-none-eabi/10.2.1/../../../../arm-none-eabi/lib/thumb/v7e-m/nofp\libnosys.a(_exit.o)
                                                  d:/cw_software/chipwhisperer5_64/cw/home/portable/armgcc/bin/../lib/gcc/arm-none-eabi/10.2.1/../../../../arm-none-eabi/lib/thumb/v7e-m/nofp\libg.a(lib_a-exit.o)
_fini                                             d:/cw_software/chipwhisperer5_64/cw/home/portable/armgcc/bin/../lib/gcc/arm-none-eabi/10.2.1/thumb/v7e-m/nofp/crti.o
                                                  d:/cw_software/chipwhisperer5_64/cw/home/portable/armgcc/bin/../lib/gcc/arm-none-eabi/10.2.1/../../../../arm-none-eabi/lib/thumb/v7e-m/nofp\libg.a(lib_a-fini.o)
_global_impure_ptr                                d:/cw_software/chipwhisperer5_64/cw/home/portable/armgcc/bin/../lib/gcc/arm-none-eabi/10.2.1/../../../../arm-none-eabi/lib/thumb/v7e-m/nofp\libg.a(lib_a-impure.o)
                                                  d:/cw_software/chipwhisperer5_64/cw/home/portable/armgcc/bin/../lib/gcc/arm-none-eabi/10.2.1/../../../../arm-none-eabi/lib/thumb/v7e-m/nofp\libg.a(lib_a-__atexit.o)
                                                  d:/cw_software/chipwhisperer5_64/cw/home/portable/armgcc/bin/../lib/gcc/arm-none-eabi/10.2.1/../../../../arm-none-eabi/lib/thumb/v7e-m/nofp\libg.a(lib_a-__call_atexit.o)
                                                  d:/cw_software/chipwhisperer5_64/cw/home/portable/armgcc/bin/../lib/gcc/arm-none-eabi/10.2.1/../../../../arm-none-eabi/lib/thumb/v7e-m/nofp\libg.a(lib_a-exit.o)
_impure_ptr                                       d:/cw_software/chipwhisperer5_64/cw/home/portable/armgcc/bin/../lib/gcc/arm-none-eabi/10.2.1/../../../../arm-none-eabi/lib/thumb/v7e-m/nofp\libg.a(lib_a-impure.o)
                                                  d:/cw_software/chipwhisperer5_64/cw/home/portable/armgcc/bin/../lib/gcc/arm-none-eabi/10.2.1/../../../../arm-none-eabi/lib/thumb/v7e-m/nofp\libg.a(lib_a-rand.o)
                                                  d:/cw_software/chipwhisperer5_64/cw/home/portable/armgcc/bin/../lib/gcc/arm-none-eabi/10.2.1/../../../../arm-none-eabi/lib/thumb/v7e-m/nofp\libg.a(lib_a-errno.o)
_init                                             d:/cw_software/chipwhisperer5_64/cw/home/portable/armgcc/bin/../lib/gcc/arm-none-eabi/10.2.1/thumb/v7e-m/nofp/crti.o
                                                  d:/cw_software/chipwhisperer5_64/cw/home/portable/armgcc/bin/../lib/gcc/arm-none-eabi/10.2.1/../../../../arm-none-eabi/lib/thumb/v7e-m/nofp\libg.a(lib_a-init.o)
_mainCRTStartup                                   d:/cw_software/chipwhisperer5_64/cw/home/portable/armgcc/bin/../lib/gcc/arm-none-eabi/10.2.1/../../../../arm-none-eabi/lib/thumb/v7e-m/nofp/crt0.o
_sbrk                                             objdir-CW308_STM32F4/stm32f4_sysmem.o
_sbss                                             objdir-CW308_STM32F4/stm32f4_startup.o
_sdata                                            objdir-CW308_STM32F4/stm32f4_startup.o
_sidata                                           objdir-CW308_STM32F4/stm32f4_startup.o
_stack_init                                       d:/cw_software/chipwhisperer5_64/cw/home/portable/armgcc/bin/../lib/gcc/arm-none-eabi/10.2.1/../../../../arm-none-eabi/lib/thumb/v7e-m/nofp/crt0.o
_start                                            d:/cw_software/chipwhisperer5_64/cw/home/portable/armgcc/bin/../lib/gcc/arm-none-eabi/10.2.1/../../../../arm-none-eabi/lib/thumb/v7e-m/nofp/crt0.o
aes_indep_enc                                     objdir-CW308_STM32F4/aes-independant.o
aes_indep_enc_posttrigger                         objdir-CW308_STM32F4/aes-independant.o
aes_indep_enc_pretrigger                          objdir-CW308_STM32F4/aes-independant.o
aes_indep_init                                    objdir-CW308_STM32F4/aes-independant.o
aes_indep_key                                     objdir-CW308_STM32F4/aes-independant.o
aes_indep_mask                                    objdir-CW308_STM32F4/aes-independant.o
atexit                                            d:/cw_software/chipwhisperer5_64/cw/home/portable/armgcc/bin/../lib/gcc/arm-none-eabi/10.2.1/../../../../arm-none-eabi/lib/thumb/v7e-m/nofp\libg.a(lib_a-atexit.o)
                                                  d:/cw_software/chipwhisperer5_64/cw/home/portable/armgcc/bin/../lib/gcc/arm-none-eabi/10.2.1/../../../../arm-none-eabi/lib/thumb/v7e-m/nofp\libg.a(lib_a-__call_atexit.o)
                                                  d:/cw_software/chipwhisperer5_64/cw/home/portable/armgcc/bin/../lib/gcc/arm-none-eabi/10.2.1/../../../../arm-none-eabi/lib/thumb/v7e-m/nofp/crt0.o
canon_to_centered                                 objdir-CW308_STM32F4/masking_interface.o
center                                            objdir-CW308_STM32F4/masking_interface.o
center_to_canon                                   objdir-CW308_STM32F4/masking_interface.o
check_version                                     objdir-CW308_STM32F4/simpleserial.o
enckey                                            objdir-CW308_STM32F4/aes-independant.o
end                                               objdir-CW308_STM32F4/stm32f4_sysmem.o
exit                                              d:/cw_software/chipwhisperer5_64/cw/home/portable/armgcc/bin/../lib/gcc/arm-none-eabi/10.2.1/../../../../arm-none-eabi/lib/thumb/v7e-m/nofp\libg.a(lib_a-exit.o)
                                                  d:/cw_software/chipwhisperer5_64/cw/home/portable/armgcc/bin/../lib/gcc/arm-none-eabi/10.2.1/../../../../arm-none-eabi/lib/thumb/v7e-m/nofp/crt0.o
g_pfnVectors                                      objdir-CW308_STM32F4/stm32f4_startup.o
get_rand                                          objdir-CW308_STM32F4/stm32f4_hal.o
getch                                             objdir-CW308_STM32F4/stm32f4_hal.o
                                                  objdir-CW308_STM32F4/simpleserial.o
hardware_init_hook                                d:/cw_software/chipwhisperer5_64/cw/home/portable/armgcc/bin/../lib/gcc/arm-none-eabi/10.2.1/../../../../arm-none-eabi/lib/thumb/v7e-m/nofp/crt0.o
hex_decode                                        objdir-CW308_STM32F4/simpleserial.o
hw_key                                            objdir-CW308_STM32F4/stm32f4_hal.o
init_uart                                         objdir-CW308_STM32F4/stm32f4_hal.o
                                                  objdir-CW308_STM32F4/mask_main.o
keccak_absorb_masked                              objdir-CW308_STM32F4/masked_fips202.o
main                                              objdir-CW308_STM32F4/mask_main.o
                                                  objdir-CW308_STM32F4/stm32f4_startup.o
                                                  d:/cw_software/chipwhisperer5_64/cw/home/portable/armgcc/bin/../lib/gcc/arm-none-eabi/10.2.1/../../../../arm-none-eabi/lib/thumb/v7e-m/nofp/crt0.o
mask_hash                                         objdir-CW308_STM32F4/mask_main.o
memcpy                                            d:/cw_software/chipwhisperer5_64/cw/home/portable/armgcc/bin/../lib/gcc/arm-none-eabi/10.2.1/../../../../arm-none-eabi/lib/thumb/v7e-m/nofp\libg.a(lib_a-memcpy.o)
                                                  objdir-CW308_STM32F4/simpleserial.o
                                                  objdir-CW308_STM32F4/masked_fips202.o
                                                  objdir-CW308_STM32F4/fips202.o
                                                  objdir-CW308_STM32F4/mask_main.o
memset                                            d:/cw_software/chipwhisperer5_64/cw/home/portable/armgcc/bin/../lib/gcc/arm-none-eabi/10.2.1/../../../../arm-none-eabi/lib/thumb/v7e-m/nofp\libg.a(lib_a-memset.o)
                                                  objdir-CW308_STM32F4/masked_fips202.o
                                                  objdir-CW308_STM32F4/fips202.o
                                                  objdir-CW308_STM32F4/mask_main.o
                                                  d:/cw_software/chipwhisperer5_64/cw/home/portable/armgcc/bin/../lib/gcc/arm-none-eabi/10.2.1/../../../../arm-none-eabi/lib/thumb/v7e-m/nofp/crt0.o
not_mult_xor                                      objdir-CW308_STM32F4/masked_fips202.o
platform_init                                     objdir-CW308_STM32F4/stm32f4_hal.o
                                                  objdir-CW308_STM32F4/mask_main.o
pqcrystals_fips202_ref_sha3_256                   objdir-CW308_STM32F4/fips202.o
pqcrystals_fips202_ref_sha3_512                   objdir-CW308_STM32F4/fips202.o
pqcrystals_fips202_ref_shake128                   objdir-CW308_STM32F4/fips202.o
pqcrystals_fips202_ref_shake128_absorb            objdir-CW308_STM32F4/fips202.o
pqcrystals_fips202_ref_shake128_finalize          objdir-CW308_STM32F4/fips202.o
pqcrystals_fips202_ref_shake128_init              objdir-CW308_STM32F4/fips202.o
pqcrystals_fips202_ref_shake128_squeeze           objdir-CW308_STM32F4/fips202.o
pqcrystals_fips202_ref_shake128_squeezeblocks     objdir-CW308_STM32F4/fips202.o
pqcrystals_fips202_ref_shake256                   objdir-CW308_STM32F4/fips202.o
pqcrystals_fips202_ref_shake256_absorb            objdir-CW308_STM32F4/fips202.o
                                                  objdir-CW308_STM32F4/mask_main.o
pqcrystals_fips202_ref_shake256_finalize          objdir-CW308_STM32F4/fips202.o
                                                  objdir-CW308_STM32F4/mask_main.o
pqcrystals_fips202_ref_shake256_init              objdir-CW308_STM32F4/fips202.o
                                                  objdir-CW308_STM32F4/mask_main.o
pqcrystals_fips202_ref_shake256_squeeze           objdir-CW308_STM32F4/fips202.o
                                                  objdir-CW308_STM32F4/mask_main.o
pqcrystals_fips202_ref_shake256_squeezeblocks     objdir-CW308_STM32F4/fips202.o
putch                                             objdir-CW308_STM32F4/stm32f4_hal.o
                                                  objdir-CW308_STM32F4/simpleserial.o
                                                  objdir-CW308_STM32F4/mask_main.o
rand                                              d:/cw_software/chipwhisperer5_64/cw/home/portable/armgcc/bin/../lib/gcc/arm-none-eabi/10.2.1/../../../../arm-none-eabi/lib/thumb/v7e-m/nofp\libg.a(lib_a-rand.o)
                                                  objdir-CW308_STM32F4/masked_fips202.o
rand32bits                                        objdir-CW308_STM32F4/masked_fips202.o
rsbox                                             objdir-CW308_STM32F4/aes.o
sbox                                              objdir-CW308_STM32F4/aes.o
secMult                                           objdir-CW308_STM32F4/masked_fips202.o
sha3_256_masked                                   objdir-CW308_STM32F4/masked_fips202.o
sha3_512_masked                                   objdir-CW308_STM32F4/masked_fips202.o
shake128_absorb_masked                            objdir-CW308_STM32F4/masked_fips202.o
shake128_masked                                   objdir-CW308_STM32F4/masked_fips202.o
shake128_squeezeblocks_masked                     objdir-CW308_STM32F4/masked_fips202.o
shake256_absorb_masked                            objdir-CW308_STM32F4/masked_fips202.o
shake256_masked                                   objdir-CW308_STM32F4/masked_fips202.o
                                                  objdir-CW308_STM32F4/mask_main.o
shake256_squeezeblocks_masked                     objdir-CW308_STM32F4/masked_fips202.o
simpleserial_addcmd                               objdir-CW308_STM32F4/simpleserial.o
                                                  objdir-CW308_STM32F4/mask_main.o
simpleserial_get                                  objdir-CW308_STM32F4/simpleserial.o
                                                  objdir-CW308_STM32F4/mask_main.o
simpleserial_init                                 objdir-CW308_STM32F4/simpleserial.o
                                                  objdir-CW308_STM32F4/mask_main.o
simpleserial_put                                  objdir-CW308_STM32F4/simpleserial.o
                                                  objdir-CW308_STM32F4/mask_main.o
simpleserial_put1                                 objdir-CW308_STM32F4/simpleserial.o
software_init_hook                                d:/cw_software/chipwhisperer5_64/cw/home/portable/armgcc/bin/../lib/gcc/arm-none-eabi/10.2.1/../../../../arm-none-eabi/lib/thumb/v7e-m/nofp/crt0.o
srand                                             d:/cw_software/chipwhisperer5_64/cw/home/portable/armgcc/bin/../lib/gcc/arm-none-eabi/10.2.1/../../../../arm-none-eabi/lib/thumb/v7e-m/nofp\libg.a(lib_a-rand.o)
ss_crc                                            objdir-CW308_STM32F4/simpleserial.o
ss_get_commands                                   objdir-CW308_STM32F4/simpleserial.o
ss_puts                                           objdir-CW308_STM32F4/simpleserial.o
stuff_data                                        objdir-CW308_STM32F4/simpleserial.o
trigger_high                                      objdir-CW308_STM32F4/stm32f4_hal.o
                                                  objdir-CW308_STM32F4/mask_main.o
trigger_low                                       objdir-CW308_STM32F4/stm32f4_hal.o
                                                  objdir-CW308_STM32F4/mask_main.o
trigger_setup                                     objdir-CW308_STM32F4/stm32f4_hal.o
                                                  objdir-CW308_STM32F4/mask_main.o
unstuff_data                                      objdir-CW308_STM32F4/simpleserial.o
